../Core/Src/lcd.c:144:6:LCD_Display_Init	8	static
../Core/Src/lcd.c:198:9:BSP_LCD_Init	8	static
../Core/Src/lcd.c:216:10:BSP_LCD_GetXSize	4	static
../Core/Src/lcd.c:225:10:BSP_LCD_GetYSize	4	static
../Core/Src/lcd.c:235:6:BSP_LCD_SetXSize	16	static
../Core/Src/lcd.c:245:6:BSP_LCD_SetYSize	16	static
../Core/Src/lcd.c:256:6:BSP_LCD_LayerDefaultInit	16	static
../Core/Src/lcd.c:271:6:BSP_LCD_LayerRgb565Init	72	static
../Core/Src/lcd.c:304:6:BSP_LCD_SelectLayer	16	static
../Core/Src/lcd.c:318:6:BSP_LCD_SetLayerVisible	16	static
../Core/Src/lcd.c:340:6:BSP_LCD_SetLayerVisible_NoReload	16	static
../Core/Src/lcd.c:360:6:BSP_LCD_SetTransparency	16	static
../Core/Src/lcd.c:372:6:BSP_LCD_SetTransparency_NoReload	16	static
../Core/Src/lcd.c:383:6:BSP_LCD_SetLayerAddress	16	static
../Core/Src/lcd.c:394:6:BSP_LCD_SetLayerAddress_NoReload	16	static
../Core/Src/lcd.c:408:6:BSP_LCD_SetLayerWindow	24	static
../Core/Src/lcd.c:426:6:BSP_LCD_SetLayerWindow_NoReload	24	static
../Core/Src/lcd.c:441:6:BSP_LCD_SetColorKeying	16	static
../Core/Src/lcd.c:454:6:BSP_LCD_SetColorKeying_NoReload	16	static
../Core/Src/lcd.c:466:6:BSP_LCD_ResetColorKeying	16	static
../Core/Src/lcd.c:477:6:BSP_LCD_ResetColorKeying_NoReload	16	static
../Core/Src/lcd.c:490:6:BSP_LCD_Reload	16	static
../Core/Src/lcd.c:500:6:BSP_LCD_SetTextColor	16	static
../Core/Src/lcd.c:509:10:BSP_LCD_GetTextColor	4	static
../Core/Src/lcd.c:519:6:BSP_LCD_SetBackColor	16	static
../Core/Src/lcd.c:528:10:BSP_LCD_GetBackColor	4	static
../Core/Src/lcd.c:538:6:BSP_LCD_SetFont	16	static
../Core/Src/lcd.c:547:8:BSP_LCD_GetFont	4	static
../Core/Src/lcd.c:558:10:BSP_LCD_ReadPixel	32	static
../Core/Src/lcd.c:593:6:BSP_LCD_Clear	40	static
../Core/Src/lcd.c:604:6:BSP_LCD_ClearStringLine	32	static
../Core/Src/lcd.c:624:6:BSP_LCD_DisplayChar	24	static
../Core/Src/lcd.c:642:6:BSP_LCD_DisplayStringAt	48	static
../Core/Src/lcd.c:703:6:BSP_LCD_DisplayStringAtLine	16	static
../Core/Src/lcd.c:715:6:BSP_LCD_DrawHLine	40	static
../Core/Src/lcd.c:740:6:BSP_LCD_DrawVLine	48	static
../Core/Src/lcd.c:766:6:BSP_LCD_DrawLine	56	static
../Core/Src/lcd.c:841:6:BSP_LCD_DrawRect	24	static
../Core/Src/lcd.c:859:6:BSP_LCD_DrawCircle	40	static
../Core/Src/lcd.c:906:6:BSP_LCD_DrawPolygon	32	static
../Core/Src/lcd.c:934:6:BSP_LCD_DrawEllipse	64	static
../Core/Src/lcd.c:967:6:BSP_LCD_DrawPixel	24	static
../Core/Src/lcd.c:987:6:BSP_LCD_DrawBitmap	56	static
../Core/Src/lcd.c:1045:6:BSP_LCD_FillRect	48	static
../Core/Src/lcd.c:1072:6:BSP_LCD_FillCircle	32	static
../Core/Src/lcd.c:1120:6:BSP_LCD_FillPolygon	64	static
../Core/Src/lcd.c:1188:6:BSP_LCD_FillEllipse	56	static
../Core/Src/lcd.c:1218:6:BSP_LCD_DisplayOn	8	static
../Core/Src/lcd.c:1230:6:BSP_LCD_DisplayOff	8	static
../Core/Src/lcd.c:1250:13:DrawChar	40	static
../Core/Src/lcd.c:1309:13:FillTriangle	56	static
../Core/Src/lcd.c:1387:13:LL_FillBuffer	32	static
../Core/Src/lcd.c:1425:13:LL_ConvertLineToARGB8888	32	static
