../Core/Src/main.c:102:5:main	48	static
../Core/Src/main.c:189:6:SystemClock_Config	88	static
../Core/Src/main.c:245:6:PeriphCommonClock_Config	144	static
../Core/Src/main.c:272:13:MX_CRC_Init	8	static
../Core/Src/main.c:303:13:MX_I2C1_Init	8	static
../Core/Src/main.c:351:13:MX_I2C3_Init	8	static
../Core/Src/main.c:399:13:MX_LTDC_Init	64	static
../Core/Src/main.c:461:13:MX_QUADSPI_Init	8	static
../Core/Src/main.c:496:13:MX_SDMMC1_SD_Init	4	static
../Core/Src/main.c:524:13:MX_SPI2_Init	8	static
../Core/Src/main.c:564:13:MX_USART1_UART_Init	8	static
../Core/Src/main.c:599:13:MX_USART6_UART_Init	8	static
../Core/Src/main.c:632:13:MX_DMA_Init	16	static
../Core/Src/main.c:649:13:MX_FMC_Init	40	static
../Core/Src/main.c:700:13:MX_GPIO_Init	72	static
../Core/Src/main.c:983:6:StartDefaultTask	16	static
../Core/Src/main.c:1006:6:HAL_TIM_PeriodElapsedCallback	16	static
../Core/Src/main.c:1023:6:Error_Handler	4	static,ignoring_inline_asm
