../Core/Src/main.c:108:5:main	48	static
../Core/Src/main.c:196:6:SystemClock_Config	88	static
../Core/Src/main.c:252:6:PeriphCommonClock_Config	144	static
../Core/Src/main.c:279:13:MX_CRC_Init	8	static
../Core/Src/main.c:310:13:MX_DMA2D_Init	8	static
../Core/Src/main.c:347:13:MX_I2C1_Init	8	static
../Core/Src/main.c:395:13:MX_I2C3_Init	8	static
../Core/Src/main.c:443:13:MX_LTDC_Init	64	static
../Core/Src/main.c:505:13:MX_QUADSPI_Init	8	static
../Core/Src/main.c:540:13:MX_SDMMC1_SD_Init	4	static
../Core/Src/main.c:568:13:MX_SPI2_Init	8	static
../Core/Src/main.c:608:13:MX_USART1_UART_Init	8	static
../Core/Src/main.c:643:13:MX_USART6_UART_Init	8	static
../Core/Src/main.c:676:13:MX_DMA_Init	16	static
../Core/Src/main.c:693:13:MX_FMC_Init	40	static
../Core/Src/main.c:744:13:MX_GPIO_Init	72	static
../Core/Src/main.c:1024:6:StartDefaultTask	24	static
../Core/Src/main.c:1065:6:HAL_TIM_PeriodElapsedCallback	16	static
../Core/Src/main.c:1082:6:Error_Handler	4	static,ignoring_inline_asm
