../Core/Src/stm32f7xx_hal_msp.c:66:6:HAL_MspInit	16	static
../Core/Src/stm32f7xx_hal_msp.c:90:6:HAL_CRC_MspInit	24	static
../Core/Src/stm32f7xx_hal_msp.c:112:6:HAL_CRC_MspDeInit	16	static
../Core/Src/stm32f7xx_hal_msp.c:134:6:HAL_I2C_MspInit	184	static
../Core/Src/stm32f7xx_hal_msp.c:213:6:HAL_I2C_MspDeInit	16	static
../Core/Src/stm32f7xx_hal_msp.c:264:6:HAL_LTDC_MspInit	64	static
../Core/Src/stm32f7xx_hal_msp.c:365:6:HAL_LTDC_MspDeInit	16	static
../Core/Src/stm32f7xx_hal_msp.c:434:6:HAL_QSPI_MspInit	56	static
../Core/Src/stm32f7xx_hal_msp.c:497:6:HAL_QSPI_MspDeInit	16	static
../Core/Src/stm32f7xx_hal_msp.c:534:6:HAL_SD_MspInit	48	static
../Core/Src/stm32f7xx_hal_msp.c:629:6:HAL_SD_MspDeInit	16	static
../Core/Src/stm32f7xx_hal_msp.c:671:6:HAL_SPI_MspInit	48	static
../Core/Src/stm32f7xx_hal_msp.c:716:6:HAL_SPI_MspDeInit	16	static
../Core/Src/stm32f7xx_hal_msp.c:748:6:HAL_UART_MspInit	192	static
../Core/Src/stm32f7xx_hal_msp.c:837:6:HAL_UART_MspDeInit	16	static
../Core/Src/stm32f7xx_hal_msp.c:882:13:HAL_FMC_MspInit	32	static
../Core/Src/stm32f7xx_hal_msp.c:988:6:HAL_SDRAM_MspInit	16	static
../Core/Src/stm32f7xx_hal_msp.c:1000:13:HAL_FMC_MspDeInit	8	static
../Core/Src/stm32f7xx_hal_msp.c:1074:6:HAL_SDRAM_MspDeInit	16	static
