Archive member included to satisfy reference by file (symbol)

d:/3.tools/arm_gcc_toolchain/bin/../lib/gcc/arm-none-eabi/10.3.1/../../../../arm-none-eabi/lib/thumb/v7e-m+fp/hard\libc_nano.a(lib_a-exit.o)
                              d:/3.tools/arm_gcc_toolchain/bin/../lib/gcc/arm-none-eabi/10.3.1/../../../../arm-none-eabi/lib/thumb/v7e-m+fp/hard/crt0.o (exit)
d:/3.tools/arm_gcc_toolchain/bin/../lib/gcc/arm-none-eabi/10.3.1/../../../../arm-none-eabi/lib/thumb/v7e-m+fp/hard\libc_nano.a(lib_a-impure.o)
                              d:/3.tools/arm_gcc_toolchain/bin/../lib/gcc/arm-none-eabi/10.3.1/../../../../arm-none-eabi/lib/thumb/v7e-m+fp/hard\libc_nano.a(lib_a-exit.o) (_global_impure_ptr)
d:/3.tools/arm_gcc_toolchain/bin/../lib/gcc/arm-none-eabi/10.3.1/../../../../arm-none-eabi/lib/thumb/v7e-m+fp/hard\libc_nano.a(lib_a-init.o)
                              d:/3.tools/arm_gcc_toolchain/bin/../lib/gcc/arm-none-eabi/10.3.1/../../../../arm-none-eabi/lib/thumb/v7e-m+fp/hard/crt0.o (__libc_init_array)
d:/3.tools/arm_gcc_toolchain/bin/../lib/gcc/arm-none-eabi/10.3.1/../../../../arm-none-eabi/lib/thumb/v7e-m+fp/hard\libc_nano.a(lib_a-malloc.o)
                              build/usbd_msc.o (malloc)
d:/3.tools/arm_gcc_toolchain/bin/../lib/gcc/arm-none-eabi/10.3.1/../../../../arm-none-eabi/lib/thumb/v7e-m+fp/hard\libc_nano.a(lib_a-memcpy-stub.o)
                              build/queue.o (memcpy)
d:/3.tools/arm_gcc_toolchain/bin/../lib/gcc/arm-none-eabi/10.3.1/../../../../arm-none-eabi/lib/thumb/v7e-m+fp/hard\libc_nano.a(lib_a-memset.o)
                              d:/3.tools/arm_gcc_toolchain/bin/../lib/gcc/arm-none-eabi/10.3.1/../../../../arm-none-eabi/lib/thumb/v7e-m+fp/hard/crt0.o (memset)
d:/3.tools/arm_gcc_toolchain/bin/../lib/gcc/arm-none-eabi/10.3.1/../../../../arm-none-eabi/lib/thumb/v7e-m+fp/hard\libc_nano.a(lib_a-nano-freer.o)
                              d:/3.tools/arm_gcc_toolchain/bin/../lib/gcc/arm-none-eabi/10.3.1/../../../../arm-none-eabi/lib/thumb/v7e-m+fp/hard\libc_nano.a(lib_a-malloc.o) (_free_r)
d:/3.tools/arm_gcc_toolchain/bin/../lib/gcc/arm-none-eabi/10.3.1/../../../../arm-none-eabi/lib/thumb/v7e-m+fp/hard\libc_nano.a(lib_a-nano-mallocr.o)
                              d:/3.tools/arm_gcc_toolchain/bin/../lib/gcc/arm-none-eabi/10.3.1/../../../../arm-none-eabi/lib/thumb/v7e-m+fp/hard\libc_nano.a(lib_a-malloc.o) (_malloc_r)
d:/3.tools/arm_gcc_toolchain/bin/../lib/gcc/arm-none-eabi/10.3.1/../../../../arm-none-eabi/lib/thumb/v7e-m+fp/hard\libc_nano.a(lib_a-reent.o)
                              build/tasks.o (_reclaim_reent)
d:/3.tools/arm_gcc_toolchain/bin/../lib/gcc/arm-none-eabi/10.3.1/../../../../arm-none-eabi/lib/thumb/v7e-m+fp/hard\libc_nano.a(lib_a-sbrkr.o)
                              d:/3.tools/arm_gcc_toolchain/bin/../lib/gcc/arm-none-eabi/10.3.1/../../../../arm-none-eabi/lib/thumb/v7e-m+fp/hard\libc_nano.a(lib_a-nano-mallocr.o) (_sbrk_r)
d:/3.tools/arm_gcc_toolchain/bin/../lib/gcc/arm-none-eabi/10.3.1/../../../../arm-none-eabi/lib/thumb/v7e-m+fp/hard\libc_nano.a(lib_a-sprintf.o)
                              build/touch.o (sprintf)
d:/3.tools/arm_gcc_toolchain/bin/../lib/gcc/arm-none-eabi/10.3.1/../../../../arm-none-eabi/lib/thumb/v7e-m+fp/hard\libc_nano.a(lib_a-mlock.o)
                              d:/3.tools/arm_gcc_toolchain/bin/../lib/gcc/arm-none-eabi/10.3.1/../../../../arm-none-eabi/lib/thumb/v7e-m+fp/hard\libc_nano.a(lib_a-nano-freer.o) (__malloc_lock)
d:/3.tools/arm_gcc_toolchain/bin/../lib/gcc/arm-none-eabi/10.3.1/../../../../arm-none-eabi/lib/thumb/v7e-m+fp/hard\libc_nano.a(lib_a-nano-svfprintf.o)
                              d:/3.tools/arm_gcc_toolchain/bin/../lib/gcc/arm-none-eabi/10.3.1/../../../../arm-none-eabi/lib/thumb/v7e-m+fp/hard\libc_nano.a(lib_a-sprintf.o) (_svfprintf_r)
d:/3.tools/arm_gcc_toolchain/bin/../lib/gcc/arm-none-eabi/10.3.1/../../../../arm-none-eabi/lib/thumb/v7e-m+fp/hard\libc_nano.a(lib_a-nano-vfprintf_i.o)
                              d:/3.tools/arm_gcc_toolchain/bin/../lib/gcc/arm-none-eabi/10.3.1/../../../../arm-none-eabi/lib/thumb/v7e-m+fp/hard\libc_nano.a(lib_a-nano-svfprintf.o) (_printf_i)
d:/3.tools/arm_gcc_toolchain/bin/../lib/gcc/arm-none-eabi/10.3.1/../../../../arm-none-eabi/lib/thumb/v7e-m+fp/hard\libc_nano.a(lib_a-lock.o)
                              d:/3.tools/arm_gcc_toolchain/bin/../lib/gcc/arm-none-eabi/10.3.1/../../../../arm-none-eabi/lib/thumb/v7e-m+fp/hard\libc_nano.a(lib_a-mlock.o) (__retarget_lock_acquire_recursive)
d:/3.tools/arm_gcc_toolchain/bin/../lib/gcc/arm-none-eabi/10.3.1/../../../../arm-none-eabi/lib/thumb/v7e-m+fp/hard\libc_nano.a(lib_a-memchr.o)
                              d:/3.tools/arm_gcc_toolchain/bin/../lib/gcc/arm-none-eabi/10.3.1/../../../../arm-none-eabi/lib/thumb/v7e-m+fp/hard\libc_nano.a(lib_a-nano-svfprintf.o) (memchr)
d:/3.tools/arm_gcc_toolchain/bin/../lib/gcc/arm-none-eabi/10.3.1/../../../../arm-none-eabi/lib/thumb/v7e-m+fp/hard\libc_nano.a(lib_a-memmove.o)
[...]
Memory Configuration

Name             Origin             Length             Attributes
RAM              0x20000000         0x00050000         xrw
FLASH            0x08000000         0x00100000         xr
*default*        0x00000000         0xffffffff

Linker script and memory map

LOAD d:/3.tools/arm_gcc_toolchain/bin/../lib/gcc/arm-none-eabi/10.3.1/thumb/v7e-m+fp/hard/crti.o
LOAD d:/3.tools/arm_gcc_toolchain/bin/../lib/gcc/arm-none-eabi/10.3.1/thumb/v7e-m+fp/hard/crtbegin.o
LOAD d:/3.tools/arm_gcc_toolchain/bin/../lib/gcc/arm-none-eabi/10.3.1/../../../../arm-none-eabi/lib/thumb/v7e-m+fp/hard/crt0.o
LOAD build/ft5336.o
LOAD build/main.o
LOAD build/freertos.o
LOAD build/stm32f7xx_it.o
LOAD build/stm32f7xx_hal_msp.o
LOAD build/stm32f7xx_hal_timebase_tim.o
LOAD build/lcd.o
LOAD build/sdram.o
LOAD build/touch.o
LOAD build/stm32746g_discovery.o
LOAD build/logo.o
LOAD build/music.o
LOAD build/bsp_driver_sd.o
LOAD build/sd_diskio.o
LOAD build/fatfs_platform.o
LOAD build/fatfs.o
LOAD build/usb_device.o
LOAD build/usbd_desc.o
LOAD build/usbd_storage_if.o
LOAD build/usbd_conf.o
LOAD build/stm32f7xx_hal_pcd.o
LOAD build/stm32f7xx_hal_pcd_ex.o
LOAD build/stm32f7xx_ll_usb.o
LOAD build/stm32f7xx_hal_rcc.o
LOAD build/stm32f7xx_hal_rcc_ex.o
LOAD build/stm32f7xx_hal_flash.o
LOAD build/stm32f7xx_hal_flash_ex.o
LOAD build/stm32f7xx_hal_gpio.o
LOAD build/stm32f7xx_hal_dma.o
LOAD build/stm32f7xx_hal_dma_ex.o
LOAD build/stm32f7xx_hal_pwr.o
LOAD build/stm32f7xx_hal_pwr_ex.o
LOAD build/stm32f7xx_hal_cortex.o
LOAD build/stm32f7xx_hal.o
LOAD build/stm32f7xx_hal_i2c.o
LOAD build/stm32f7xx_hal_i2c_ex.o
LOAD build/stm32f7xx_hal_exti.o
LOAD build/stm32f7xx_hal_crc.o
LOAD build/stm32f7xx_hal_crc_ex.o
LOAD build/stm32f7xx_ll_fmc.o
LOAD build/stm32f7xx_hal_sdram.o
LOAD build/stm32f7xx_hal_ltdc.o
LOAD build/stm32f7xx_hal_ltdc_ex.o
LOAD build/stm32f7xx_hal_dsi.o
LOAD build/stm32f7xx_hal_qspi.o
LOAD build/stm32f7xx_ll_sdmmc.o
LOAD build/stm32f7xx_hal_sd.o
LOAD build/stm32f7xx_hal_spi.o
LOAD build/stm32f7xx_hal_spi_ex.o
LOAD build/stm32f7xx_hal_tim.o
LOAD build/stm32f7xx_hal_tim_ex.o
LOAD build/stm32f7xx_hal_uart.o
LOAD build/stm32f7xx_hal_uart_ex.o
LOAD build/system_stm32f7xx.o
LOAD build/diskio.o
LOAD build/ff.o
LOAD build/ff_gen_drv.o
LOAD build/syscall.o
LOAD build/ccsbcs.o
LOAD build/croutine.o
LOAD build/event_groups.o
LOAD build/list.o
LOAD build/queue.o
LOAD build/stream_buffer.o
LOAD build/tasks.o
LOAD build/timers.o
LOAD build/cmsis_os.o
LOAD build/heap_4.o
LOAD build/port.o
LOAD build/usbd_core.o
LOAD build/usbd_ctlreq.o
LOAD build/usbd_ioreq.o
LOAD build/usbd_msc.o
LOAD build/usbd_msc_bot.o
LOAD build/usbd_msc_data.o
LOAD build/usbd_msc_scsi.o
LOAD build/stm32f7xx_hal_dma2d.o
LOAD build/startup_stm32f746xx.o
LOAD d:/3.tools/arm_gcc_toolchain/bin/../lib/gcc/arm-none-eabi/10.3.1/../../../../arm-none-eabi/lib/thumb/v7e-m+fp/hard\libc_nano.a
LOAD d:/3.tools/arm_gcc_toolchain/bin/../lib/gcc/arm-none-eabi/10.3.1/../../../../arm-none-eabi/lib/thumb/v7e-m+fp/hard\libm.a
LOAD d:/3.tools/arm_gcc_toolchain/bin/../lib/gcc/arm-none-eabi/10.3.1/../../../../arm-none-eabi/lib/thumb/v7e-m+fp/hard\libnosys.a
START GROUP
LOAD d:/3.tools/arm_gcc_toolchain/bin/../lib/gcc/arm-none-eabi/10.3.1/thumb/v7e-m+fp/hard\libgcc.a
LOAD d:/3.tools/arm_gcc_toolchain/bin/../lib/gcc/arm-none-eabi/10.3.1/../../../../arm-none-eabi/lib/thumb/v7e-m+fp/hard\libc_nano.a
END GROUP
START GROUP
LOAD d:/3.tools/arm_gcc_toolchain/bin/../lib/gcc/arm-none-eabi/10.3.1/thumb/v7e-m+fp/hard\libgcc.a
LOAD d:/3.tools/arm_gcc_toolchain/bin/../lib/gcc/arm-none-eabi/10.3.1/../../../../arm-none-eabi/lib/thumb/v7e-m+fp/hard\libc_nano.a
END GROUP
LOAD d:/3.tools/arm_gcc_toolchain/bin/../lib/gcc/arm-none-eabi/10.3.1/thumb/v7e-m+fp/hard/crtend.o
LOAD d:/3.tools/arm_gcc_toolchain/bin/../lib/gcc/arm-none-eabi/10.3.1/thumb/v7e-m+fp/hard/crtn.o
                0x20050000                _estack = (ORIGIN (RAM) + LENGTH (RAM))
                0x00000200                _Min_Heap_Size = 0x200
                0x00000400                _Min_Stack_Size = 0x400

.isr_vector     0x08000000      0x1c8
                0x08000000                . = ALIGN (0x4)
 *(.isr_vector)
 .isr_vector    0x08000000      0x1c8 build/startup_stm32f746xx.o
                0x08000000                g_pfnVectors
                0x080001c8                . = ALIGN (0x4)

.text           0x080001d0    0x19218
                0x080001d0                . = ALIGN (0x4)
 *(.text)
 .text          0x080001d0       0x40 d:/3.tools/arm_gcc_toolchain/bin/../lib/gcc/arm-none-eabi/10.3.1/thumb/v7e-m+fp/hard/crtbegin.o
 .text          0x08000210       0xa0 d:/3.tools/arm_gcc_toolchain/bin/../lib/gcc/arm-none-eabi/10.3.1/../../../../arm-none-eabi/lib/thumb/v7e-m+fp/hard\libc_nano.a(lib_a-memchr.o)
                0x08000210                memchr
 .text          0x080002b0       0x30 d:/3.tools/arm_gcc_toolchain/bin/../lib/gcc/arm-none-eabi/10.3.1/thumb/v7e-m+fp/hard\libgcc.a(_aeabi_uldivmod.o)
                0x080002b0                __aeabi_uldivmod
 .text          0x080002e0      0x2d0 d:/3.tools/arm_gcc_toolchain/bin/../lib/gcc/arm-none-eabi/10.3.1/thumb/v7e-m+fp/hard\libgcc.a(_udivmoddi4.o)
                0x080002e0                __udivmoddi4
 .text          0x080005b0        0x4 d:/3.tools/arm_gcc_toolchain/bin/../lib/gcc/arm-none-eabi/10.3.1/thumb/v7e-m+fp/hard\libgcc.a(_dvmd_tls.o)
                0x080005b0                __aeabi_idiv0
                0x080005b0                __aeabi_ldiv0
 *(.text*)
 .text.ft5336_Init
                0x080005b4       0x1c build/ft5336.o
                0x080005b4                ft5336_Init
 .text.ft5336_Reset
                0x080005d0       0x16 build/ft5336.o
                0x080005d0                ft5336_Reset
 .text.ft5336_ReadID
                0x080005e6       0x5c build/ft5336.o
                0x080005e6                ft5336_ReadID
 .text.ft5336_TS_Start
                0x08000642       0x22 build/ft5336.o
                0x08000642                ft5336_TS_Start
 .text.ft5336_TS_DetectTouch
                0x08000664       0x54 build/ft5336.o
                0x08000664                ft5336_TS_DetectTouch
 .text.ft5336_TS_GetXY
                0x080006b8      0x1e0 build/ft5336.o
                0x080006b8                ft5336_TS_GetXY
 .text.ft5336_TS_EnableIT
                0x08000898       0x28 build/ft5336.o
                0x08000898                ft5336_TS_EnableIT
 .text.ft5336_TS_DisableIT
                0x080008c0       0x28 build/ft5336.o
                0x080008c0                ft5336_TS_DisableIT
 .text.ft5336_TS_ITStatus
                0x080008e8       0x18 build/ft5336.o
                0x080008e8                ft5336_TS_ITStatus
 .text.ft5336_TS_ClearIT
                0x08000900       0x16 build/ft5336.o
                0x08000900                ft5336_TS_ClearIT
 .text.ft5336_TS_GetGestureID
                0x08000916       0x32 build/ft5336.o
                0x08000916                ft5336_TS_GetGestureID
 .text.ft5336_TS_GetTouchInfo
                0x08000948      0x15c build/ft5336.o
                0x08000948                ft5336_TS_GetTouchInfo
 .text.ft5336_Get_I2C_InitializedStatus
                0x08000aa4       0x18 build/ft5336.o
 .text.ft5336_I2C_InitializeIfRequired
                0x08000abc       0x20 build/ft5336.o
 .text.ft5336_TS_Configure
                0x08000adc       0x1c build/ft5336.o
 .text.main     0x08000af8       0x7c build/main.o
                0x08000af8                main
 .text.SystemClock_Config
                0x08000b74       0xe0 build/main.o
                0x08000b74                SystemClock_Config
 .text.PeriphCommonClock_Config
                0x08000c54       0x60 build/main.o
                0x08000c54                PeriphCommonClock_Config
 .text.MX_CRC_Init
                0x08000cb4       0x44 build/main.o
 .text.MX_DMA2D_Init
                0x08000cf8       0x64 build/main.o
 .text.MX_I2C1_Init
                0x08000d5c       0x80 build/main.o
 .text.MX_I2C3_Init
                0x08000ddc       0x80 build/main.o
 .text.MX_LTDC_Init
                0x08000e5c      0x104 build/main.o
 .text.MX_QUADSPI_Init
                0x08000f60       0x58 build/main.o
 .text.MX_SDMMC1_SD_Init
                0x08000fb8       0x40 build/main.o
 .text.MX_SPI2_Init
                0x08000ff8       0x7c build/main.o
 .text.MX_USART1_UART_Init
                0x08001074       0x60 build/main.o
 .text.MX_USART6_UART_Init
                0x080010d4       0x60 build/main.o
 .text.MX_DMA_Init
                0x08001134       0x4c build/main.o
 .text.MX_FMC_Init
                0x08001180       0xa0 build/main.o
 .text.MX_GPIO_Init
                0x08001220      0x570 build/main.o
 .text.StartDefaultTask
                0x08001790       0x44 build/main.o
                0x08001790                StartDefaultTask
 .text.HAL_TIM_PeriodElapsedCallback
                0x080017d4       0x24 build/main.o
                0x080017d4                HAL_TIM_PeriodElapsedCallback
 .text.Error_Handler
                0x080017f8        0xa build/main.o
                0x080017f8                Error_Handler
 .text.vApplicationIdleHook
                0x08001802        0xe build/freertos.o
                0x08001802                vApplicationIdleHook
 .text.vApplicationStackOverflowHook
                0x08001810       0x16 build/freertos.o
                0x08001810                vApplicationStackOverflowHook
 .text.vApplicationMallocFailedHook
                0x08001826        0xe build/freertos.o
                0x08001826                vApplicationMallocFailedHook
 .text.vApplicationGetIdleTaskMemory
                0x08001834       0x34 build/freertos.o
                0x08001834                vApplicationGetIdleTaskMemory
 .text.NMI_Handler
                0x08001868        0x6 build/stm32f7xx_it.o
                0x08001868                NMI_Handler
 .text.HardFault_Handler
                0x0800186e        0x6 build/stm32f7xx_it.o
                0x0800186e                HardFault_Handler
 .text.MemManage_Handler
                0x08001874        0x6 build/stm32f7xx_it.o
                0x08001874                MemManage_Handler
 .text.BusFault_Handler
                0x0800187a        0x6 build/stm32f7xx_it.o
                0x0800187a                BusFault_Handler
 .text.UsageFault_Handler
                0x08001880        0x6 build/stm32f7xx_it.o
                0x08001880                UsageFault_Handler
 .text.DebugMon_Handler
                0x08001886        0xe build/stm32f7xx_it.o
                0x08001886                DebugMon_Handler
 .text.SDMMC1_IRQHandler
                0x08001894       0x14 build/stm32f7xx_it.o
                0x08001894                SDMMC1_IRQHandler
 .text.TIM6_DAC_IRQHandler
                0x080018a8       0x14 build/stm32f7xx_it.o
                0x080018a8                TIM6_DAC_IRQHandler
 .text.DMA2_Stream3_IRQHandler
                0x080018bc       0x14 build/stm32f7xx_it.o
                0x080018bc                DMA2_Stream3_IRQHandler
 .text.DMA2_Stream6_IRQHandler
                0x080018d0       0x14 build/stm32f7xx_it.o
                0x080018d0                DMA2_Stream6_IRQHandler
 .text.OTG_HS_IRQHandler
                0x080018e4       0x14 build/stm32f7xx_it.o
                0x080018e4                OTG_HS_IRQHandler
 .text.LTDC_IRQHandler
                0x080018f8       0x14 build/stm32f7xx_it.o
                0x080018f8                LTDC_IRQHandler
 .text.DMA2D_IRQHandler
                0x0800190c       0x14 build/stm32f7xx_it.o
                0x0800190c                DMA2D_IRQHandler
 .text.DMA2_Stream0_IRQHandler
                0x08001920       0x18 build/stm32f7xx_it.o
                0x08001920                DMA2_Stream0_IRQHandler
 .text.HAL_MspInit
                0x08001938       0x50 build/stm32f7xx_hal_msp.o
                0x08001938                HAL_MspInit
 .text.HAL_CRC_MspInit
                0x08001988       0x40 build/stm32f7xx_hal_msp.o
                0x08001988                HAL_CRC_MspInit
 .text.HAL_DMA2D_MspInit
                0x080019c8       0x4c build/stm32f7xx_hal_msp.o
                0x080019c8                HAL_DMA2D_MspInit
 .text.HAL_I2C_MspInit
                0x08001a14      0x150 build/stm32f7xx_hal_msp.o
                0x08001a14                HAL_I2C_MspInit
 .text.HAL_I2C_MspDeInit
                0x08001b64       0x78 build/stm32f7xx_hal_msp.o
                0x08001b64                HAL_I2C_MspDeInit
 .text.HAL_LTDC_MspInit
                0x08001bdc      0x190 build/stm32f7xx_hal_msp.o
                0x08001bdc                HAL_LTDC_MspInit
 .text.HAL_QSPI_MspInit
                0x08001d6c      0x120 build/stm32f7xx_hal_msp.o
                0x08001d6c                HAL_QSPI_MspInit
 .text.HAL_SD_MspInit
                0x08001e8c      0x1d8 build/stm32f7xx_hal_msp.o
                0x08001e8c                HAL_SD_MspInit
 .text.HAL_SPI_MspInit
                0x08002064       0xc4 build/stm32f7xx_hal_msp.o
                0x08002064                HAL_SPI_MspInit
 .text.HAL_UART_MspInit
                0x08002128      0x190 build/stm32f7xx_hal_msp.o
                0x08002128                HAL_UART_MspInit
 .text.HAL_FMC_MspInit
                0x080022b8      0x1a4 build/stm32f7xx_hal_msp.o
 .text.HAL_SDRAM_MspInit
                0x0800245c       0x14 build/stm32f7xx_hal_msp.o
                0x0800245c                HAL_SDRAM_MspInit
 .text.HAL_InitTick
                0x08002470       0xf4 build/stm32f7xx_hal_timebase_tim.o
                0x08002470                HAL_InitTick
 .text.LCD_Display_Init
                0x08002564      0x1e8 build/lcd.o
                0x08002564                LCD_Display_Init
 .text.BSP_LCD_Init
                0x0800274c       0x34 build/lcd.o
                0x0800274c                BSP_LCD_Init
 .text.BSP_LCD_GetXSize
                0x08002780       0x28 build/lcd.o
                0x08002780                BSP_LCD_GetXSize
 .text.BSP_LCD_GetYSize
                0x080027a8       0x28 build/lcd.o
                0x080027a8                BSP_LCD_GetYSize
 .text.BSP_LCD_LayerDefaultInit
                0x080027d0       0x64 build/lcd.o
                0x080027d0                BSP_LCD_LayerDefaultInit
 .text.BSP_LCD_SelectLayer
                0x08002834       0x20 build/lcd.o
                0x08002834                BSP_LCD_SelectLayer
 .text.BSP_LCD_SetLayerAddress
                0x08002854       0x20 build/lcd.o
                0x08002854                BSP_LCD_SetLayerAddress
 .text.BSP_LCD_SetTextColor
                0x08002874       0x30 build/lcd.o
                0x08002874                BSP_LCD_SetTextColor
 .text.BSP_LCD_SetBackColor
                0x080028a4       0x34 build/lcd.o
                0x080028a4                BSP_LCD_SetBackColor
 .text.BSP_LCD_SetFont
                0x080028d8       0x34 build/lcd.o
                0x080028d8                BSP_LCD_SetFont
 .text.BSP_LCD_Clear
                0x0800290c       0x50 build/lcd.o
                0x0800290c                BSP_LCD_Clear
 .text.BSP_LCD_DisplayChar
                0x0800295c       0x88 build/lcd.o
                0x0800295c                BSP_LCD_DisplayChar
 .text.BSP_LCD_DisplayStringAt
                0x080029e4      0x190 build/lcd.o
                0x080029e4                BSP_LCD_DisplayStringAt
 .text.BSP_LCD_DrawHLine
                0x08002b74       0xbc build/lcd.o
                0x08002b74                BSP_LCD_DrawHLine
 .text.BSP_LCD_DrawVLine
                0x08002c30       0xc4 build/lcd.o
                0x08002c30                BSP_LCD_DrawVLine
 .text.BSP_LCD_DrawPixel
                0x08002cf4       0x90 build/lcd.o
                0x08002cf4                BSP_LCD_DrawPixel
 .text.BSP_LCD_FillRect
                0x08002d84       0xf4 build/lcd.o
                0x08002d84                BSP_LCD_FillRect
 .text.DrawChar
                0x08002e78      0x170 build/lcd.o
 .text.LL_FillBuffer
                0x08002fe8       0x98 build/lcd.o
 .text.BSP_SDRAM_Init
                0x08003080       0x12 build/sdram.o
                0x08003080                BSP_SDRAM_Init
 *fill*         0x08003092        0x2 
 .text.BSP_SDRAM_Initialization_sequence
                0x08003094       0xc0 build/sdram.o
                0x08003094                BSP_SDRAM_Initialization_sequence
 .text.Touch_Operation
                0x08003154       0xc8 build/touch.o
                0x08003154                Touch_Operation
 .text.Touch_Select_Zone
                0x0800321c       0xc0 build/touch.o
 .text.Touch_Display_Zone
                0x080032dc      0x1ea build/touch.o
 *fill*         0x080034c6        0x2 
 .text.BSP_TS_Init
                0x080034c8       0x80 build/touch.o
                0x080034c8                BSP_TS_Init
 .text.BSP_TS_GetState
                0x08003548      0x374 build/touch.o
                0x08003548                BSP_TS_GetState
 .text.BSP_TS_Get_GestureId
                0x080038bc      0x104 build/touch.o
                0x080038bc                BSP_TS_Get_GestureId
 .text.I2Cx_MspInit
                0x080039c0      0x160 build/stm32746g_discovery.o
 .text.I2Cx_Init
                0x08003b20       0x78 build/stm32746g_discovery.o
 .text.I2Cx_ReadMultiple
                0x08003b98       0x5a build/stm32746g_discovery.o
 .text.I2Cx_WriteMultiple
                0x08003bf2       0x5a build/stm32746g_discovery.o
 .text.I2Cx_Error
                0x08003c4c       0x20 build/stm32746g_discovery.o
 .text.TS_IO_Init
                0x08003c6c       0x14 build/stm32746g_discovery.o
                0x08003c6c                TS_IO_Init
 .text.TS_IO_Write
                0x08003c80       0x34 build/stm32746g_discovery.o
                0x08003c80                TS_IO_Write
 .text.TS_IO_Read
                0x08003cb4       0x3c build/stm32746g_discovery.o
                0x08003cb4                TS_IO_Read
 .text.TS_IO_Delay
                0x08003cf0       0x16 build/stm32746g_discovery.o
                0x08003cf0                TS_IO_Delay
 *fill*         0x08003d06        0x2 
 .text.Music_SdCard_Init
                0x08003d08       0x1c build/music.o
                0x08003d08                Music_SdCard_Init
 .text.Music_File_Read
                0x08003d24       0xc0 build/music.o
                0x08003d24                Music_File_Read
 .text.BSP_SD_Init
                0x08003de4       0x4c build/bsp_driver_sd.o
                0x08003de4                BSP_SD_Init
 .text.BSP_SD_ReadBlocks_DMA
                0x08003e30       0x34 build/bsp_driver_sd.o
                0x08003e30                BSP_SD_ReadBlocks_DMA
 .text.BSP_SD_WriteBlocks_DMA
                0x08003e64       0x34 build/bsp_driver_sd.o
                0x08003e64                BSP_SD_WriteBlocks_DMA
 .text.BSP_SD_GetCardState
                0x08003e98       0x20 build/bsp_driver_sd.o
                0x08003e98                BSP_SD_GetCardState
 .text.BSP_SD_GetCardInfo
                0x08003eb8       0x1c build/bsp_driver_sd.o
                0x08003eb8                BSP_SD_GetCardInfo
 .text.HAL_SD_AbortCallback
                0x08003ed4       0x14 build/bsp_driver_sd.o
                0x08003ed4                HAL_SD_AbortCallback
 .text.HAL_SD_TxCpltCallback
                0x08003ee8       0x14 build/bsp_driver_sd.o
                0x08003ee8                HAL_SD_TxCpltCallback
 .text.HAL_SD_RxCpltCallback
                0x08003efc       0x14 build/bsp_driver_sd.o
                0x08003efc                HAL_SD_RxCpltCallback
 .text.BSP_SD_AbortCallback
                0x08003f10        0xe build/bsp_driver_sd.o
                0x08003f10                BSP_SD_AbortCallback
 .text.BSP_SD_IsDetected
                0x08003f1e       0x24 build/bsp_driver_sd.o
                0x08003f1e                BSP_SD_IsDetected
 .text.SD_CheckStatusWithTimeout
                0x08003f42       0x3a build/sd_diskio.o
 .text.SD_CheckStatus
                0x08003f7c       0x3c build/sd_diskio.o
 .text.SD_initialize
                0x08003fb8       0x98 build/sd_diskio.o
                0x08003fb8                SD_initialize
 .text.SD_status
                0x08004050       0x1c build/sd_diskio.o
                0x08004050                SD_status
 .text.SD_read  0x0800406c       0x9c build/sd_diskio.o
                0x0800406c                SD_read
 .text.SD_write
                0x08004108       0x94 build/sd_diskio.o
                0x08004108                SD_write
 .text.SD_ioctl
                0x0800419c       0xb0 build/sd_diskio.o
                0x0800419c                SD_ioctl
 .text.BSP_SD_WriteCpltCallback
                0x0800424c       0x1c build/sd_diskio.o
                0x0800424c                BSP_SD_WriteCpltCallback
 .text.BSP_SD_ReadCpltCallback
                0x08004268       0x1c build/sd_diskio.o
                0x08004268                BSP_SD_ReadCpltCallback
 .text.BSP_PlatformIsDetected
                0x08004284       0x2c build/fatfs_platform.o
                0x08004284                BSP_PlatformIsDetected
 .text.MX_FATFS_Init
                0x080042b0       0x24 build/fatfs.o
                0x080042b0                MX_FATFS_Init
 .text.MX_USB_DEVICE_Init
                0x080042d4       0x60 build/usb_device.o
                0x080042d4                MX_USB_DEVICE_Init
 .text.USBD_HS_DeviceDescriptor
                0x08004334       0x24 build/usbd_desc.o
                0x08004334                USBD_HS_DeviceDescriptor
 .text.USBD_HS_LangIDStrDescriptor
                0x08004358       0x24 build/usbd_desc.o
                0x08004358                USBD_HS_LangIDStrDescriptor
 .text.USBD_HS_ProductStrDescriptor
                0x0800437c       0x3c build/usbd_desc.o
                0x0800437c                USBD_HS_ProductStrDescriptor
 .text.USBD_HS_ManufacturerStrDescriptor
                0x080043b8       0x28 build/usbd_desc.o
                0x080043b8                USBD_HS_ManufacturerStrDescriptor
 .text.USBD_HS_SerialStrDescriptor
                0x080043e0       0x24 build/usbd_desc.o
                0x080043e0                USBD_HS_SerialStrDescriptor
 .text.USBD_HS_ConfigStrDescriptor
                0x08004404       0x3c build/usbd_desc.o
                0x08004404                USBD_HS_ConfigStrDescriptor
 .text.USBD_HS_InterfaceStrDescriptor
                0x08004440       0x3c build/usbd_desc.o
                0x08004440                USBD_HS_InterfaceStrDescriptor
 .text.USBD_HS_USR_BOSDescriptor
                0x0800447c       0x24 build/usbd_desc.o
                0x0800447c                USBD_HS_USR_BOSDescriptor
 .text.Get_SerialNum
                0x080044a0       0x58 build/usbd_desc.o
 .text.IntToUnicode
                0x080044f8       0x7e build/usbd_desc.o
 .text.STORAGE_Init_HS
                0x08004576       0x22 build/usbd_storage_if.o
 .text.STORAGE_GetCapacity_HS
                0x08004598       0x4a build/usbd_storage_if.o
 *fill*         0x080045e2        0x2 
 .text.STORAGE_IsReady_HS
                0x080045e4       0x5c build/usbd_storage_if.o
 .text.STORAGE_IsWriteProtected_HS
                0x08004640       0x18 build/usbd_storage_if.o
 .text.STORAGE_Read_HS
                0x08004658       0x4a build/usbd_storage_if.o
 .text.STORAGE_Write_HS
                0x080046a2       0x4a build/usbd_storage_if.o
 .text.STORAGE_GetMaxLun_HS
                0x080046ec       0x10 build/usbd_storage_if.o
 .text.HAL_PCD_MspInit
                0x080046fc      0x168 build/usbd_conf.o
                0x080046fc                HAL_PCD_MspInit
 .text.HAL_PCD_SetupStageCallback
                0x08004864       0x24 build/usbd_conf.o
                0x08004864                HAL_PCD_SetupStageCallback
 .text.HAL_PCD_DataOutStageCallback
                0x08004888       0x36 build/usbd_conf.o
                0x08004888                HAL_PCD_DataOutStageCallback
 .text.HAL_PCD_DataInStageCallback
                0x080048be       0x34 build/usbd_conf.o
                0x080048be                HAL_PCD_DataInStageCallback
 .text.HAL_PCD_SOFCallback
                0x080048f2       0x1c build/usbd_conf.o
                0x080048f2                HAL_PCD_SOFCallback
 .text.HAL_PCD_ResetCallback
                0x0800490e       0x50 build/usbd_conf.o
                0x0800490e                HAL_PCD_ResetCallback
 *fill*         0x0800495e        0x2 
 .text.HAL_PCD_SuspendCallback
                0x08004960       0x4c build/usbd_conf.o
                0x08004960                HAL_PCD_SuspendCallback
 .text.HAL_PCD_ResumeCallback
                0x080049ac       0x1c build/usbd_conf.o
                0x080049ac                HAL_PCD_ResumeCallback
 .text.HAL_PCD_ISOOUTIncompleteCallback
                0x080049c8       0x24 build/usbd_conf.o
                0x080049c8                HAL_PCD_ISOOUTIncompleteCallback
 .text.HAL_PCD_ISOINIncompleteCallback
                0x080049ec       0x24 build/usbd_conf.o
                0x080049ec                HAL_PCD_ISOINIncompleteCallback
 .text.HAL_PCD_ConnectCallback
                0x08004a10       0x1c build/usbd_conf.o
                0x08004a10                HAL_PCD_ConnectCallback
 .text.HAL_PCD_DisconnectCallback
                0x08004a2c       0x1c build/usbd_conf.o
                0x08004a2c                HAL_PCD_DisconnectCallback
 .text.USBD_LL_Init
                0x08004a48       0xa4 build/usbd_conf.o
                0x08004a48                USBD_LL_Init
 .text.USBD_LL_Start
                0x08004aec       0x36 build/usbd_conf.o
                0x08004aec                USBD_LL_Start
 .text.USBD_LL_OpenEP
                0x08004b22       0x4c build/usbd_conf.o
                0x08004b22                USBD_LL_OpenEP
 .text.USBD_LL_CloseEP
                0x08004b6e       0x3e build/usbd_conf.o
                0x08004b6e                USBD_LL_CloseEP
 .text.USBD_LL_FlushEP
                0x08004bac       0x3e build/usbd_conf.o
                0x08004bac                USBD_LL_FlushEP
 .text.USBD_LL_StallEP
                0x08004bea       0x3e build/usbd_conf.o
                0x08004bea                USBD_LL_StallEP
 .text.USBD_LL_ClearStallEP
                0x08004c28       0x3e build/usbd_conf.o
                0x08004c28                USBD_LL_ClearStallEP
 .text.USBD_LL_IsStallEP
                0x08004c66       0x58 build/usbd_conf.o
                0x08004c66                USBD_LL_IsStallEP
 .text.USBD_LL_SetUSBAddress
                0x08004cbe       0x3e build/usbd_conf.o
                0x08004cbe                USBD_LL_SetUSBAddress
 .text.USBD_LL_Transmit
                0x08004cfc       0x42 build/usbd_conf.o
                0x08004cfc                USBD_LL_Transmit
 .text.USBD_LL_PrepareReceive
                0x08004d3e       0x42 build/usbd_conf.o
                0x08004d3e                USBD_LL_PrepareReceive
 .text.USBD_LL_GetRxDataSize
                0x08004d80       0x26 build/usbd_conf.o
                0x08004d80                USBD_LL_GetRxDataSize
 *fill*         0x08004da6        0x2 
 .text.HAL_PCDEx_LPM_Callback
                0x08004da8       0x9c build/usbd_conf.o
                0x08004da8                HAL_PCDEx_LPM_Callback
 .text.SystemClockConfig_Resume
                0x08004e44        0xc build/usbd_conf.o
 .text.USBD_Get_USB_Status
                0x08004e50       0x58 build/usbd_conf.o
                0x08004e50                USBD_Get_USB_Status
 .text.HAL_PCD_Init
                0x08004ea8      0x248 build/stm32f7xx_hal_pcd.o
                0x08004ea8                HAL_PCD_Init
 .text.HAL_PCD_Start
                0x080050f0       0x44 build/stm32f7xx_hal_pcd.o
                0x080050f0                HAL_PCD_Start
 .text.HAL_PCD_IRQHandler
                0x08005134      0x998 build/stm32f7xx_hal_pcd.o
                0x08005134                HAL_PCD_IRQHandler
 .text.HAL_PCD_SetAddress
                0x08005acc       0x4a build/stm32f7xx_hal_pcd.o
                0x08005acc                HAL_PCD_SetAddress
 .text.HAL_PCD_EP_Open
                0x08005b16       0xd0 build/stm32f7xx_hal_pcd.o
                0x08005b16                HAL_PCD_EP_Open
 .text.HAL_PCD_EP_Close
                0x08005be6       0x94 build/stm32f7xx_hal_pcd.o
                0x08005be6                HAL_PCD_EP_Close
 .text.HAL_PCD_EP_Receive
                0x08005c7a       0x96 build/stm32f7xx_hal_pcd.o
                0x08005c7a                HAL_PCD_EP_Receive
 .text.HAL_PCD_EP_GetRxCount
                0x08005d10       0x30 build/stm32f7xx_hal_pcd.o
                0x08005d10                HAL_PCD_EP_GetRxCount
 .text.HAL_PCD_EP_Transmit
                0x08005d40       0x94 build/stm32f7xx_hal_pcd.o
                0x08005d40                HAL_PCD_EP_Transmit
 .text.HAL_PCD_EP_SetStall
                0x08005dd4       0xc8 build/stm32f7xx_hal_pcd.o
                0x08005dd4                HAL_PCD_EP_SetStall
 .text.HAL_PCD_EP_ClrStall
                0x08005e9c       0xac build/stm32f7xx_hal_pcd.o
                0x08005e9c                HAL_PCD_EP_ClrStall
 .text.HAL_PCD_EP_Abort
                0x08005f48       0x62 build/stm32f7xx_hal_pcd.o
                0x08005f48                HAL_PCD_EP_Abort
 .text.HAL_PCD_EP_Flush
                0x08005faa       0x5a build/stm32f7xx_hal_pcd.o
                0x08005faa                HAL_PCD_EP_Flush
 .text.PCD_WriteEmptyTxFifo
                0x08006004      0x11a build/stm32f7xx_hal_pcd.o
 *fill*         0x0800611e        0x2 
 .text.PCD_EP_OutXfrComplete_int
                0x08006120      0x1d0 build/stm32f7xx_hal_pcd.o
 .text.PCD_EP_OutSetupPacket_int
                0x080062f0       0x8c build/stm32f7xx_hal_pcd.o
 .text.HAL_PCDEx_SetTxFiFo
                0x0800637c       0x8e build/stm32f7xx_hal_pcd_ex.o
                0x0800637c                HAL_PCDEx_SetTxFiFo
 .text.HAL_PCDEx_SetRxFiFo
                0x0800640a       0x22 build/stm32f7xx_hal_pcd_ex.o
                0x0800640a                HAL_PCDEx_SetRxFiFo
 .text.HAL_PCDEx_ActivateLPM
                0x0800642c       0x48 build/stm32f7xx_hal_pcd_ex.o
                0x0800642c                HAL_PCDEx_ActivateLPM
 .text.USB_CoreInit
                0x08006474       0xb0 build/stm32f7xx_ll_usb.o
                0x08006474                USB_CoreInit
 .text.USB_SetTurnaroundTime
                0x08006524      0x144 build/stm32f7xx_ll_usb.o
                0x08006524                USB_SetTurnaroundTime
 .text.USB_EnableGlobalInt
                0x08006668       0x22 build/stm32f7xx_ll_usb.o
                0x08006668                USB_EnableGlobalInt
 .text.USB_DisableGlobalInt
                0x0800668a       0x22 build/stm32f7xx_ll_usb.o
                0x0800668a                USB_DisableGlobalInt
 .text.USB_SetCurrentMode
                0x080066ac       0x98 build/stm32f7xx_ll_usb.o
                0x080066ac                USB_SetCurrentMode
 .text.USB_DevInit
                0x08006744      0x2bc build/stm32f7xx_ll_usb.o
                0x08006744                USB_DevInit
 .text.USB_FlushTxFifo
                0x08006a00       0x68 build/stm32f7xx_ll_usb.o
                0x08006a00                USB_FlushTxFifo
 .text.USB_FlushRxFifo
                0x08006a68       0x60 build/stm32f7xx_ll_usb.o
                0x08006a68                USB_FlushRxFifo
 .text.USB_SetDevSpeed
                0x08006ac8       0x32 build/stm32f7xx_ll_usb.o
                0x08006ac8                USB_SetDevSpeed
 .text.USB_GetDevSpeed
                0x08006afa       0x4a build/stm32f7xx_ll_usb.o
                0x08006afa                USB_GetDevSpeed
 .text.USB_ActivateEndpoint
                0x08006b44      0x110 build/stm32f7xx_ll_usb.o
                0x08006b44                USB_ActivateEndpoint
 .text.USB_DeactivateEndpoint
                0x08006c54      0x1b8 build/stm32f7xx_ll_usb.o
                0x08006c54                USB_DeactivateEndpoint
 .text.USB_EPStartXfer
                0x08006e0c      0x4a0 build/stm32f7xx_ll_usb.o
                0x08006e0c                USB_EPStartXfer
 .text.USB_EP0StartXfer
                0x080072ac      0x2b8 build/stm32f7xx_ll_usb.o
                0x080072ac                USB_EP0StartXfer
 .text.USB_EPStopXfer
                0x08007564      0x154 build/stm32f7xx_ll_usb.o
                0x08007564                USB_EPStopXfer
 .text.USB_WritePacket
                0x080076b8       0x7c build/stm32f7xx_ll_usb.o
                0x080076b8                USB_WritePacket
 .text.USB_ReadPacket
                0x08007734       0xb0 build/stm32f7xx_ll_usb.o
                0x08007734                USB_ReadPacket
 .text.USB_EPSetStall
                0x080077e4       0xdc build/stm32f7xx_ll_usb.o
                0x080077e4                USB_EPSetStall
 .text.USB_EPClearStall
                0x080078c0       0xcc build/stm32f7xx_ll_usb.o
                0x080078c0                USB_EPClearStall
 .text.USB_SetDevAddress
                0x0800798c       0x4c build/stm32f7xx_ll_usb.o
                0x0800798c                USB_SetDevAddress
 .text.USB_DevConnect
                0x080079d8       0x42 build/stm32f7xx_ll_usb.o
                0x080079d8                USB_DevConnect
 .text.USB_DevDisconnect
                0x08007a1a       0x42 build/stm32f7xx_ll_usb.o
                0x08007a1a                USB_DevDisconnect
 .text.USB_ReadInterrupts
                0x08007a5c       0x26 build/stm32f7xx_ll_usb.o
                0x08007a5c                USB_ReadInterrupts
 .text.USB_ReadDevAllOutEpInterrupt
                0x08007a82       0x34 build/stm32f7xx_ll_usb.o
                0x08007a82                USB_ReadDevAllOutEpInterrupt
 .text.USB_ReadDevAllInEpInterrupt
                0x08007ab6       0x34 build/stm32f7xx_ll_usb.o
                0x08007ab6                USB_ReadDevAllInEpInterrupt
 .text.USB_ReadDevOutEPInterrupt
                0x08007aea       0x3c build/stm32f7xx_ll_usb.o
                0x08007aea                USB_ReadDevOutEPInterrupt
 .text.USB_ReadDevInEPInterrupt
                0x08007b26       0x5c build/stm32f7xx_ll_usb.o
                0x08007b26                USB_ReadDevInEPInterrupt
 .text.USB_GetMode
                0x08007b82       0x1c build/stm32f7xx_ll_usb.o
                0x08007b82                USB_GetMode
 *fill*         0x08007b9e        0x2 
 .text.USB_ActivateSetup
                0x08007ba0       0x48 build/stm32f7xx_ll_usb.o
                0x08007ba0                USB_ActivateSetup
 .text.USB_EP0_OutStart
                0x08007be8       0xbc build/stm32f7xx_ll_usb.o
                0x08007be8                USB_EP0_OutStart
 .text.USB_CoreReset
                0x08007ca4       0x68 build/stm32f7xx_ll_usb.o
 .text.HAL_RCC_OscConfig
                0x08007d0c      0x548 build/stm32f7xx_hal_rcc.o
                0x08007d0c                HAL_RCC_OscConfig
 .text.HAL_RCC_ClockConfig
                0x08008254      0x1d8 build/stm32f7xx_hal_rcc.o
                0x08008254                HAL_RCC_ClockConfig
 .text.HAL_RCC_GetSysClockFreq
                0x0800842c      0x18c build/stm32f7xx_hal_rcc.o
                0x0800842c                HAL_RCC_GetSysClockFreq
 .text.HAL_RCC_GetHCLKFreq
                0x080085b8       0x18 build/stm32f7xx_hal_rcc.o
                0x080085b8                HAL_RCC_GetHCLKFreq
 .text.HAL_RCC_GetPCLK1Freq
                0x080085d0       0x28 build/stm32f7xx_hal_rcc.o
                0x080085d0                HAL_RCC_GetPCLK1Freq
 .text.HAL_RCC_GetPCLK2Freq
                0x080085f8       0x28 build/stm32f7xx_hal_rcc.o
                0x080085f8                HAL_RCC_GetPCLK2Freq
 .text.HAL_RCC_GetClockConfig
                0x08008620       0x64 build/stm32f7xx_hal_rcc.o
                0x08008620                HAL_RCC_GetClockConfig
 .text.HAL_RCCEx_PeriphCLKConfig
                0x08008684      0x7e0 build/stm32f7xx_hal_rcc_ex.o
                0x08008684                HAL_RCCEx_PeriphCLKConfig
 .text.HAL_GPIO_Init
                0x08008e64      0x358 build/stm32f7xx_hal_gpio.o
                0x08008e64                HAL_GPIO_Init
 .text.HAL_GPIO_DeInit
                0x080091bc      0x218 build/stm32f7xx_hal_gpio.o
                0x080091bc                HAL_GPIO_DeInit
 .text.HAL_GPIO_ReadPin
                0x080093d4       0x30 build/stm32f7xx_hal_gpio.o
                0x080093d4                HAL_GPIO_ReadPin
 .text.HAL_GPIO_WritePin
                0x08009404       0x32 build/stm32f7xx_hal_gpio.o
                0x08009404                HAL_GPIO_WritePin
 *fill*         0x08009436        0x2 
 .text.HAL_DMA_Init
                0x08009438      0x15c build/stm32f7xx_hal_dma.o
                0x08009438                HAL_DMA_Init
 .text.HAL_DMA_Start_IT
                0x08009594       0xc0 build/stm32f7xx_hal_dma.o
                0x08009594                HAL_DMA_Start_IT
 .text.HAL_DMA_Abort_IT
                0x08009654       0x44 build/stm32f7xx_hal_dma.o
                0x08009654                HAL_DMA_Abort_IT
 .text.HAL_DMA_IRQHandler
                0x08009698      0x314 build/stm32f7xx_hal_dma.o
                0x08009698                HAL_DMA_IRQHandler
 .text.HAL_DMA_GetError
                0x080099ac       0x18 build/stm32f7xx_hal_dma.o
                0x080099ac                HAL_DMA_GetError
 .text.DMA_SetConfig
                0x080099c4       0x5c build/stm32f7xx_hal_dma.o
 .text.DMA_CalcBaseAndBitshift
                0x08009a20       0x6c build/stm32f7xx_hal_dma.o
 .text.DMA_CheckFifoParam
                0x08009a8c       0xf8 build/stm32f7xx_hal_dma.o
 .text.HAL_PWR_EnableBkUpAccess
                0x08009b84       0x20 build/stm32f7xx_hal_pwr.o
                0x08009b84                HAL_PWR_EnableBkUpAccess
 .text.HAL_PWREx_EnableOverDrive
                0x08009ba4       0xa0 build/stm32f7xx_hal_pwr_ex.o
                0x08009ba4                HAL_PWREx_EnableOverDrive
 .text.__NVIC_SetPriorityGrouping
                0x08009c44       0x48 build/stm32f7xx_hal_cortex.o
 .text.__NVIC_GetPriorityGrouping
                0x08009c8c       0x1c build/stm32f7xx_hal_cortex.o
 .text.__NVIC_EnableIRQ
                0x08009ca8       0x3c build/stm32f7xx_hal_cortex.o
 .text.__NVIC_SetPriority
                0x08009ce4       0x54 build/stm32f7xx_hal_cortex.o
 .text.NVIC_EncodePriority
                0x08009d38       0x66 build/stm32f7xx_hal_cortex.o
 .text.HAL_NVIC_SetPriorityGrouping
                0x08009d9e       0x16 build/stm32f7xx_hal_cortex.o
                0x08009d9e                HAL_NVIC_SetPriorityGrouping
 .text.HAL_NVIC_SetPriority
                0x08009db4       0x38 build/stm32f7xx_hal_cortex.o
                0x08009db4                HAL_NVIC_SetPriority
 .text.HAL_NVIC_EnableIRQ
                0x08009dec       0x1c build/stm32f7xx_hal_cortex.o
                0x08009dec                HAL_NVIC_EnableIRQ
 .text.HAL_Init
                0x08009e08       0x1a build/stm32f7xx_hal.o
                0x08009e08                HAL_Init
 *fill*         0x08009e22        0x2 
 .text.HAL_IncTick
                0x08009e24       0x28 build/stm32f7xx_hal.o
                0x08009e24                HAL_IncTick
 .text.HAL_GetTick
                0x08009e4c       0x18 build/stm32f7xx_hal.o
                0x08009e4c                HAL_GetTick
 .text.HAL_Delay
                0x08009e64       0x48 build/stm32f7xx_hal.o
                0x08009e64                HAL_Delay
 .text.HAL_I2C_Init
                0x08009eac      0x120 build/stm32f7xx_hal_i2c.o
                0x08009eac                HAL_I2C_Init
 .text.HAL_I2C_DeInit
                0x08009fcc       0x5e build/stm32f7xx_hal_i2c.o
                0x08009fcc                HAL_I2C_DeInit
 *fill*         0x0800a02a        0x2 
 .text.HAL_I2C_Mem_Write
                0x0800a02c      0x228 build/stm32f7xx_hal_i2c.o
                0x0800a02c                HAL_I2C_Mem_Write
 .text.HAL_I2C_Mem_Read
                0x0800a254      0x234 build/stm32f7xx_hal_i2c.o
                0x0800a254                HAL_I2C_Mem_Read
 .text.HAL_I2C_GetState
                0x0800a488       0x1c build/stm32f7xx_hal_i2c.o
                0x0800a488                HAL_I2C_GetState
 .text.I2C_RequestMemoryWrite
                0x0800a4a4       0xa8 build/stm32f7xx_hal_i2c.o
 .text.I2C_RequestMemoryRead
                0x0800a54c       0xa8 build/stm32f7xx_hal_i2c.o
 .text.I2C_Flush_TXDR
                0x0800a5f4       0x48 build/stm32f7xx_hal_i2c.o
 .text.I2C_WaitOnFlagUntilTimeout
                0x0800a63c       0x80 build/stm32f7xx_hal_i2c.o
 .text.I2C_WaitOnTXISFlagUntilTimeout
                0x0800a6bc       0x80 build/stm32f7xx_hal_i2c.o
 .text.I2C_WaitOnSTOPFlagUntilTimeout
                0x0800a73c       0x78 build/stm32f7xx_hal_i2c.o
 .text.I2C_IsErrorOccurred
                0x0800a7b4      0x1c0 build/stm32f7xx_hal_i2c.o
 .text.I2C_TransferConfig
                0x0800a974       0x64 build/stm32f7xx_hal_i2c.o
 .text.HAL_I2CEx_ConfigAnalogFilter
                0x0800a9d8       0x96 build/stm32f7xx_hal_i2c_ex.o
                0x0800a9d8                HAL_I2CEx_ConfigAnalogFilter
 .text.HAL_I2CEx_ConfigDigitalFilter
                0x0800aa6e       0x98 build/stm32f7xx_hal_i2c_ex.o
                0x0800aa6e                HAL_I2CEx_ConfigDigitalFilter
 *fill*         0x0800ab06        0x2 
 .text.HAL_CRC_Init
                0x0800ab08       0xc8 build/stm32f7xx_hal_crc.o
                0x0800ab08                HAL_CRC_Init
 .text.HAL_CRCEx_Polynomial_Set
                0x0800abd0      0x10c build/stm32f7xx_hal_crc_ex.o
                0x0800abd0                HAL_CRCEx_Polynomial_Set
 .text.FMC_SDRAM_Init
                0x0800acdc       0xb8 build/stm32f7xx_ll_fmc.o
                0x0800acdc                FMC_SDRAM_Init
 .text.FMC_SDRAM_Timing_Init
                0x0800ad94       0xd4 build/stm32f7xx_ll_fmc.o
                0x0800ad94                FMC_SDRAM_Timing_Init
 .text.FMC_SDRAM_SendCommand
                0x0800ae68       0x48 build/stm32f7xx_ll_fmc.o
                0x0800ae68                FMC_SDRAM_SendCommand
 .text.FMC_SDRAM_ProgramRefreshRate
                0x0800aeb0       0x30 build/stm32f7xx_ll_fmc.o
                0x0800aeb0                FMC_SDRAM_ProgramRefreshRate
 .text.HAL_SDRAM_Init
                0x0800aee0       0x68 build/stm32f7xx_hal_sdram.o
                0x0800aee0                HAL_SDRAM_Init
 .text.HAL_SDRAM_SendCommand
                0x0800af48       0x6a build/stm32f7xx_hal_sdram.o
                0x0800af48                HAL_SDRAM_SendCommand
 .text.HAL_SDRAM_ProgramRefreshRate
                0x0800afb2       0x50 build/stm32f7xx_hal_sdram.o
                0x0800afb2                HAL_SDRAM_ProgramRefreshRate
 *fill*         0x0800b002        0x2 
 .text.HAL_LTDC_Init
                0x0800b004      0x1a0 build/stm32f7xx_hal_ltdc.o
                0x0800b004                HAL_LTDC_Init
 .text.HAL_LTDC_IRQHandler
                0x0800b1a4      0x148 build/stm32f7xx_hal_ltdc.o
                0x0800b1a4                HAL_LTDC_IRQHandler
 .text.HAL_LTDC_ErrorCallback
                0x0800b2ec       0x14 build/stm32f7xx_hal_ltdc.o
                0x0800b2ec                HAL_LTDC_ErrorCallback
 .text.HAL_LTDC_LineEventCallback
                0x0800b300       0x14 build/stm32f7xx_hal_ltdc.o
                0x0800b300                HAL_LTDC_LineEventCallback
 .text.HAL_LTDC_ReloadEventCallback
                0x0800b314       0x14 build/stm32f7xx_hal_ltdc.o
                0x0800b314                HAL_LTDC_ReloadEventCallback
 .text.HAL_LTDC_ConfigLayer
                0x0800b328       0x7c build/stm32f7xx_hal_ltdc.o
                0x0800b328                HAL_LTDC_ConfigLayer
 .text.HAL_LTDC_SetAddress
                0x0800b3a4       0x6c build/stm32f7xx_hal_ltdc.o
                0x0800b3a4                HAL_LTDC_SetAddress
 .text.LTDC_SetConfig
                0x0800b410      0x334 build/stm32f7xx_hal_ltdc.o
 .text.HAL_QSPI_Init
                0x0800b744       0xf8 build/stm32f7xx_hal_qspi.o
                0x0800b744                HAL_QSPI_Init
 .text.HAL_QSPI_SetTimeout
                0x0800b83c       0x1c build/stm32f7xx_hal_qspi.o
                0x0800b83c                HAL_QSPI_SetTimeout
 .text.QSPI_WaitFlagStateUntilTimeout
                0x0800b858       0x6e build/stm32f7xx_hal_qspi.o
 *fill*         0x0800b8c6        0x2 
 .text.SDMMC_Init
                0x0800b8c8       0x58 build/stm32f7xx_ll_sdmmc.o
                0x0800b8c8                SDMMC_Init
 .text.SDMMC_ReadFIFO
                0x0800b920       0x1a build/stm32f7xx_ll_sdmmc.o
                0x0800b920                SDMMC_ReadFIFO
 .text.SDMMC_WriteFIFO
                0x0800b93a       0x22 build/stm32f7xx_ll_sdmmc.o
                0x0800b93a                SDMMC_WriteFIFO
 .text.SDMMC_PowerState_ON
                0x0800b95c       0x1c build/stm32f7xx_ll_sdmmc.o
                0x0800b95c                SDMMC_PowerState_ON
 .text.SDMMC_GetPowerState
                0x0800b978       0x1c build/stm32f7xx_ll_sdmmc.o
                0x0800b978                SDMMC_GetPowerState
 .text.SDMMC_SendCommand
                0x0800b994       0x54 build/stm32f7xx_ll_sdmmc.o
                0x0800b994                SDMMC_SendCommand
 .text.SDMMC_GetCommandResponse
                0x0800b9e8       0x1a build/stm32f7xx_ll_sdmmc.o
                0x0800b9e8                SDMMC_GetCommandResponse
 .text.SDMMC_GetResponse
                0x0800ba02       0x26 build/stm32f7xx_ll_sdmmc.o
                0x0800ba02                SDMMC_GetResponse
 .text.SDMMC_ConfigData
                0x0800ba28       0x58 build/stm32f7xx_ll_sdmmc.o
                0x0800ba28                SDMMC_ConfigData
 .text.SDMMC_CmdBlockLength
                0x0800ba80       0x44 build/stm32f7xx_ll_sdmmc.o
                0x0800ba80                SDMMC_CmdBlockLength
 .text.SDMMC_CmdReadSingleBlock
                0x0800bac4       0x44 build/stm32f7xx_ll_sdmmc.o
                0x0800bac4                SDMMC_CmdReadSingleBlock
 .text.SDMMC_CmdReadMultiBlock
                0x0800bb08       0x44 build/stm32f7xx_ll_sdmmc.o
                0x0800bb08                SDMMC_CmdReadMultiBlock
 .text.SDMMC_CmdWriteSingleBlock
                0x0800bb4c       0x44 build/stm32f7xx_ll_sdmmc.o
                0x0800bb4c                SDMMC_CmdWriteSingleBlock
 .text.SDMMC_CmdWriteMultiBlock
                0x0800bb90       0x44 build/stm32f7xx_ll_sdmmc.o
                0x0800bb90                SDMMC_CmdWriteMultiBlock
 .text.SDMMC_CmdStopTransfer
                0x0800bbd4       0x44 build/stm32f7xx_ll_sdmmc.o
                0x0800bbd4                SDMMC_CmdStopTransfer
 .text.SDMMC_CmdSelDesel
                0x0800bc18       0x46 build/stm32f7xx_ll_sdmmc.o
                0x0800bc18                SDMMC_CmdSelDesel
 .text.SDMMC_CmdGoIdleState
                0x0800bc5e       0x3c build/stm32f7xx_ll_sdmmc.o
                0x0800bc5e                SDMMC_CmdGoIdleState
 .text.SDMMC_CmdOperCond
                0x0800bc9a       0x3e build/stm32f7xx_ll_sdmmc.o
                0x0800bc9a                SDMMC_CmdOperCond
 .text.SDMMC_CmdAppCommand
                0x0800bcd8       0x44 build/stm32f7xx_ll_sdmmc.o
                0x0800bcd8                SDMMC_CmdAppCommand
 .text.SDMMC_CmdAppOperCommand
                0x0800bd1c       0x48 build/stm32f7xx_ll_sdmmc.o
                0x0800bd1c                SDMMC_CmdAppOperCommand
 .text.SDMMC_CmdBusWidth
                0x0800bd64       0x44 build/stm32f7xx_ll_sdmmc.o
                0x0800bd64                SDMMC_CmdBusWidth
 .text.SDMMC_CmdSendSCR
                0x0800bda8       0x42 build/stm32f7xx_ll_sdmmc.o
                0x0800bda8                SDMMC_CmdSendSCR
 .text.SDMMC_CmdSendCID
                0x0800bdea       0x3c build/stm32f7xx_ll_sdmmc.o
                0x0800bdea                SDMMC_CmdSendCID
 .text.SDMMC_CmdSendCSD
                0x0800be26       0x3e build/stm32f7xx_ll_sdmmc.o
                0x0800be26                SDMMC_CmdSendCSD
 .text.SDMMC_CmdSetRelAdd
                0x0800be64       0x42 build/stm32f7xx_ll_sdmmc.o
                0x0800be64                SDMMC_CmdSetRelAdd
 .text.SDMMC_CmdSendStatus
                0x0800bea6       0x4a build/stm32f7xx_ll_sdmmc.o
                0x0800bea6                SDMMC_CmdSendStatus
 .text.SDMMC_GetCmdResp1
                0x0800bef0      0x1dc build/stm32f7xx_ll_sdmmc.o
                0x0800bef0                SDMMC_GetCmdResp1
 .text.SDMMC_GetCmdResp2
                0x0800c0cc       0x90 build/stm32f7xx_ll_sdmmc.o
                0x0800c0cc                SDMMC_GetCmdResp2
 .text.SDMMC_GetCmdResp3
                0x0800c15c       0x7c build/stm32f7xx_ll_sdmmc.o
                0x0800c15c                SDMMC_GetCmdResp3
 .text.SDMMC_GetCmdResp6
                0x0800c1d8       0xec build/stm32f7xx_ll_sdmmc.o
                0x0800c1d8                SDMMC_GetCmdResp6
 .text.SDMMC_GetCmdResp7
                0x0800c2c4       0x9c build/stm32f7xx_ll_sdmmc.o
                0x0800c2c4                SDMMC_GetCmdResp7
 .text.SDMMC_GetCmdError
                0x0800c360       0x58 build/stm32f7xx_ll_sdmmc.o
 .text.HAL_SD_Init
                0x0800c3b8       0x60 build/stm32f7xx_hal_sd.o
                0x0800c3b8                HAL_SD_Init
 .text.HAL_SD_InitCard
                0x0800c418      0x110 build/stm32f7xx_hal_sd.o
                0x0800c418                HAL_SD_InitCard
 .text.HAL_SD_ReadBlocks_DMA
                0x0800c528      0x1c4 build/stm32f7xx_hal_sd.o
                0x0800c528                HAL_SD_ReadBlocks_DMA
 .text.HAL_SD_WriteBlocks_DMA
                0x0800c6ec      0x1cc build/stm32f7xx_hal_sd.o
                0x0800c6ec                HAL_SD_WriteBlocks_DMA
 .text.HAL_SD_IRQHandler
                0x0800c8b8      0x2ec build/stm32f7xx_hal_sd.o
                0x0800c8b8                HAL_SD_IRQHandler
 .text.HAL_SD_ErrorCallback
                0x0800cba4       0x14 build/stm32f7xx_hal_sd.o
                0x0800cba4                HAL_SD_ErrorCallback
 .text.HAL_SD_GetCardCSD
                0x0800cbb8      0x348 build/stm32f7xx_hal_sd.o
                0x0800cbb8                HAL_SD_GetCardCSD
 .text.HAL_SD_GetCardInfo
                0x0800cf00       0x58 build/stm32f7xx_hal_sd.o
                0x0800cf00                HAL_SD_GetCardInfo
 .text.HAL_SD_ConfigWideBusOperation
                0x0800cf58      0x134 build/stm32f7xx_hal_sd.o
                0x0800cf58                HAL_SD_ConfigWideBusOperation
 .text.HAL_SD_GetCardState
                0x0800d08c       0x40 build/stm32f7xx_hal_sd.o
                0x0800d08c                HAL_SD_GetCardState
 .text.SD_DMATransmitCplt
                0x0800d0cc       0x2a build/stm32f7xx_hal_sd.o
 .text.SD_DMAReceiveCplt
                0x0800d0f6       0x70 build/stm32f7xx_hal_sd.o
 *fill*         0x0800d166        0x2 
 .text.SD_DMAError
                0x0800d168       0xa4 build/stm32f7xx_hal_sd.o
 .text.SD_DMATxAbort
                0x0800d20c       0x6e build/stm32f7xx_hal_sd.o
 .text.SD_DMARxAbort
                0x0800d27a       0x6e build/stm32f7xx_hal_sd.o
 .text.SD_InitCard
                0x0800d2e8      0x19c build/stm32f7xx_hal_sd.o
 .text.SD_PowerON
                0x0800d484      0x11c build/stm32f7xx_hal_sd.o
 .text.SD_SendStatus
                0x0800d5a0       0x50 build/stm32f7xx_hal_sd.o
 .text.SD_WideBus_Enable
                0x0800d5f0       0x96 build/stm32f7xx_hal_sd.o
 .text.SD_WideBus_Disable
                0x0800d686       0x96 build/stm32f7xx_hal_sd.o
 .text.SD_FindSCR
                0x0800d71c      0x1a6 build/stm32f7xx_hal_sd.o
 .text.SD_Read_IT
                0x0800d8c2       0xa2 build/stm32f7xx_hal_sd.o
 .text.SD_Write_IT
                0x0800d964       0xaa build/stm32f7xx_hal_sd.o
 .text.HAL_SPI_Init
                0x0800da0e      0x156 build/stm32f7xx_hal_spi.o
                0x0800da0e                HAL_SPI_Init
 .text.HAL_TIM_Base_Init
                0x0800db64       0xae build/stm32f7xx_hal_tim.o
                0x0800db64                HAL_TIM_Base_Init
 .text.HAL_TIM_Base_MspInit
                0x0800dc12       0x14 build/stm32f7xx_hal_tim.o
                0x0800dc12                HAL_TIM_Base_MspInit
 *fill*         0x0800dc26        0x2 
 .text.HAL_TIM_Base_Start_IT
                0x0800dc28       0xf0 build/stm32f7xx_hal_tim.o
                0x0800dc28                HAL_TIM_Base_Start_IT
 .text.HAL_TIM_IRQHandler
                0x0800dd18      0x23e build/stm32f7xx_hal_tim.o
                0x0800dd18                HAL_TIM_IRQHandler
 .text.HAL_TIM_OC_DelayElapsedCallback
                0x0800df56       0x14 build/stm32f7xx_hal_tim.o
                0x0800df56                HAL_TIM_OC_DelayElapsedCallback
 .text.HAL_TIM_IC_CaptureCallback
                0x0800df6a       0x14 build/stm32f7xx_hal_tim.o
                0x0800df6a                HAL_TIM_IC_CaptureCallback
 .text.HAL_TIM_PWM_PulseFinishedCallback
                0x0800df7e       0x14 build/stm32f7xx_hal_tim.o
                0x0800df7e                HAL_TIM_PWM_PulseFinishedCallback
 .text.HAL_TIM_TriggerCallback
                0x0800df92       0x14 build/stm32f7xx_hal_tim.o
                0x0800df92                HAL_TIM_TriggerCallback
 *fill*         0x0800dfa6        0x2 
 .text.TIM_Base_SetConfig
                0x0800dfa8      0x140 build/stm32f7xx_hal_tim.o
                0x0800dfa8                TIM_Base_SetConfig
 .text.HAL_TIMEx_CommutCallback
                0x0800e0e8       0x14 build/stm32f7xx_hal_tim_ex.o
                0x0800e0e8                HAL_TIMEx_CommutCallback
 .text.HAL_TIMEx_BreakCallback
                0x0800e0fc       0x14 build/stm32f7xx_hal_tim_ex.o
                0x0800e0fc                HAL_TIMEx_BreakCallback
 .text.HAL_TIMEx_Break2Callback
                0x0800e110       0x14 build/stm32f7xx_hal_tim_ex.o
                0x0800e110                HAL_TIMEx_Break2Callback
 .text.HAL_UART_Init
                0x0800e124       0x9c build/stm32f7xx_hal_uart.o
                0x0800e124                HAL_UART_Init
 .text.UART_SetConfig
                0x0800e1c0      0x4c8 build/stm32f7xx_hal_uart.o
                0x0800e1c0                UART_SetConfig
 .text.UART_AdvFeatureConfig
                0x0800e688      0x144 build/stm32f7xx_hal_uart.o
                0x0800e688                UART_AdvFeatureConfig
 .text.UART_CheckIdleState
                0x0800e7cc       0x6e build/stm32f7xx_hal_uart.o
                0x0800e7cc                UART_CheckIdleState
 .text.UART_WaitOnFlagUntilTimeout
                0x0800e83a      0x18c build/stm32f7xx_hal_uart.o
                0x0800e83a                UART_WaitOnFlagUntilTimeout
 *fill*         0x0800e9c6        0x2 
 .text.SystemInit
                0x0800e9c8       0x24 build/system_stm32f7xx.o
                0x0800e9c8                SystemInit
 .text.disk_status
                0x0800e9ec       0x34 build/diskio.o
                0x0800e9ec                disk_status
 .text.disk_initialize
                0x0800ea20       0x4c build/diskio.o
                0x0800ea20                disk_initialize
 .text.disk_read
                0x0800ea6c       0x40 build/diskio.o
                0x0800ea6c                disk_read
 .text.disk_write
                0x0800eaac       0x40 build/diskio.o
                0x0800eaac                disk_write
 .text.ld_word  0x0800eaec       0x30 build/ff.o
 .text.ld_dword
                0x0800eb1c       0x46 build/ff.o
 .text.ld_qword
                0x0800eb62      0x1b6 build/ff.o
 .text.st_word  0x0800ed18       0x36 build/ff.o
 .text.st_dword
                0x0800ed4e       0x58 build/ff.o
 .text.mem_cpy  0x0800eda6       0x42 build/ff.o
 .text.mem_set  0x0800ede8       0x36 build/ff.o
 .text.mem_cmp  0x0800ee1e       0x4e build/ff.o
 .text.chk_chr  0x0800ee6c       0x36 build/ff.o
 .text.lock_fs  0x0800eea2       0x2c build/ff.o
 .text.unlock_fs
                0x0800eece       0x36 build/ff.o
 .text.inc_lock
                0x0800ef04      0x11c build/ff.o
 .text.dec_lock
                0x0800f020       0x78 build/ff.o
 .text.clear_lock
                0x0800f098       0x48 build/ff.o
 .text.sync_window
                0x0800f0e0       0x88 build/ff.o
 .text.move_window
                0x0800f168       0x5a build/ff.o
 .text.clust2sect
                0x0800f1c2       0x3e build/ff.o
 .text.get_fat  0x0800f200      0x234 build/ff.o
 .text.put_fat  0x0800f434      0x1e0 build/ff.o
 .text.find_bitmap
                0x0800f614       0xf8 build/ff.o
 .text.change_bitmap
                0x0800f70c       0xd4 build/ff.o
 .text.fill_last_frag
                0x0800f7e0       0x62 build/ff.o
 .text.create_chain
                0x0800f842      0x202 build/ff.o
 .text.dir_sdi  0x0800fa44      0x10c build/ff.o
 .text.dir_next
                0x0800fb50      0x1aa build/ff.o
 .text.ld_clust
                0x0800fcfa       0x3e build/ff.o
 .text.cmp_lfn  0x0800fd38       0xe0 build/ff.o
 .text.pick_lfn
                0x0800fe18       0xc8 build/ff.o
 .text.sum_sfn  0x0800fee0       0x42 build/ff.o
 .text.xdir_sum
                0x0800ff22       0x66 build/ff.o
 .text.xname_sum
                0x0800ff88       0x68 build/ff.o
 .text.get_xdir_info
                0x0800fff0      0x104 build/ff.o
 .text.load_xdir
                0x080100f4      0x17c build/ff.o
 .text.dir_read
                0x08010270      0x18e build/ff.o
 .text.dir_find
                0x080103fe      0x252 build/ff.o
 .text.get_fileinfo
                0x08010650      0x1d8 build/ff.o
 .text.create_name
                0x08010828      0x370 build/ff.o
 .text.follow_path
                0x08010b98      0x152 build/ff.o
 .text.get_ldnumber
                0x08010cea       0x88 build/ff.o
 *fill*         0x08010d72        0x2 
 .text.check_fs
                0x08010d74       0xc8 build/ff.o
 .text.find_volume
                0x08010e3c      0x6b4 build/ff.o
 .text.validate
                0x080114f0       0x8e build/ff.o
 *fill*         0x0801157e        0x2 
 .text.f_mount  0x08011580       0xc8 build/ff.o
                0x08011580                f_mount
 .text.f_opendir
                0x08011648      0x222 build/ff.o
                0x08011648                f_opendir
 .text.f_closedir
                0x0801186a       0x56 build/ff.o
                0x0801186a                f_closedir
 .text.f_readdir
                0x080118c0      0x100 build/ff.o
                0x080118c0                f_readdir
 .text.FATFS_LinkDriverEx
                0x080119c0       0x98 build/ff_gen_drv.o
                0x080119c0                FATFS_LinkDriverEx
 .text.FATFS_LinkDriver
                0x08011a58       0x1e build/ff_gen_drv.o
                0x08011a58                FATFS_LinkDriver
 .text.ff_cre_syncobj
                0x08011a76       0x40 build/syscall.o
                0x08011a76                ff_cre_syncobj
 .text.ff_del_syncobj
                0x08011ab6       0x18 build/syscall.o
                0x08011ab6                ff_del_syncobj
 .text.ff_req_grant
                0x08011ace       0x2a build/syscall.o
                0x08011ace                ff_req_grant
 .text.ff_rel_grant
                0x08011af8       0x16 build/syscall.o
                0x08011af8                ff_rel_grant
 *fill*         0x08011b0e        0x2 
 .text.ff_convert
                0x08011b10       0x78 build/ccsbcs.o
                0x08011b10                ff_convert
 .text.ff_wtoupper
                0x08011b88      0x114 build/ccsbcs.o
                0x08011b88                ff_wtoupper
 .text.vListInitialise
                0x08011c9c       0x40 build/list.o
                0x08011c9c                vListInitialise
 .text.vListInitialiseItem
                0x08011cdc       0x1a build/list.o
                0x08011cdc                vListInitialiseItem
 .text.vListInsertEnd
                0x08011cf6       0x48 build/list.o
                0x08011cf6                vListInsertEnd
 .text.vListInsert
                0x08011d3e       0x72 build/list.o
                0x08011d3e                vListInsert
 .text.uxListRemove
                0x08011db0       0x54 build/list.o
                0x08011db0                uxListRemove
 .text.xQueueGenericReset
                0x08011e04       0xd4 build/queue.o
                0x08011e04                xQueueGenericReset
 .text.xQueueGenericCreateStatic
                0x08011ed8      0x104 build/queue.o
                0x08011ed8                xQueueGenericCreateStatic
 .text.xQueueGenericCreate
                0x08011fdc       0x84 build/queue.o
                0x08011fdc                xQueueGenericCreate
 .text.prvInitialiseNewQueue
                0x08012060       0x3e build/queue.o
 .text.xQueueCreateCountingSemaphoreStatic
                0x0801209e       0x76 build/queue.o
                0x0801209e                xQueueCreateCountingSemaphoreStatic
 .text.xQueueCreateCountingSemaphore
                0x08012114       0x6e build/queue.o
                0x08012114                xQueueCreateCountingSemaphore
 *fill*         0x08012182        0x2 
 .text.xQueueGenericSend
                0x08012184      0x20c build/queue.o
                0x08012184                xQueueGenericSend
 .text.xQueueGenericSendFromISR
                0x08012390      0x140 build/queue.o
                0x08012390                xQueueGenericSendFromISR
 .text.xQueueGiveFromISR
                0x080124d0      0x12a build/queue.o
                0x080124d0                xQueueGiveFromISR
 *fill*         0x080125fa        0x2 
 .text.xQueueReceive
                0x080125fc      0x1cc build/queue.o
                0x080125fc                xQueueReceive
 .text.xQueueSemaphoreTake
                0x080127c8      0x228 build/queue.o
                0x080127c8                xQueueSemaphoreTake
 .text.xQueueReceiveFromISR
                0x080129f0      0x10c build/queue.o
                0x080129f0                xQueueReceiveFromISR
 .text.vQueueDelete
                0x08012afc       0x4a build/queue.o
                0x08012afc                vQueueDelete
 .text.prvGetDisinheritPriorityAfterTimeout
                0x08012b46       0x30 build/queue.o
 .text.prvCopyDataToQueue
                0x08012b76       0xd4 build/queue.o
 .text.prvCopyDataFromQueue
                0x08012c4a       0x4c build/queue.o
 .text.prvUnlockQueue
                0x08012c96       0xa4 build/queue.o
 .text.prvIsQueueEmpty
                0x08012d3a       0x2c build/queue.o
 .text.prvIsQueueFull
                0x08012d66       0x30 build/queue.o
 *fill*         0x08012d96        0x2 
 .text.vQueueUnregisterQueue
                0x08012d98       0x54 build/queue.o
                0x08012d98                vQueueUnregisterQueue
 .text.xTaskCreateStatic
                0x08012dec       0xca build/tasks.o
                0x08012dec                xTaskCreateStatic
 .text.xTaskCreate
                0x08012eb6       0x8c build/tasks.o
                0x08012eb6                xTaskCreate
 .text.prvInitialiseNewTask
                0x08012f42      0x1a8 build/tasks.o
 *fill*         0x080130ea        0x2 
 .text.prvAddNewTaskToReadyList
                0x080130ec       0xd4 build/tasks.o
 .text.vTaskDelay
                0x080131c0       0x6c build/tasks.o
                0x080131c0                vTaskDelay
 .text.vTaskStartScheduler
                0x0801322c       0xdc build/tasks.o
                0x0801322c                vTaskStartScheduler
 .text.vTaskSuspendAll
                0x08013308       0x1c build/tasks.o
                0x08013308                vTaskSuspendAll
 .text.xTaskResumeAll
                0x08013324      0x13c build/tasks.o
                0x08013324                xTaskResumeAll
 .text.xTaskGetTickCount
                0x08013460       0x20 build/tasks.o
                0x08013460                xTaskGetTickCount
 .text.xTaskGetTickCountFromISR
                0x08013480       0x24 build/tasks.o
                0x08013480                xTaskGetTickCountFromISR
 .text.xTaskIncrementTick
                0x080134a4      0x174 build/tasks.o
                0x080134a4                xTaskIncrementTick
 .text.vTaskSwitchContext
                0x08013618      0x114 build/tasks.o
                0x08013618                vTaskSwitchContext
 .text.vTaskPlaceOnEventList
                0x0801372c       0x4c build/tasks.o
                0x0801372c                vTaskPlaceOnEventList
 .text.xTaskRemoveFromEventList
                0x08013778       0xc8 build/tasks.o
                0x08013778                xTaskRemoveFromEventList
 .text.vTaskInternalSetTimeOutState
                0x08013840       0x2c build/tasks.o
                0x08013840                vTaskInternalSetTimeOutState
 .text.xTaskCheckForTimeOut
                0x0801386c       0xcc build/tasks.o
                0x0801386c                xTaskCheckForTimeOut
 .text.vTaskMissedYield
                0x08013938       0x18 build/tasks.o
                0x08013938                vTaskMissedYield
 .text.prvIdleTask
                0x08013950       0x34 build/tasks.o
 .text.prvInitialiseTaskLists
                0x08013984       0x80 build/tasks.o
 .text.prvCheckTasksWaitingTermination
                0x08013a04       0x5c build/tasks.o
 .text.prvDeleteTCB
                0x08013a60       0x6c build/tasks.o
 .text.prvResetNextTaskUnblockTime
                0x08013acc       0x40 build/tasks.o
 .text.xTaskGetSchedulerState
                0x08013b0c       0x3c build/tasks.o
                0x08013b0c                xTaskGetSchedulerState
 .text.xTaskPriorityInherit
                0x08013b48      0x100 build/tasks.o
                0x08013b48                xTaskPriorityInherit
 .text.xTaskPriorityDisinherit
                0x08013c48      0x114 build/tasks.o
                0x08013c48                xTaskPriorityDisinherit
 .text.vTaskPriorityDisinheritAfterTimeout
                0x08013d5c      0x13c build/tasks.o
                0x08013d5c                vTaskPriorityDisinheritAfterTimeout
 .text.pvTaskIncrementMutexHeldCount
                0x08013e98       0x28 build/tasks.o
                0x08013e98                pvTaskIncrementMutexHeldCount
 .text.prvAddCurrentTaskToDelayedList
                0x08013ec0       0xcc build/tasks.o
 .text.makeFreeRtosPriority
                0x08013f8c       0x30 build/cmsis_os.o
 .text.inHandlerMode
                0x08013fbc       0x24 build/cmsis_os.o
 .text.osKernelStart
                0x08013fe0        0xe build/cmsis_os.o
                0x08013fe0                osKernelStart
 .text.osKernelRunning
                0x08013fee       0x18 build/cmsis_os.o
                0x08013fee                osKernelRunning
 .text.osKernelSysTick
                0x08014006       0x20 build/cmsis_os.o
                0x08014006                osKernelSysTick
 .text.osThreadCreate
                0x08014026       0x98 build/cmsis_os.o
                0x08014026                osThreadCreate
 .text.osDelay  0x080140be       0x28 build/cmsis_os.o
                0x080140be                osDelay
 .text.osSemaphoreCreate
                0x080140e6       0x7e build/cmsis_os.o
                0x080140e6                osSemaphoreCreate
 .text.osSemaphoreWait
                0x08014164       0x9c build/cmsis_os.o
                0x08014164                osSemaphoreWait
 .text.osSemaphoreRelease
                0x08014200       0x6c build/cmsis_os.o
                0x08014200                osSemaphoreRelease
 .text.osSemaphoreDelete
                0x0801426c       0x26 build/cmsis_os.o
                0x0801426c                osSemaphoreDelete
 .text.osMessageCreate
                0x08014292       0x50 build/cmsis_os.o
                0x08014292                osMessageCreate
 *fill*         0x080142e2        0x2 
 .text.osMessagePut
                0x080142e4       0x80 build/cmsis_os.o
                0x080142e4                osMessagePut
 .text.osMessageGet
                0x08014364       0xe8 build/cmsis_os.o
                0x08014364                osMessageGet
 .text.pvPortMalloc
                0x0801444c      0x1a0 build/heap_4.o
                0x0801444c                pvPortMalloc
 .text.vPortFree
                0x080145ec       0xbc build/heap_4.o
                0x080145ec                vPortFree
 .text.prvHeapInit
                0x080146a8       0xc4 build/heap_4.o
 .text.prvInsertBlockIntoFreeList
                0x0801476c       0xb4 build/heap_4.o
 .text.pxPortInitialiseStack
                0x08014820       0x68 build/port.o
                0x08014820                pxPortInitialiseStack
 .text.prvTaskExitError
                0x08014888       0x60 build/port.o
 *fill*         0x080148e8        0x8 
 .text.SVC_Handler
                0x080148f0       0x28 build/port.o
                0x080148f0                SVC_Handler
 .text.prvPortStartFirstTask
                0x08014918       0x28 build/port.o
 .text.xPortStartScheduler
                0x08014940       0xfc build/port.o
                0x08014940                xPortStartScheduler
 .text.vPortEnterCritical
                0x08014a3c       0x68 build/port.o
                0x08014a3c                vPortEnterCritical
 .text.vPortExitCritical
                0x08014aa4       0x58 build/port.o
                0x08014aa4                vPortExitCritical
 *fill*         0x08014afc        0x4 
 .text.PendSV_Handler
                0x08014b00       0x68 build/port.o
                0x08014b00                PendSV_Handler
 .text.SysTick_Handler
                0x08014b68       0x48 build/port.o
                0x08014b68                SysTick_Handler
 .text.vPortSetupTimerInterrupt
                0x08014bb0       0x48 build/port.o
                0x08014bb0                vPortSetupTimerInterrupt
 .text.vPortEnableVFP
                0x08014bf8       0x14 build/port.o
 .text.vPortValidateInterruptPriority
                0x08014c0c       0x88 build/port.o
                0x08014c0c                vPortValidateInterruptPriority
 .text.USBD_Init
                0x08014c94       0x60 build/usbd_core.o
                0x08014c94                USBD_Init
 .text.USBD_RegisterClass
                0x08014cf4       0x6c build/usbd_core.o
                0x08014cf4                USBD_RegisterClass
 .text.USBD_Start
                0x08014d60       0x18 build/usbd_core.o
                0x08014d60                USBD_Start
 .text.USBD_RunTestMode
                0x08014d78       0x16 build/usbd_core.o
                0x08014d78                USBD_RunTestMode
 .text.USBD_SetClassConfig
                0x08014d8e       0x38 build/usbd_core.o
                0x08014d8e                USBD_SetClassConfig
 .text.USBD_ClrClassConfig
                0x08014dc6       0x34 build/usbd_core.o
                0x08014dc6                USBD_ClrClassConfig
 .text.USBD_LL_SetupStage
                0x08014dfa       0xaa build/usbd_core.o
                0x08014dfa                USBD_LL_SetupStage
 .text.USBD_LL_DataOutStage
                0x08014ea4      0x166 build/usbd_core.o
                0x08014ea4                USBD_LL_DataOutStage
 .text.USBD_LL_DataInStage
                0x0801500a      0x164 build/usbd_core.o
                0x0801500a                USBD_LL_DataInStage
 .text.USBD_LL_Reset
                0x0801516e       0xa4 build/usbd_core.o
                0x0801516e                USBD_LL_Reset
 .text.USBD_LL_SetSpeed
                0x08015212       0x20 build/usbd_core.o
                0x08015212                USBD_LL_SetSpeed
 .text.USBD_LL_Suspend
                0x08015232       0x2c build/usbd_core.o
                0x08015232                USBD_LL_Suspend
 .text.USBD_LL_Resume
                0x0801525e       0x30 build/usbd_core.o
                0x0801525e                USBD_LL_Resume
 .text.USBD_LL_SOF
                0x0801528e       0x40 build/usbd_core.o
                0x0801528e                USBD_LL_SOF
 .text.USBD_LL_IsoINIncomplete
                0x080152ce       0x64 build/usbd_core.o
                0x080152ce                USBD_LL_IsoINIncomplete
 .text.USBD_LL_IsoOUTIncomplete
                0x08015332       0x64 build/usbd_core.o
                0x08015332                USBD_LL_IsoOUTIncomplete
 .text.USBD_LL_DevConnected
                0x08015396       0x16 build/usbd_core.o
                0x08015396                USBD_LL_DevConnected
 .text.USBD_LL_DevDisconnected
                0x080153ac       0x46 build/usbd_core.o
                0x080153ac                USBD_LL_DevDisconnected
 .text.USBD_CoreFindIF
                0x080153f2       0x1a build/usbd_core.o
                0x080153f2                USBD_CoreFindIF
 .text.USBD_CoreFindEP
                0x0801540c       0x1a build/usbd_core.o
                0x0801540c                USBD_CoreFindEP
 .text.USBD_GetEpDesc
                0x08015426       0x74 build/usbd_core.o
                0x08015426                USBD_GetEpDesc
 .text.USBD_GetNextDesc
                0x0801549a       0x3a build/usbd_core.o
                0x0801549a                USBD_GetNextDesc
 .text.SWAPBYTE
                0x080154d4       0x3c build/usbd_ctlreq.o
 .text.USBD_StdDevReq
                0x08015510       0xe4 build/usbd_ctlreq.o
                0x08015510                USBD_StdDevReq
 .text.USBD_StdItfReq
                0x080155f4       0xd8 build/usbd_ctlreq.o
                0x080155f4                USBD_StdItfReq
 .text.USBD_StdEPReq
                0x080156cc      0x33a build/usbd_ctlreq.o
                0x080156cc                USBD_StdEPReq
 *fill*         0x08015a06        0x2 
 .text.USBD_GetDescriptor
                0x08015a08      0x328 build/usbd_ctlreq.o
 .text.USBD_SetAddress
                0x08015d30       0x88 build/usbd_ctlreq.o
 .text.USBD_SetConfig
                0x08015db8      0x154 build/usbd_ctlreq.o
 .text.USBD_GetConfig
                0x08015f0c       0x6c build/usbd_ctlreq.o
 .text.USBD_GetStatus
                0x08015f78       0x68 build/usbd_ctlreq.o
 .text.USBD_SetFeature
                0x08015fe0       0x52 build/usbd_ctlreq.o
 .text.USBD_ClrFeature
                0x08016032       0x44 build/usbd_ctlreq.o
 .text.USBD_ParseSetupRequest
                0x08016076       0x74 build/usbd_ctlreq.o
                0x08016076                USBD_ParseSetupRequest
 .text.USBD_CtlError
                0x080160ea       0x22 build/usbd_ctlreq.o
                0x080160ea                USBD_CtlError
 .text.USBD_GetString
                0x0801610c       0x8c build/usbd_ctlreq.o
                0x0801610c                USBD_GetString
 .text.USBD_GetLen
                0x08016198       0x34 build/usbd_ctlreq.o
 .text.USBD_CtlSendData
                0x080161cc       0x36 build/usbd_ioreq.o
                0x080161cc                USBD_CtlSendData
 .text.USBD_CtlContinueSendData
                0x08016202       0x22 build/usbd_ioreq.o
                0x08016202                USBD_CtlContinueSendData
 .text.USBD_CtlContinueRx
                0x08016224       0x22 build/usbd_ioreq.o
                0x08016224                USBD_CtlContinueRx
 .text.USBD_CtlSendStatus
                0x08016246       0x26 build/usbd_ioreq.o
                0x08016246                USBD_CtlSendStatus
 .text.USBD_CtlReceiveStatus
                0x0801626c       0x26 build/usbd_ioreq.o
                0x0801626c                USBD_CtlReceiveStatus
 *fill*         0x08016292        0x2 
 .text.USBD_MSC_Init
                0x08016294      0x120 build/usbd_msc.o
                0x08016294                USBD_MSC_Init
 .text.USBD_MSC_DeInit
                0x080163b4       0xb0 build/usbd_msc.o
                0x080163b4                USBD_MSC_DeInit
 .text.USBD_MSC_Setup
                0x08016464      0x1f8 build/usbd_msc.o
                0x08016464                USBD_MSC_Setup
 .text.USBD_MSC_DataIn
                0x0801665c       0x20 build/usbd_msc.o
                0x0801665c                USBD_MSC_DataIn
 .text.USBD_MSC_DataOut
                0x0801667c       0x20 build/usbd_msc.o
                0x0801667c                USBD_MSC_DataOut
 .text.USBD_MSC_GetHSCfgDesc
                0x0801669c       0x58 build/usbd_msc.o
                0x0801669c                USBD_MSC_GetHSCfgDesc
 .text.USBD_MSC_GetFSCfgDesc
                0x080166f4       0x58 build/usbd_msc.o
                0x080166f4                USBD_MSC_GetFSCfgDesc
 .text.USBD_MSC_GetOtherSpeedCfgDesc
                0x0801674c       0x58 build/usbd_msc.o
                0x0801674c                USBD_MSC_GetOtherSpeedCfgDesc
 .text.USBD_MSC_GetDeviceQualifierDescriptor
                0x080167a4       0x20 build/usbd_msc.o
                0x080167a4                USBD_MSC_GetDeviceQualifierDescriptor
 .text.USBD_MSC_RegisterStorage
                0x080167c4       0x34 build/usbd_msc.o
                0x080167c4                USBD_MSC_RegisterStorage
 .text.MSC_BOT_Init
                0x080167f8       0x94 build/usbd_msc_bot.o
                0x080167f8                MSC_BOT_Init
 .text.MSC_BOT_Reset
                0x0801688c       0x68 build/usbd_msc_bot.o
                0x0801688c                MSC_BOT_Reset
 .text.MSC_BOT_DeInit
                0x080168f4       0x30 build/usbd_msc_bot.o
                0x080168f4                MSC_BOT_DeInit
 .text.MSC_BOT_DataIn
                0x08016924       0x74 build/usbd_msc_bot.o
                0x08016924                MSC_BOT_DataIn
 .text.MSC_BOT_DataOut
                0x08016998       0x68 build/usbd_msc_bot.o
                0x08016998                MSC_BOT_DataOut
 .text.MSC_BOT_CBW_Decode
                0x08016a00      0x128 build/usbd_msc_bot.o
 .text.MSC_BOT_SendData
                0x08016b28       0x6c build/usbd_msc_bot.o
 .text.MSC_BOT_SendCSW
                0x08016b94       0x74 build/usbd_msc_bot.o
                0x08016b94                MSC_BOT_SendCSW
 .text.MSC_BOT_Abort
                0x08016c08       0x84 build/usbd_msc_bot.o
 .text.MSC_BOT_CplClrFeature
                0x08016c8c       0x74 build/usbd_msc_bot.o
                0x08016c8c                MSC_BOT_CplClrFeature
 .text.SCSI_ProcessCmd
                0x08016d00      0x304 build/usbd_msc_scsi.o
                0x08016d00                SCSI_ProcessCmd
 .text.SCSI_TestUnitReady
                0x08017004       0xb2 build/usbd_msc_scsi.o
 *fill*         0x080170b6        0x2 
 .text.SCSI_Inquiry
                0x080170b8       0xfc build/usbd_msc_scsi.o
 .text.SCSI_ReadCapacity10
                0x080171b4       0xfc build/usbd_msc_scsi.o
 .text.SCSI_ReadCapacity16
                0x080172b0      0x166 build/usbd_msc_scsi.o
 .text.SCSI_ReadFormatCapacity
                0x08017416       0xf6 build/usbd_msc_scsi.o
 .text.SCSI_ModeSense6
                0x0801750c       0x60 build/usbd_msc_scsi.o
 .text.SCSI_ModeSense10
                0x0801756c       0x60 build/usbd_msc_scsi.o
 .text.SCSI_RequestSense
                0x080175cc      0x106 build/usbd_msc_scsi.o
 .text.SCSI_SenseCode
                0x080176d2       0x96 build/usbd_msc_scsi.o
                0x080176d2                SCSI_SenseCode
 .text.SCSI_StartStopUnit
                0x08017768       0xaa build/usbd_msc_scsi.o
 .text.SCSI_AllowPreventRemovable
                0x08017812       0x5a build/usbd_msc_scsi.o
 .text.SCSI_Read10
                0x0801786c      0x154 build/usbd_msc_scsi.o
 .text.SCSI_Read12
                0x080179c0      0x168 build/usbd_msc_scsi.o
 .text.SCSI_Write10
                0x08017b28      0x1ac build/usbd_msc_scsi.o
 .text.SCSI_Write12
                0x08017cd4      0x1cc build/usbd_msc_scsi.o
 .text.SCSI_Verify10
                0x08017ea0       0x7a build/usbd_msc_scsi.o
 .text.SCSI_CheckAddressRange
                0x08017f1a       0x58 build/usbd_msc_scsi.o
 *fill*         0x08017f72        0x2 
 .text.SCSI_ProcessRead
                0x08017f74      0x10c build/usbd_msc_scsi.o
 .text.SCSI_ProcessWrite
                0x08018080      0x12c build/usbd_msc_scsi.o
 .text.SCSI_UpdateBotData
                0x080181ac       0x52 build/usbd_msc_scsi.o
 *fill*         0x080181fe        0x2 
 .text.HAL_DMA2D_Init
                0x08018200       0x94 build/stm32f7xx_hal_dma2d.o
                0x08018200                HAL_DMA2D_Init
 .text.HAL_DMA2D_Start
                0x08018294       0x56 build/stm32f7xx_hal_dma2d.o
                0x08018294                HAL_DMA2D_Start
 .text.HAL_DMA2D_PollForTransfer
                0x080182ea      0x1d2 build/stm32f7xx_hal_dma2d.o
                0x080182ea                HAL_DMA2D_PollForTransfer
 .text.HAL_DMA2D_IRQHandler
                0x080184bc      0x1f8 build/stm32f7xx_hal_dma2d.o
                0x080184bc                HAL_DMA2D_IRQHandler
 .text.HAL_DMA2D_LineEventCallback
                0x080186b4       0x14 build/stm32f7xx_hal_dma2d.o
                0x080186b4                HAL_DMA2D_LineEventCallback
 .text.HAL_DMA2D_CLUTLoadingCpltCallback
                0x080186c8       0x14 build/stm32f7xx_hal_dma2d.o
                0x080186c8                HAL_DMA2D_CLUTLoadingCpltCallback
 .text.HAL_DMA2D_ConfigLayer
                0x080186dc      0x124 build/stm32f7xx_hal_dma2d.o
                0x080186dc                HAL_DMA2D_ConfigLayer
 .text.DMA2D_SetConfig
                0x08018800      0x138 build/stm32f7xx_hal_dma2d.o
 .text.Reset_Handler
                0x08018938       0x50 build/startup_stm32f746xx.o
                0x08018938                Reset_Handler
 .text.Default_Handler
                0x08018988        0x2 build/startup_stm32f746xx.o
                0x08018988                RTC_Alarm_IRQHandler
                0x08018988                EXTI2_IRQHandler
                0x08018988                TIM8_CC_IRQHandler
                0x08018988                UART8_IRQHandler
                0x08018988                SPI4_IRQHandler
                0x08018988                TIM1_CC_IRQHandler
                0x08018988                DMA2_Stream5_IRQHandler
                0x08018988                DMA1_Stream5_IRQHandler
                0x08018988                PVD_IRQHandler
                0x08018988                TAMP_STAMP_IRQHandler
                0x08018988                CAN2_RX1_IRQHandler
                0x08018988                EXTI3_IRQHandler
                0x08018988                TIM8_TRG_COM_TIM14_IRQHandler
                0x08018988                TIM1_UP_TIM10_IRQHandler
                0x08018988                TIM8_UP_TIM13_IRQHandler
                0x08018988                I2C3_ER_IRQHandler
                0x08018988                EXTI0_IRQHandler
                0x08018988                I2C2_EV_IRQHandler
                0x08018988                DMA1_Stream2_IRQHandler
                0x08018988                CAN1_RX0_IRQHandler
                0x08018988                FPU_IRQHandler
                0x08018988                OTG_HS_WKUP_IRQHandler
                0x08018988                LTDC_ER_IRQHandler
                0x08018988                CAN2_SCE_IRQHandler
                0x08018988                DMA2_Stream2_IRQHandler
                0x08018988                SPI1_IRQHandler
                0x08018988                TIM1_BRK_TIM9_IRQHandler
                0x08018988                DCMI_IRQHandler
                0x08018988                CAN2_RX0_IRQHandler
                0x08018988                SAI2_IRQHandler
                0x08018988                USART6_IRQHandler
                0x08018988                USART3_IRQHandler
                0x08018988                CAN1_RX1_IRQHandler
                0x08018988                UART5_IRQHandler
                0x08018988                TIM4_IRQHandler
                0x08018988                QUADSPI_IRQHandler
                0x08018988                I2C1_EV_IRQHandler
                0x08018988                DMA1_Stream6_IRQHandler
                0x08018988                DMA1_Stream1_IRQHandler
                0x08018988                UART4_IRQHandler
                0x08018988                TIM3_IRQHandler
                0x08018988                RCC_IRQHandler
                0x08018988                TIM8_BRK_TIM12_IRQHandler
                0x08018988                Default_Handler
                0x08018988                CEC_IRQHandler
                0x08018988                EXTI15_10_IRQHandler
                0x08018988                ADC_IRQHandler
                0x08018988                DMA1_Stream7_IRQHandler
                0x08018988                SPI5_IRQHandler
                0x08018988                TIM7_IRQHandler
                0x08018988                CAN2_TX_IRQHandler
                0x08018988                TIM5_IRQHandler
                0x08018988                DMA2_Stream7_IRQHandler
                0x08018988                I2C3_EV_IRQHandler
                0x08018988                EXTI9_5_IRQHandler
                0x08018988                RTC_WKUP_IRQHandler
                0x08018988                ETH_WKUP_IRQHandler
                0x08018988                SPDIF_RX_IRQHandler
                0x08018988                SPI2_IRQHandler
                0x08018988                OTG_HS_EP1_IN_IRQHandler
                0x08018988                DMA1_Stream0_IRQHandler
                0x08018988                CAN1_TX_IRQHandler
                0x08018988                EXTI4_IRQHandler
                0x08018988                RNG_IRQHandler
                0x08018988                ETH_IRQHandler
                0x08018988                OTG_HS_EP1_OUT_IRQHandler
                0x08018988                WWDG_IRQHandler
                0x08018988                SPI6_IRQHandler
                0x08018988                I2C4_EV_IRQHandler
                0x08018988                TIM2_IRQHandler
                0x08018988                OTG_FS_WKUP_IRQHandler
                0x08018988                TIM1_TRG_COM_TIM11_IRQHandler
                0x08018988                EXTI1_IRQHandler
                0x08018988                UART7_IRQHandler
                0x08018988                USART2_IRQHandler
                0x08018988                I2C2_ER_IRQHandler
                0x08018988                DMA2_Stream1_IRQHandler
                0x08018988                CAN1_SCE_IRQHandler
                0x08018988                FLASH_IRQHandler
                0x08018988                DMA2_Stream4_IRQHandler
                0x08018988                USART1_IRQHandler
                0x08018988                OTG_FS_IRQHandler
                0x08018988                SPI3_IRQHandler
                0x08018988                DMA1_Stream4_IRQHandler
                0x08018988                I2C1_ER_IRQHandler
                0x08018988                FMC_IRQHandler
                0x08018988                LPTIM1_IRQHandler
                0x08018988                I2C4_ER_IRQHandler
                0x08018988                SAI1_IRQHandler
                0x08018988                DMA1_Stream3_IRQHandler
 *fill*         0x0801898a        0x2 
 .text.__libc_init_array
                0x0801898c       0x48 d:/3.tools/arm_gcc_toolchain/bin/../lib/gcc/arm-none-eabi/10.3.1/../../../../arm-none-eabi/lib/thumb/v7e-m+fp/hard\libc_nano.a(lib_a-init.o)
                0x0801898c                __libc_init_array
 .text.malloc   0x080189d4       0x10 d:/3.tools/arm_gcc_toolchain/bin/../lib/gcc/arm-none-eabi/10.3.1/../../../../arm-none-eabi/lib/thumb/v7e-m+fp/hard\libc_nano.a(lib_a-malloc.o)
                0x080189d4                malloc
 .text.free     0x080189e4       0x10 d:/3.tools/arm_gcc_toolchain/bin/../lib/gcc/arm-none-eabi/10.3.1/../../../../arm-none-eabi/lib/thumb/v7e-m+fp/hard\libc_nano.a(lib_a-malloc.o)
                0x080189e4                free
 .text.memcpy   0x080189f4       0x1c d:/3.tools/arm_gcc_toolchain/bin/../lib/gcc/arm-none-eabi/10.3.1/../../../../arm-none-eabi/lib/thumb/v7e-m+fp/hard\libc_nano.a(lib_a-memcpy-stub.o)
                0x080189f4                memcpy
 .text.memset   0x08018a10       0x10 d:/3.tools/arm_gcc_toolchain/bin/../lib/gcc/arm-none-eabi/10.3.1/../../../../arm-none-eabi/lib/thumb/v7e-m+fp/hard\libc_nano.a(lib_a-memset.o)
                0x08018a10                memset
 .text._free_r  0x08018a20       0x98 d:/3.tools/arm_gcc_toolchain/bin/../lib/gcc/arm-none-eabi/10.3.1/../../../../arm-none-eabi/lib/thumb/v7e-m+fp/hard\libc_nano.a(lib_a-nano-freer.o)
                0x08018a20                _free_r
 .text.sbrk_aligned
                0x08018ab8       0x40 d:/3.tools/arm_gcc_toolchain/bin/../lib/gcc/arm-none-eabi/10.3.1/../../../../arm-none-eabi/lib/thumb/v7e-m+fp/hard\libc_nano.a(lib_a-nano-mallocr.o)
 .text._malloc_r
                0x08018af8       0xe8 d:/3.tools/arm_gcc_toolchain/bin/../lib/gcc/arm-none-eabi/10.3.1/../../../../arm-none-eabi/lib/thumb/v7e-m+fp/hard\libc_nano.a(lib_a-nano-mallocr.o)
                0x08018af8                _malloc_r
 .text.cleanup_glue
                0x08018be0       0x1a d:/3.tools/arm_gcc_toolchain/bin/../lib/gcc/arm-none-eabi/10.3.1/../../../../arm-none-eabi/lib/thumb/v7e-m+fp/hard\libc_nano.a(lib_a-reent.o)
                0x08018be0                cleanup_glue
 *fill*         0x08018bfa        0x2 
 .text._reclaim_reent
                0x08018bfc       0xb8 d:/3.tools/arm_gcc_toolchain/bin/../lib/gcc/arm-none-eabi/10.3.1/../../../../arm-none-eabi/lib/thumb/v7e-m+fp/hard\libc_nano.a(lib_a-reent.o)
                0x08018bfc                _reclaim_reent
 .text._sbrk_r  0x08018cb4       0x20 d:/3.tools/arm_gcc_toolchain/bin/../lib/gcc/arm-none-eabi/10.3.1/../../../../arm-none-eabi/lib/thumb/v7e-m+fp/hard\libc_nano.a(lib_a-sbrkr.o)
                0x08018cb4                _sbrk_r
 .text.sprintf  0x08018cd4       0x40 d:/3.tools/arm_gcc_toolchain/bin/../lib/gcc/arm-none-eabi/10.3.1/../../../../arm-none-eabi/lib/thumb/v7e-m+fp/hard\libc_nano.a(lib_a-sprintf.o)
                0x08018cd4                siprintf
                0x08018cd4                sprintf
 .text.__malloc_lock
                0x08018d14        0xc d:/3.tools/arm_gcc_toolchain/bin/../lib/gcc/arm-none-eabi/10.3.1/../../../../arm-none-eabi/lib/thumb/v7e-m+fp/hard\libc_nano.a(lib_a-mlock.o)
                0x08018d14                __malloc_lock
 .text.__malloc_unlock
                0x08018d20        0xc d:/3.tools/arm_gcc_toolchain/bin/../lib/gcc/arm-none-eabi/10.3.1/../../../../arm-none-eabi/lib/thumb/v7e-m+fp/hard\libc_nano.a(lib_a-mlock.o)
                0x08018d20                __malloc_unlock
 .text.__ssputs_r
                0x08018d2c       0xb6 d:/3.tools/arm_gcc_toolchain/bin/../lib/gcc/arm-none-eabi/10.3.1/../../../../arm-none-eabi/lib/thumb/v7e-m+fp/hard\libc_nano.a(lib_a-nano-svfprintf.o)
                0x08018d2c                __ssputs_r
 *fill*         0x08018de2        0x2 
 .text._svfprintf_r
                0x08018de4      0x200 d:/3.tools/arm_gcc_toolchain/bin/../lib/gcc/arm-none-eabi/10.3.1/../../../../arm-none-eabi/lib/thumb/v7e-m+fp/hard\libc_nano.a(lib_a-nano-svfprintf.o)
                0x08018de4                _svfiprintf_r
                0x08018de4                _svfprintf_r
 .text._printf_common
                0x08018fe4       0xda d:/3.tools/arm_gcc_toolchain/bin/../lib/gcc/arm-none-eabi/10.3.1/../../../../arm-none-eabi/lib/thumb/v7e-m+fp/hard\libc_nano.a(lib_a-nano-vfprintf_i.o)
                0x08018fe4                _printf_common
 *fill*         0x080190be        0x2 
 .text._printf_i
                0x080190c0      0x24c d:/3.tools/arm_gcc_toolchain/bin/../lib/gcc/arm-none-eabi/10.3.1/../../../../arm-none-eabi/lib/thumb/v7e-m+fp/hard\libc_nano.a(lib_a-nano-vfprintf_i.o)
                0x080190c0                _printf_i
 .text.__retarget_lock_acquire_recursive
                0x0801930c        0x2 d:/3.tools/arm_gcc_toolchain/bin/../lib/gcc/arm-none-eabi/10.3.1/../../../../arm-none-eabi/lib/thumb/v7e-m+fp/hard\libc_nano.a(lib_a-lock.o)
                0x0801930c                __retarget_lock_acquire_recursive
 .text.__retarget_lock_release_recursive
                0x0801930e        0x2 d:/3.tools/arm_gcc_toolchain/bin/../lib/gcc/arm-none-eabi/10.3.1/../../../../arm-none-eabi/lib/thumb/v7e-m+fp/hard\libc_nano.a(lib_a-lock.o)
                0x0801930e                __retarget_lock_release_recursive
 .text.memmove  0x08019310       0x34 d:/3.tools/arm_gcc_toolchain/bin/../lib/gcc/arm-none-eabi/10.3.1/../../../../arm-none-eabi/lib/thumb/v7e-m+fp/hard\libc_nano.a(lib_a-memmove.o)
                0x08019310                memmove
 .text._realloc_r
                0x08019344       0x5e d:/3.tools/arm_gcc_toolchain/bin/../lib/gcc/arm-none-eabi/10.3.1/../../../../arm-none-eabi/lib/thumb/v7e-m+fp/hard\libc_nano.a(lib_a-nano-reallocr.o)
                0x08019344                _realloc_r
 .text._malloc_usable_size_r
                0x080193a2       0x10 d:/3.tools/arm_gcc_toolchain/bin/../lib/gcc/arm-none-eabi/10.3.1/../../../../arm-none-eabi/lib/thumb/v7e-m+fp/hard\libc_nano.a(lib_a-nano-msizer.o)
                0x080193a2                _malloc_usable_size_r
 *fill*         0x080193b2        0x2 
 .text._sbrk    0x080193b4       0x1c d:/3.tools/arm_gcc_toolchain/bin/../lib/gcc/arm-none-eabi/10.3.1/../../../../arm-none-eabi/lib/thumb/v7e-m+fp/hard\libnosys.a(sbrk.o)
                0x080193b4                _sbrk
 *(.glue_7)
 .glue_7        0x080193d0        0x0 linker stubs
 *(.glue_7t)
 .glue_7t       0x080193d0        0x0 linker stubs
 *(.eh_frame)
 .eh_frame      0x080193d0        0x0 d:/3.tools/arm_gcc_toolchain/bin/../lib/gcc/arm-none-eabi/10.3.1/thumb/v7e-m+fp/hard/crtbegin.o
 *(.init)
 .init          0x080193d0        0x4 d:/3.tools/arm_gcc_toolchain/bin/../lib/gcc/arm-none-eabi/10.3.1/thumb/v7e-m+fp/hard/crti.o
                0x080193d0                _init
 .init          0x080193d4        0x8 d:/3.tools/arm_gcc_toolchain/bin/../lib/gcc/arm-none-eabi/10.3.1/thumb/v7e-m+fp/hard/crtn.o
 *(.fini)
 .fini          0x080193dc        0x4 d:/3.tools/arm_gcc_toolchain/bin/../lib/gcc/arm-none-eabi/10.3.1/thumb/v7e-m+fp/hard/crti.o
                0x080193dc                _fini
 .fini          0x080193e0        0x8 d:/3.tools/arm_gcc_toolchain/bin/../lib/gcc/arm-none-eabi/10.3.1/thumb/v7e-m+fp/hard/crtn.o
                0x080193e8                . = ALIGN (0x4)
                0x080193e8                _etext = .
