Archive member included to satisfy reference by file (symbol)

d:/3.tools/arm_gcc_toolchain/bin/../lib/gcc/arm-none-eabi/10.3.1/../../../../arm-none-eabi/lib/thumb/v7e-m+fp/hard\libc_nano.a(lib_a-exit.o)
                              d:/3.tools/arm_gcc_toolchain/bin/../lib/gcc/arm-none-eabi/10.3.1/../../../../arm-none-eabi/lib/thumb/v7e-m+fp/hard/crt0.o (exit)
d:/3.tools/arm_gcc_toolchain/bin/../lib/gcc/arm-none-eabi/10.3.1/../../../../arm-none-eabi/lib/thumb/v7e-m+fp/hard\libc_nano.a(lib_a-impure.o)
                              d:/3.tools/arm_gcc_toolchain/bin/../lib/gcc/arm-none-eabi/10.3.1/../../../../arm-none-eabi/lib/thumb/v7e-m+fp/hard\libc_nano.a(lib_a-exit.o) (_global_impure_ptr)
d:/3.tools/arm_gcc_toolchain/bin/../lib/gcc/arm-none-eabi/10.3.1/../../../../arm-none-eabi/lib/thumb/v7e-m+fp/hard\libc_nano.a(lib_a-init.o)
                              d:/3.tools/arm_gcc_toolchain/bin/../lib/gcc/arm-none-eabi/10.3.1/../../../../arm-none-eabi/lib/thumb/v7e-m+fp/hard/crt0.o (__libc_init_array)
d:/3.tools/arm_gcc_toolchain/bin/../lib/gcc/arm-none-eabi/10.3.1/../../../../arm-none-eabi/lib/thumb/v7e-m+fp/hard\libc_nano.a(lib_a-malloc.o)
                              build/usbd_msc.o (malloc)
d:/3.tools/arm_gcc_toolchain/bin/../lib/gcc/arm-none-eabi/10.3.1/../../../../arm-none-eabi/lib/thumb/v7e-m+fp/hard\libc_nano.a(lib_a-memcpy-stub.o)
                              build/queue.o (memcpy)
d:/3.tools/arm_gcc_toolchain/bin/../lib/gcc/arm-none-eabi/10.3.1/../../../../arm-none-eabi/lib/thumb/v7e-m+fp/hard\libc_nano.a(lib_a-memset.o)
                              d:/3.tools/arm_gcc_toolchain/bin/../lib/gcc/arm-none-eabi/10.3.1/../../../../arm-none-eabi/lib/thumb/v7e-m+fp/hard/crt0.o (memset)
d:/3.tools/arm_gcc_toolchain/bin/../lib/gcc/arm-none-eabi/10.3.1/../../../../arm-none-eabi/lib/thumb/v7e-m+fp/hard\libc_nano.a(lib_a-nano-freer.o)
                              d:/3.tools/arm_gcc_toolchain/bin/../lib/gcc/arm-none-eabi/10.3.1/../../../../arm-none-eabi/lib/thumb/v7e-m+fp/hard\libc_nano.a(lib_a-malloc.o) (_free_r)
d:/3.tools/arm_gcc_toolchain/bin/../lib/gcc/arm-none-eabi/10.3.1/../../../../arm-none-eabi/lib/thumb/v7e-m+fp/hard\libc_nano.a(lib_a-nano-mallocr.o)
                              d:/3.tools/arm_gcc_toolchain/bin/../lib/gcc/arm-none-eabi/10.3.1/../../../../arm-none-eabi/lib/thumb/v7e-m+fp/hard\libc_nano.a(lib_a-malloc.o) (_malloc_r)
d:/3.tools/arm_gcc_toolchain/bin/../lib/gcc/arm-none-eabi/10.3.1/../../../../arm-none-eabi/lib/thumb/v7e-m+fp/hard\libc_nano.a(lib_a-reent.o)
                              build/tasks.o (_reclaim_reent)
d:/3.tools/arm_gcc_toolchain/bin/../lib/gcc/arm-none-eabi/10.3.1/../../../../arm-none-eabi/lib/thumb/v7e-m+fp/hard\libc_nano.a(lib_a-sbrkr.o)
                              d:/3.tools/arm_gcc_toolchain/bin/../lib/gcc/arm-none-eabi/10.3.1/../../../../arm-none-eabi/lib/thumb/v7e-m+fp/hard\libc_nano.a(lib_a-nano-mallocr.o) (_sbrk_r)
d:/3.tools/arm_gcc_toolchain/bin/../lib/gcc/arm-none-eabi/10.3.1/../../../../arm-none-eabi/lib/thumb/v7e-m+fp/hard\libc_nano.a(lib_a-mlock.o)
                              d:/3.tools/arm_gcc_toolchain/bin/../lib/gcc/arm-none-eabi/10.3.1/../../../../arm-none-eabi/lib/thumb/v7e-m+fp/hard\libc_nano.a(lib_a-nano-freer.o) (__malloc_lock)
d:/3.tools/arm_gcc_toolchain/bin/../lib/gcc/arm-none-eabi/10.3.1/../../../../arm-none-eabi/lib/thumb/v7e-m+fp/hard\libc_nano.a(lib_a-lock.o)
                              d:/3.tools/arm_gcc_toolchain/bin/../lib/gcc/arm-none-eabi/10.3.1/../../../../arm-none-eabi/lib/thumb/v7e-m+fp/hard\libc_nano.a(lib_a-mlock.o) (__retarget_lock_acquire_recursive)
d:/3.tools/arm_gcc_toolchain/bin/../lib/gcc/arm-none-eabi/10.3.1/../../../../arm-none-eabi/lib/thumb/v7e-m+fp/hard\libnosys.a(sbrk.o)
                              d:/3.tools/arm_gcc_toolchain/bin/../lib/gcc/arm-none-eabi/10.3.1/../../../../arm-none-eabi/lib/thumb/v7e-m+fp/hard\libc_nano.a(lib_a-sbrkr.o) (_sbrk)
d:/3.tools/arm_gcc_toolchain/bin/../lib/gcc/arm-none-eabi/10.3.1/../../../../arm-none-eabi/lib/thumb/v7e-m+fp/hard\libnosys.a(_exit.o)
                              d:/3.tools/arm_gcc_toolchain/bin/../lib/gcc/arm-none-eabi/10.3.1/../../../../arm-none-eabi/lib/thumb/v7e-m+fp/hard\libc_nano.a(lib_a-exit.o) (_exit)
d:/3.tools/arm_gcc_toolchain/bin/../lib/gcc/arm-none-eabi/10.3.1/thumb/v7e-m+fp/hard\libgcc.a(_aeabi_uldivmod.o)
                              build/stm32f7xx_hal_rcc.o (__aeabi_uldivmod)
d:/3.tools/arm_gcc_toolchain/bin/../lib/gcc/arm-none-eabi/10.3.1/thumb/v7e-m+fp/hard\libgcc.a(_udivmoddi4.o)
                              d:/3.tools/arm_gcc_toolchain/bin/../lib/gcc/arm-none-eabi/10.3.1/thumb/v7e-m+fp/hard\libgcc.a(_aeabi_uldivmod.o) (__udivmoddi4)
d:/3.tools/arm_gcc_toolchain/bin/../lib/gcc/arm-none-eabi/10.3.1/thumb/v7e-m+fp/hard\libgcc.a(_dvmd_tls.o)
                              d:/3.tools/arm_gcc_toolchain/bin/../lib/gcc/arm-none-eabi/10.3.1/thumb/v7e-m+fp/hard\libgcc.a(_aeabi_uldivmod.o) (__aeabi_ldiv0)

Discarded input sections

[...]
Memory Configuration

Name             Origin             Length             Attributes
RAM              0x20000000         0x00050000         xrw
FLASH            0x08000000         0x00100000         xr
*default*        0x00000000         0xffffffff

Linker script and memory map

LOAD d:/3.tools/arm_gcc_toolchain/bin/../lib/gcc/arm-none-eabi/10.3.1/thumb/v7e-m+fp/hard/crti.o
LOAD d:/3.tools/arm_gcc_toolchain/bin/../lib/gcc/arm-none-eabi/10.3.1/thumb/v7e-m+fp/hard/crtbegin.o
LOAD d:/3.tools/arm_gcc_toolchain/bin/../lib/gcc/arm-none-eabi/10.3.1/../../../../arm-none-eabi/lib/thumb/v7e-m+fp/hard/crt0.o
LOAD build/main.o
LOAD build/freertos.o
LOAD build/stm32f7xx_it.o
LOAD build/stm32f7xx_hal_msp.o
LOAD build/stm32f7xx_hal_timebase_tim.o
LOAD build/lcd.o
LOAD build/lcd2.o
LOAD build/sdram.o
LOAD build/touch.o
LOAD build/stm32746g_discovery.o
LOAD build/logo.o
LOAD build/bsp_driver_sd.o
LOAD build/sd_diskio.o
LOAD build/fatfs_platform.o
LOAD build/fatfs.o
LOAD build/usb_device.o
LOAD build/usbd_desc.o
LOAD build/usbd_storage_if.o
LOAD build/usbd_conf.o
LOAD build/stm32f7xx_hal_pcd.o
LOAD build/stm32f7xx_hal_pcd_ex.o
LOAD build/stm32f7xx_ll_usb.o
LOAD build/stm32f7xx_hal_rcc.o
LOAD build/stm32f7xx_hal_rcc_ex.o
LOAD build/stm32f7xx_hal_flash.o
LOAD build/stm32f7xx_hal_flash_ex.o
LOAD build/stm32f7xx_hal_gpio.o
LOAD build/stm32f7xx_hal_dma.o
LOAD build/stm32f7xx_hal_dma_ex.o
LOAD build/stm32f7xx_hal_pwr.o
LOAD build/stm32f7xx_hal_pwr_ex.o
LOAD build/stm32f7xx_hal_cortex.o
LOAD build/stm32f7xx_hal.o
LOAD build/stm32f7xx_hal_i2c.o
LOAD build/stm32f7xx_hal_i2c_ex.o
LOAD build/stm32f7xx_hal_exti.o
LOAD build/stm32f7xx_hal_crc.o
LOAD build/stm32f7xx_hal_crc_ex.o
LOAD build/stm32f7xx_ll_fmc.o
LOAD build/stm32f7xx_hal_sdram.o
LOAD build/stm32f7xx_hal_ltdc.o
LOAD build/stm32f7xx_hal_ltdc_ex.o
LOAD build/stm32f7xx_hal_dsi.o
LOAD build/stm32f7xx_hal_qspi.o
LOAD build/stm32f7xx_ll_sdmmc.o
LOAD build/stm32f7xx_hal_sd.o
LOAD build/stm32f7xx_hal_spi.o
LOAD build/stm32f7xx_hal_spi_ex.o
LOAD build/stm32f7xx_hal_tim.o
LOAD build/stm32f7xx_hal_tim_ex.o
LOAD build/stm32f7xx_hal_uart.o
LOAD build/stm32f7xx_hal_uart_ex.o
LOAD build/system_stm32f7xx.o
LOAD build/diskio.o
LOAD build/ff.o
LOAD build/ff_gen_drv.o
LOAD build/syscall.o
LOAD build/ccsbcs.o
LOAD build/croutine.o
LOAD build/event_groups.o
LOAD build/list.o
LOAD build/queue.o
LOAD build/stream_buffer.o
LOAD build/tasks.o
LOAD build/timers.o
LOAD build/cmsis_os.o
LOAD build/heap_4.o
LOAD build/port.o
LOAD build/usbd_core.o
LOAD build/usbd_ctlreq.o
LOAD build/usbd_ioreq.o
LOAD build/usbd_msc.o
LOAD build/usbd_msc_bot.o
LOAD build/usbd_msc_data.o
LOAD build/usbd_msc_scsi.o
LOAD build/stm32f7xx_hal_dma2d.o
LOAD build/startup_stm32f746xx.o
LOAD d:/3.tools/arm_gcc_toolchain/bin/../lib/gcc/arm-none-eabi/10.3.1/../../../../arm-none-eabi/lib/thumb/v7e-m+fp/hard\libc_nano.a
LOAD d:/3.tools/arm_gcc_toolchain/bin/../lib/gcc/arm-none-eabi/10.3.1/../../../../arm-none-eabi/lib/thumb/v7e-m+fp/hard\libm.a
LOAD d:/3.tools/arm_gcc_toolchain/bin/../lib/gcc/arm-none-eabi/10.3.1/../../../../arm-none-eabi/lib/thumb/v7e-m+fp/hard\libnosys.a
START GROUP
LOAD d:/3.tools/arm_gcc_toolchain/bin/../lib/gcc/arm-none-eabi/10.3.1/thumb/v7e-m+fp/hard\libgcc.a
LOAD d:/3.tools/arm_gcc_toolchain/bin/../lib/gcc/arm-none-eabi/10.3.1/../../../../arm-none-eabi/lib/thumb/v7e-m+fp/hard\libc_nano.a
END GROUP
START GROUP
LOAD d:/3.tools/arm_gcc_toolchain/bin/../lib/gcc/arm-none-eabi/10.3.1/thumb/v7e-m+fp/hard\libgcc.a
LOAD d:/3.tools/arm_gcc_toolchain/bin/../lib/gcc/arm-none-eabi/10.3.1/../../../../arm-none-eabi/lib/thumb/v7e-m+fp/hard\libc_nano.a
END GROUP
LOAD d:/3.tools/arm_gcc_toolchain/bin/../lib/gcc/arm-none-eabi/10.3.1/thumb/v7e-m+fp/hard/crtend.o
LOAD d:/3.tools/arm_gcc_toolchain/bin/../lib/gcc/arm-none-eabi/10.3.1/thumb/v7e-m+fp/hard/crtn.o
                0x20050000                _estack = (ORIGIN (RAM) + LENGTH (RAM))
                0x00000200                _Min_Heap_Size = 0x200
                0x00000400                _Min_Stack_Size = 0x400

.isr_vector     0x08000000      0x1c8
                0x08000000                . = ALIGN (0x4)
 *(.isr_vector)
 .isr_vector    0x08000000      0x1c8 build/startup_stm32f746xx.o
                0x08000000                g_pfnVectors
                0x080001c8                . = ALIGN (0x4)

.text           0x080001d0    0x183d4
                0x080001d0                . = ALIGN (0x4)
 *(.text)
 .text          0x080001d0       0x40 d:/3.tools/arm_gcc_toolchain/bin/../lib/gcc/arm-none-eabi/10.3.1/thumb/v7e-m+fp/hard/crtbegin.o
 .text          0x08000210       0x30 d:/3.tools/arm_gcc_toolchain/bin/../lib/gcc/arm-none-eabi/10.3.1/thumb/v7e-m+fp/hard\libgcc.a(_aeabi_uldivmod.o)
                0x08000210                __aeabi_uldivmod
 .text          0x08000240      0x2d0 d:/3.tools/arm_gcc_toolchain/bin/../lib/gcc/arm-none-eabi/10.3.1/thumb/v7e-m+fp/hard\libgcc.a(_udivmoddi4.o)
                0x08000240                __udivmoddi4
 .text          0x08000510        0x4 d:/3.tools/arm_gcc_toolchain/bin/../lib/gcc/arm-none-eabi/10.3.1/thumb/v7e-m+fp/hard\libgcc.a(_dvmd_tls.o)
                0x08000510                __aeabi_idiv0
                0x08000510                __aeabi_ldiv0
 *(.text*)
 .text.main     0x08000514       0x7c build/main.o
                0x08000514                main
 .text.SystemClock_Config
                0x08000590       0xe0 build/main.o
                0x08000590                SystemClock_Config
 .text.PeriphCommonClock_Config
                0x08000670       0x60 build/main.o
                0x08000670                PeriphCommonClock_Config
 .text.MX_CRC_Init
                0x080006d0       0x44 build/main.o
 .text.MX_DMA2D_Init
                0x08000714       0x64 build/main.o
 .text.MX_I2C1_Init
                0x08000778       0x80 build/main.o
 .text.MX_I2C3_Init
                0x080007f8       0x80 build/main.o
 .text.MX_LTDC_Init
                0x08000878      0x104 build/main.o
 .text.MX_QUADSPI_Init
                0x0800097c       0x58 build/main.o
 .text.MX_SDMMC1_SD_Init
                0x080009d4       0x40 build/main.o
 .text.MX_SPI2_Init
                0x08000a14       0x7c build/main.o
 .text.MX_USART1_UART_Init
                0x08000a90       0x60 build/main.o
 .text.MX_USART6_UART_Init
                0x08000af0       0x60 build/main.o
 .text.MX_DMA_Init
                0x08000b50       0x4c build/main.o
 .text.MX_FMC_Init
                0x08000b9c       0xa0 build/main.o
 .text.MX_GPIO_Init
                0x08000c3c      0x570 build/main.o
 .text.StartDefaultTask
                0x080011ac       0x94 build/main.o
                0x080011ac                StartDefaultTask
 .text.HAL_TIM_PeriodElapsedCallback
                0x08001240       0x24 build/main.o
                0x08001240                HAL_TIM_PeriodElapsedCallback
 .text.Error_Handler
                0x08001264        0xa build/main.o
                0x08001264                Error_Handler
 .text.vApplicationIdleHook
                0x0800126e        0xe build/freertos.o
                0x0800126e                vApplicationIdleHook
 .text.vApplicationStackOverflowHook
                0x0800127c       0x16 build/freertos.o
                0x0800127c                vApplicationStackOverflowHook
 .text.vApplicationMallocFailedHook
                0x08001292        0xe build/freertos.o
                0x08001292                vApplicationMallocFailedHook
 .text.vApplicationGetIdleTaskMemory
                0x080012a0       0x34 build/freertos.o
                0x080012a0                vApplicationGetIdleTaskMemory
 .text.NMI_Handler
                0x080012d4        0x6 build/stm32f7xx_it.o
                0x080012d4                NMI_Handler
 .text.HardFault_Handler
                0x080012da        0x6 build/stm32f7xx_it.o
                0x080012da                HardFault_Handler
 .text.MemManage_Handler
                0x080012e0        0x6 build/stm32f7xx_it.o
                0x080012e0                MemManage_Handler
 .text.BusFault_Handler
                0x080012e6        0x6 build/stm32f7xx_it.o
                0x080012e6                BusFault_Handler
 .text.UsageFault_Handler
                0x080012ec        0x6 build/stm32f7xx_it.o
                0x080012ec                UsageFault_Handler
 .text.DebugMon_Handler
                0x080012f2        0xe build/stm32f7xx_it.o
                0x080012f2                DebugMon_Handler
 .text.SDMMC1_IRQHandler
                0x08001300       0x14 build/stm32f7xx_it.o
                0x08001300                SDMMC1_IRQHandler
 .text.TIM6_DAC_IRQHandler
                0x08001314       0x14 build/stm32f7xx_it.o
                0x08001314                TIM6_DAC_IRQHandler
 .text.DMA2_Stream3_IRQHandler
                0x08001328       0x14 build/stm32f7xx_it.o
                0x08001328                DMA2_Stream3_IRQHandler
 .text.DMA2_Stream6_IRQHandler
                0x0800133c       0x14 build/stm32f7xx_it.o
                0x0800133c                DMA2_Stream6_IRQHandler
 .text.OTG_HS_IRQHandler
                0x08001350       0x14 build/stm32f7xx_it.o
                0x08001350                OTG_HS_IRQHandler
 .text.LTDC_IRQHandler
                0x08001364       0x14 build/stm32f7xx_it.o
                0x08001364                LTDC_IRQHandler
 .text.DMA2D_IRQHandler
                0x08001378       0x14 build/stm32f7xx_it.o
                0x08001378                DMA2D_IRQHandler
 .text.DMA2_Stream0_IRQHandler
                0x0800138c       0x18 build/stm32f7xx_it.o
                0x0800138c                DMA2_Stream0_IRQHandler
 .text.HAL_MspInit
                0x080013a4       0x50 build/stm32f7xx_hal_msp.o
                0x080013a4                HAL_MspInit
 .text.HAL_CRC_MspInit
                0x080013f4       0x40 build/stm32f7xx_hal_msp.o
                0x080013f4                HAL_CRC_MspInit
 .text.HAL_DMA2D_MspInit
                0x08001434       0x4c build/stm32f7xx_hal_msp.o
                0x08001434                HAL_DMA2D_MspInit
 .text.HAL_I2C_MspInit
                0x08001480      0x150 build/stm32f7xx_hal_msp.o
                0x08001480                HAL_I2C_MspInit
 .text.HAL_LTDC_MspInit
                0x080015d0      0x190 build/stm32f7xx_hal_msp.o
                0x080015d0                HAL_LTDC_MspInit
 .text.HAL_QSPI_MspInit
                0x08001760      0x120 build/stm32f7xx_hal_msp.o
                0x08001760                HAL_QSPI_MspInit
 .text.HAL_SD_MspInit
                0x08001880      0x1d8 build/stm32f7xx_hal_msp.o
                0x08001880                HAL_SD_MspInit
 .text.HAL_SPI_MspInit
                0x08001a58       0xc4 build/stm32f7xx_hal_msp.o
                0x08001a58                HAL_SPI_MspInit
 .text.HAL_UART_MspInit
                0x08001b1c      0x190 build/stm32f7xx_hal_msp.o
                0x08001b1c                HAL_UART_MspInit
 .text.HAL_FMC_MspInit
                0x08001cac      0x1a4 build/stm32f7xx_hal_msp.o
 .text.HAL_SDRAM_MspInit
                0x08001e50       0x14 build/stm32f7xx_hal_msp.o
                0x08001e50                HAL_SDRAM_MspInit
 .text.HAL_InitTick
                0x08001e64       0xf4 build/stm32f7xx_hal_timebase_tim.o
                0x08001e64                HAL_InitTick
 .text.LCD_Test
                0x08001f58      0x1f4 build/lcd.o
                0x08001f58                LCD_Test
 .text.BSP_LCD_Init
                0x0800214c       0x34 build/lcd.o
                0x0800214c                BSP_LCD_Init
 .text.BSP_LCD_GetXSize
                0x08002180       0x28 build/lcd.o
                0x08002180                BSP_LCD_GetXSize
 .text.BSP_LCD_GetYSize
                0x080021a8       0x28 build/lcd.o
                0x080021a8                BSP_LCD_GetYSize
 .text.BSP_LCD_LayerDefaultInit
                0x080021d0       0x64 build/lcd.o
                0x080021d0                BSP_LCD_LayerDefaultInit
 .text.BSP_LCD_SelectLayer
                0x08002234       0x20 build/lcd.o
                0x08002234                BSP_LCD_SelectLayer
 .text.BSP_LCD_SetLayerAddress
                0x08002254       0x20 build/lcd.o
                0x08002254                BSP_LCD_SetLayerAddress
 .text.BSP_LCD_SetTextColor
                0x08002274       0x30 build/lcd.o
                0x08002274                BSP_LCD_SetTextColor
 .text.BSP_LCD_SetBackColor
                0x080022a4       0x34 build/lcd.o
                0x080022a4                BSP_LCD_SetBackColor
 .text.BSP_LCD_SetFont
                0x080022d8       0x34 build/lcd.o
                0x080022d8                BSP_LCD_SetFont
 .text.BSP_LCD_Clear
                0x0800230c       0x50 build/lcd.o
                0x0800230c                BSP_LCD_Clear
 .text.BSP_LCD_DisplayChar
                0x0800235c       0x88 build/lcd.o
                0x0800235c                BSP_LCD_DisplayChar
 .text.BSP_LCD_DisplayStringAt
                0x080023e4      0x190 build/lcd.o
                0x080023e4                BSP_LCD_DisplayStringAt
 .text.BSP_LCD_DrawHLine
                0x08002574       0xbc build/lcd.o
                0x08002574                BSP_LCD_DrawHLine
 .text.BSP_LCD_DrawVLine
                0x08002630       0xc4 build/lcd.o
                0x08002630                BSP_LCD_DrawVLine
 .text.BSP_LCD_DrawPixel
                0x080026f4       0x90 build/lcd.o
                0x080026f4                BSP_LCD_DrawPixel
 .text.BSP_LCD_FillRect
                0x08002784       0xf4 build/lcd.o
                0x08002784                BSP_LCD_FillRect
 .text.DrawChar
                0x08002878      0x170 build/lcd.o
 .text.LL_FillBuffer
                0x080029e8       0x98 build/lcd.o
 .text.BSP_SDRAM_Init
                0x08002a80       0x12 build/sdram.o
                0x08002a80                BSP_SDRAM_Init
 *fill*         0x08002a92        0x2 
 .text.BSP_SDRAM_Initialization_sequence
                0x08002a94       0xc0 build/sdram.o
                0x08002a94                BSP_SDRAM_Initialization_sequence
 .text.BSP_SD_Init
                0x08002b54       0x4c build/bsp_driver_sd.o
                0x08002b54                BSP_SD_Init
 .text.BSP_SD_ReadBlocks_DMA
                0x08002ba0       0x34 build/bsp_driver_sd.o
                0x08002ba0                BSP_SD_ReadBlocks_DMA
 .text.BSP_SD_WriteBlocks_DMA
                0x08002bd4       0x34 build/bsp_driver_sd.o
                0x08002bd4                BSP_SD_WriteBlocks_DMA
 .text.BSP_SD_GetCardState
                0x08002c08       0x20 build/bsp_driver_sd.o
                0x08002c08                BSP_SD_GetCardState
 .text.BSP_SD_GetCardInfo
                0x08002c28       0x1c build/bsp_driver_sd.o
                0x08002c28                BSP_SD_GetCardInfo
 .text.HAL_SD_AbortCallback
                0x08002c44       0x14 build/bsp_driver_sd.o
                0x08002c44                HAL_SD_AbortCallback
 .text.HAL_SD_TxCpltCallback
                0x08002c58       0x14 build/bsp_driver_sd.o
                0x08002c58                HAL_SD_TxCpltCallback
 .text.HAL_SD_RxCpltCallback
                0x08002c6c       0x14 build/bsp_driver_sd.o
                0x08002c6c                HAL_SD_RxCpltCallback
 .text.BSP_SD_AbortCallback
                0x08002c80        0xe build/bsp_driver_sd.o
                0x08002c80                BSP_SD_AbortCallback
 .text.BSP_SD_IsDetected
                0x08002c8e       0x24 build/bsp_driver_sd.o
                0x08002c8e                BSP_SD_IsDetected
 .text.SD_CheckStatusWithTimeout
                0x08002cb2       0x3a build/sd_diskio.o
 .text.SD_CheckStatus
                0x08002cec       0x3c build/sd_diskio.o
 .text.SD_initialize
                0x08002d28       0x98 build/sd_diskio.o
                0x08002d28                SD_initialize
 .text.SD_status
                0x08002dc0       0x1c build/sd_diskio.o
                0x08002dc0                SD_status
 .text.SD_read  0x08002ddc       0x9c build/sd_diskio.o
                0x08002ddc                SD_read
 .text.SD_write
                0x08002e78       0x94 build/sd_diskio.o
                0x08002e78                SD_write
 .text.SD_ioctl
                0x08002f0c       0xb0 build/sd_diskio.o
                0x08002f0c                SD_ioctl
 .text.BSP_SD_WriteCpltCallback
                0x08002fbc       0x1c build/sd_diskio.o
                0x08002fbc                BSP_SD_WriteCpltCallback
 .text.BSP_SD_ReadCpltCallback
                0x08002fd8       0x1c build/sd_diskio.o
                0x08002fd8                BSP_SD_ReadCpltCallback
 .text.BSP_PlatformIsDetected
                0x08002ff4       0x2c build/fatfs_platform.o
                0x08002ff4                BSP_PlatformIsDetected
 .text.MX_FATFS_Init
                0x08003020       0x24 build/fatfs.o
                0x08003020                MX_FATFS_Init
 .text.get_fattime
                0x08003044       0x10 build/fatfs.o
                0x08003044                get_fattime
 .text.MX_USB_DEVICE_Init
                0x08003054       0x60 build/usb_device.o
                0x08003054                MX_USB_DEVICE_Init
 .text.USBD_HS_DeviceDescriptor
                0x080030b4       0x24 build/usbd_desc.o
                0x080030b4                USBD_HS_DeviceDescriptor
 .text.USBD_HS_LangIDStrDescriptor
                0x080030d8       0x24 build/usbd_desc.o
                0x080030d8                USBD_HS_LangIDStrDescriptor
 .text.USBD_HS_ProductStrDescriptor
                0x080030fc       0x3c build/usbd_desc.o
                0x080030fc                USBD_HS_ProductStrDescriptor
 .text.USBD_HS_ManufacturerStrDescriptor
                0x08003138       0x28 build/usbd_desc.o
                0x08003138                USBD_HS_ManufacturerStrDescriptor
 .text.USBD_HS_SerialStrDescriptor
                0x08003160       0x24 build/usbd_desc.o
                0x08003160                USBD_HS_SerialStrDescriptor
 .text.USBD_HS_ConfigStrDescriptor
                0x08003184       0x3c build/usbd_desc.o
                0x08003184                USBD_HS_ConfigStrDescriptor
 .text.USBD_HS_InterfaceStrDescriptor
                0x080031c0       0x3c build/usbd_desc.o
                0x080031c0                USBD_HS_InterfaceStrDescriptor
 .text.USBD_HS_USR_BOSDescriptor
                0x080031fc       0x24 build/usbd_desc.o
                0x080031fc                USBD_HS_USR_BOSDescriptor
 .text.Get_SerialNum
                0x08003220       0x58 build/usbd_desc.o
 .text.IntToUnicode
                0x08003278       0x7e build/usbd_desc.o
 .text.STORAGE_Init_HS
                0x080032f6       0x22 build/usbd_storage_if.o
 .text.STORAGE_GetCapacity_HS
                0x08003318       0x4a build/usbd_storage_if.o
 *fill*         0x08003362        0x2 
 .text.STORAGE_IsReady_HS
                0x08003364       0x5c build/usbd_storage_if.o
 .text.STORAGE_IsWriteProtected_HS
                0x080033c0       0x18 build/usbd_storage_if.o
 .text.STORAGE_Read_HS
                0x080033d8       0x4a build/usbd_storage_if.o
 .text.STORAGE_Write_HS
                0x08003422       0x4a build/usbd_storage_if.o
 .text.STORAGE_GetMaxLun_HS
                0x0800346c       0x10 build/usbd_storage_if.o
 .text.HAL_PCD_MspInit
                0x0800347c      0x168 build/usbd_conf.o
                0x0800347c                HAL_PCD_MspInit
 .text.HAL_PCD_SetupStageCallback
                0x080035e4       0x24 build/usbd_conf.o
                0x080035e4                HAL_PCD_SetupStageCallback
 .text.HAL_PCD_DataOutStageCallback
                0x08003608       0x36 build/usbd_conf.o
                0x08003608                HAL_PCD_DataOutStageCallback
 .text.HAL_PCD_DataInStageCallback
                0x0800363e       0x34 build/usbd_conf.o
                0x0800363e                HAL_PCD_DataInStageCallback
 .text.HAL_PCD_SOFCallback
                0x08003672       0x1c build/usbd_conf.o
                0x08003672                HAL_PCD_SOFCallback
 .text.HAL_PCD_ResetCallback
                0x0800368e       0x50 build/usbd_conf.o
                0x0800368e                HAL_PCD_ResetCallback
 *fill*         0x080036de        0x2 
 .text.HAL_PCD_SuspendCallback
                0x080036e0       0x4c build/usbd_conf.o
                0x080036e0                HAL_PCD_SuspendCallback
 .text.HAL_PCD_ResumeCallback
                0x0800372c       0x1c build/usbd_conf.o
                0x0800372c                HAL_PCD_ResumeCallback
 .text.HAL_PCD_ISOOUTIncompleteCallback
                0x08003748       0x24 build/usbd_conf.o
                0x08003748                HAL_PCD_ISOOUTIncompleteCallback
 .text.HAL_PCD_ISOINIncompleteCallback
                0x0800376c       0x24 build/usbd_conf.o
                0x0800376c                HAL_PCD_ISOINIncompleteCallback
 .text.HAL_PCD_ConnectCallback
                0x08003790       0x1c build/usbd_conf.o
                0x08003790                HAL_PCD_ConnectCallback
 .text.HAL_PCD_DisconnectCallback
                0x080037ac       0x1c build/usbd_conf.o
                0x080037ac                HAL_PCD_DisconnectCallback
 .text.USBD_LL_Init
                0x080037c8       0xa4 build/usbd_conf.o
                0x080037c8                USBD_LL_Init
 .text.USBD_LL_Start
                0x0800386c       0x36 build/usbd_conf.o
                0x0800386c                USBD_LL_Start
 .text.USBD_LL_OpenEP
                0x080038a2       0x4c build/usbd_conf.o
                0x080038a2                USBD_LL_OpenEP
 .text.USBD_LL_CloseEP
                0x080038ee       0x3e build/usbd_conf.o
                0x080038ee                USBD_LL_CloseEP
 .text.USBD_LL_FlushEP
                0x0800392c       0x3e build/usbd_conf.o
                0x0800392c                USBD_LL_FlushEP
 .text.USBD_LL_StallEP
                0x0800396a       0x3e build/usbd_conf.o
                0x0800396a                USBD_LL_StallEP
 .text.USBD_LL_ClearStallEP
                0x080039a8       0x3e build/usbd_conf.o
                0x080039a8                USBD_LL_ClearStallEP
 .text.USBD_LL_IsStallEP
                0x080039e6       0x58 build/usbd_conf.o
                0x080039e6                USBD_LL_IsStallEP
 .text.USBD_LL_SetUSBAddress
                0x08003a3e       0x3e build/usbd_conf.o
                0x08003a3e                USBD_LL_SetUSBAddress
 .text.USBD_LL_Transmit
                0x08003a7c       0x42 build/usbd_conf.o
                0x08003a7c                USBD_LL_Transmit
 .text.USBD_LL_PrepareReceive
                0x08003abe       0x42 build/usbd_conf.o
                0x08003abe                USBD_LL_PrepareReceive
 .text.USBD_LL_GetRxDataSize
                0x08003b00       0x26 build/usbd_conf.o
                0x08003b00                USBD_LL_GetRxDataSize
 *fill*         0x08003b26        0x2 
 .text.HAL_PCDEx_LPM_Callback
                0x08003b28       0x9c build/usbd_conf.o
                0x08003b28                HAL_PCDEx_LPM_Callback
 .text.SystemClockConfig_Resume
                0x08003bc4        0xc build/usbd_conf.o
 .text.USBD_Get_USB_Status
                0x08003bd0       0x58 build/usbd_conf.o
                0x08003bd0                USBD_Get_USB_Status
 .text.HAL_PCD_Init
                0x08003c28      0x248 build/stm32f7xx_hal_pcd.o
                0x08003c28                HAL_PCD_Init
 .text.HAL_PCD_Start
                0x08003e70       0x44 build/stm32f7xx_hal_pcd.o
                0x08003e70                HAL_PCD_Start
 .text.HAL_PCD_IRQHandler
                0x08003eb4      0x998 build/stm32f7xx_hal_pcd.o
                0x08003eb4                HAL_PCD_IRQHandler
 .text.HAL_PCD_SetAddress
                0x0800484c       0x4a build/stm32f7xx_hal_pcd.o
                0x0800484c                HAL_PCD_SetAddress
 .text.HAL_PCD_EP_Open
                0x08004896       0xd0 build/stm32f7xx_hal_pcd.o
                0x08004896                HAL_PCD_EP_Open
 .text.HAL_PCD_EP_Close
                0x08004966       0x94 build/stm32f7xx_hal_pcd.o
                0x08004966                HAL_PCD_EP_Close
 .text.HAL_PCD_EP_Receive
                0x080049fa       0x96 build/stm32f7xx_hal_pcd.o
                0x080049fa                HAL_PCD_EP_Receive
 .text.HAL_PCD_EP_GetRxCount
                0x08004a90       0x30 build/stm32f7xx_hal_pcd.o
                0x08004a90                HAL_PCD_EP_GetRxCount
 .text.HAL_PCD_EP_Transmit
                0x08004ac0       0x94 build/stm32f7xx_hal_pcd.o
                0x08004ac0                HAL_PCD_EP_Transmit
 .text.HAL_PCD_EP_SetStall
                0x08004b54       0xc8 build/stm32f7xx_hal_pcd.o
                0x08004b54                HAL_PCD_EP_SetStall
 .text.HAL_PCD_EP_ClrStall
                0x08004c1c       0xac build/stm32f7xx_hal_pcd.o
                0x08004c1c                HAL_PCD_EP_ClrStall
 .text.HAL_PCD_EP_Abort
                0x08004cc8       0x62 build/stm32f7xx_hal_pcd.o
                0x08004cc8                HAL_PCD_EP_Abort
 .text.HAL_PCD_EP_Flush
                0x08004d2a       0x5a build/stm32f7xx_hal_pcd.o
                0x08004d2a                HAL_PCD_EP_Flush
 .text.PCD_WriteEmptyTxFifo
                0x08004d84      0x11a build/stm32f7xx_hal_pcd.o
 *fill*         0x08004e9e        0x2 
 .text.PCD_EP_OutXfrComplete_int
                0x08004ea0      0x1d0 build/stm32f7xx_hal_pcd.o
 .text.PCD_EP_OutSetupPacket_int
                0x08005070       0x8c build/stm32f7xx_hal_pcd.o
 .text.HAL_PCDEx_SetTxFiFo
                0x080050fc       0x8e build/stm32f7xx_hal_pcd_ex.o
                0x080050fc                HAL_PCDEx_SetTxFiFo
 .text.HAL_PCDEx_SetRxFiFo
                0x0800518a       0x22 build/stm32f7xx_hal_pcd_ex.o
                0x0800518a                HAL_PCDEx_SetRxFiFo
 .text.HAL_PCDEx_ActivateLPM
                0x080051ac       0x48 build/stm32f7xx_hal_pcd_ex.o
                0x080051ac                HAL_PCDEx_ActivateLPM
 .text.USB_CoreInit
                0x080051f4       0xb0 build/stm32f7xx_ll_usb.o
                0x080051f4                USB_CoreInit
 .text.USB_SetTurnaroundTime
                0x080052a4      0x144 build/stm32f7xx_ll_usb.o
                0x080052a4                USB_SetTurnaroundTime
 .text.USB_EnableGlobalInt
                0x080053e8       0x22 build/stm32f7xx_ll_usb.o
                0x080053e8                USB_EnableGlobalInt
 .text.USB_DisableGlobalInt
                0x0800540a       0x22 build/stm32f7xx_ll_usb.o
                0x0800540a                USB_DisableGlobalInt
 .text.USB_SetCurrentMode
                0x0800542c       0x98 build/stm32f7xx_ll_usb.o
                0x0800542c                USB_SetCurrentMode
 .text.USB_DevInit
                0x080054c4      0x2bc build/stm32f7xx_ll_usb.o
                0x080054c4                USB_DevInit
 .text.USB_FlushTxFifo
                0x08005780       0x68 build/stm32f7xx_ll_usb.o
                0x08005780                USB_FlushTxFifo
 .text.USB_FlushRxFifo
                0x080057e8       0x60 build/stm32f7xx_ll_usb.o
                0x080057e8                USB_FlushRxFifo
 .text.USB_SetDevSpeed
                0x08005848       0x32 build/stm32f7xx_ll_usb.o
                0x08005848                USB_SetDevSpeed
 .text.USB_GetDevSpeed
                0x0800587a       0x4a build/stm32f7xx_ll_usb.o
                0x0800587a                USB_GetDevSpeed
 .text.USB_ActivateEndpoint
                0x080058c4      0x110 build/stm32f7xx_ll_usb.o
                0x080058c4                USB_ActivateEndpoint
 .text.USB_DeactivateEndpoint
                0x080059d4      0x1b8 build/stm32f7xx_ll_usb.o
                0x080059d4                USB_DeactivateEndpoint
 .text.USB_EPStartXfer
                0x08005b8c      0x4a0 build/stm32f7xx_ll_usb.o
                0x08005b8c                USB_EPStartXfer
 .text.USB_EP0StartXfer
                0x0800602c      0x2b8 build/stm32f7xx_ll_usb.o
                0x0800602c                USB_EP0StartXfer
 .text.USB_EPStopXfer
                0x080062e4      0x154 build/stm32f7xx_ll_usb.o
                0x080062e4                USB_EPStopXfer
 .text.USB_WritePacket
                0x08006438       0x7c build/stm32f7xx_ll_usb.o
                0x08006438                USB_WritePacket
 .text.USB_ReadPacket
                0x080064b4       0xb0 build/stm32f7xx_ll_usb.o
                0x080064b4                USB_ReadPacket
 .text.USB_EPSetStall
                0x08006564       0xdc build/stm32f7xx_ll_usb.o
                0x08006564                USB_EPSetStall
 .text.USB_EPClearStall
                0x08006640       0xcc build/stm32f7xx_ll_usb.o
                0x08006640                USB_EPClearStall
 .text.USB_SetDevAddress
                0x0800670c       0x4c build/stm32f7xx_ll_usb.o
                0x0800670c                USB_SetDevAddress
 .text.USB_DevConnect
                0x08006758       0x42 build/stm32f7xx_ll_usb.o
                0x08006758                USB_DevConnect
 .text.USB_DevDisconnect
                0x0800679a       0x42 build/stm32f7xx_ll_usb.o
                0x0800679a                USB_DevDisconnect
 .text.USB_ReadInterrupts
                0x080067dc       0x26 build/stm32f7xx_ll_usb.o
                0x080067dc                USB_ReadInterrupts
 .text.USB_ReadDevAllOutEpInterrupt
                0x08006802       0x34 build/stm32f7xx_ll_usb.o
                0x08006802                USB_ReadDevAllOutEpInterrupt
 .text.USB_ReadDevAllInEpInterrupt
                0x08006836       0x34 build/stm32f7xx_ll_usb.o
                0x08006836                USB_ReadDevAllInEpInterrupt
 .text.USB_ReadDevOutEPInterrupt
                0x0800686a       0x3c build/stm32f7xx_ll_usb.o
                0x0800686a                USB_ReadDevOutEPInterrupt
 .text.USB_ReadDevInEPInterrupt
                0x080068a6       0x5c build/stm32f7xx_ll_usb.o
                0x080068a6                USB_ReadDevInEPInterrupt
 .text.USB_GetMode
                0x08006902       0x1c build/stm32f7xx_ll_usb.o
                0x08006902                USB_GetMode
 *fill*         0x0800691e        0x2 
 .text.USB_ActivateSetup
                0x08006920       0x48 build/stm32f7xx_ll_usb.o
                0x08006920                USB_ActivateSetup
 .text.USB_EP0_OutStart
                0x08006968       0xbc build/stm32f7xx_ll_usb.o
                0x08006968                USB_EP0_OutStart
 .text.USB_CoreReset
                0x08006a24       0x68 build/stm32f7xx_ll_usb.o
 .text.HAL_RCC_OscConfig
                0x08006a8c      0x548 build/stm32f7xx_hal_rcc.o
                0x08006a8c                HAL_RCC_OscConfig
 .text.HAL_RCC_ClockConfig
                0x08006fd4      0x1d8 build/stm32f7xx_hal_rcc.o
                0x08006fd4                HAL_RCC_ClockConfig
 .text.HAL_RCC_GetSysClockFreq
                0x080071ac      0x18c build/stm32f7xx_hal_rcc.o
                0x080071ac                HAL_RCC_GetSysClockFreq
 .text.HAL_RCC_GetHCLKFreq
                0x08007338       0x18 build/stm32f7xx_hal_rcc.o
                0x08007338                HAL_RCC_GetHCLKFreq
 .text.HAL_RCC_GetPCLK1Freq
                0x08007350       0x28 build/stm32f7xx_hal_rcc.o
                0x08007350                HAL_RCC_GetPCLK1Freq
 .text.HAL_RCC_GetPCLK2Freq
                0x08007378       0x28 build/stm32f7xx_hal_rcc.o
                0x08007378                HAL_RCC_GetPCLK2Freq
 .text.HAL_RCC_GetClockConfig
                0x080073a0       0x64 build/stm32f7xx_hal_rcc.o
                0x080073a0                HAL_RCC_GetClockConfig
 .text.HAL_RCCEx_PeriphCLKConfig
                0x08007404      0x7e0 build/stm32f7xx_hal_rcc_ex.o
                0x08007404                HAL_RCCEx_PeriphCLKConfig
 .text.HAL_GPIO_Init
                0x08007be4      0x358 build/stm32f7xx_hal_gpio.o
                0x08007be4                HAL_GPIO_Init
 .text.HAL_GPIO_ReadPin
                0x08007f3c       0x30 build/stm32f7xx_hal_gpio.o
                0x08007f3c                HAL_GPIO_ReadPin
 .text.HAL_GPIO_WritePin
                0x08007f6c       0x32 build/stm32f7xx_hal_gpio.o
                0x08007f6c                HAL_GPIO_WritePin
 *fill*         0x08007f9e        0x2 
 .text.HAL_DMA_Init
                0x08007fa0      0x15c build/stm32f7xx_hal_dma.o
                0x08007fa0                HAL_DMA_Init
 .text.HAL_DMA_Start_IT
                0x080080fc       0xc0 build/stm32f7xx_hal_dma.o
                0x080080fc                HAL_DMA_Start_IT
 .text.HAL_DMA_Abort_IT
                0x080081bc       0x44 build/stm32f7xx_hal_dma.o
                0x080081bc                HAL_DMA_Abort_IT
 .text.HAL_DMA_IRQHandler
                0x08008200      0x314 build/stm32f7xx_hal_dma.o
                0x08008200                HAL_DMA_IRQHandler
 .text.HAL_DMA_GetError
                0x08008514       0x18 build/stm32f7xx_hal_dma.o
                0x08008514                HAL_DMA_GetError
 .text.DMA_SetConfig
                0x0800852c       0x5c build/stm32f7xx_hal_dma.o
 .text.DMA_CalcBaseAndBitshift
                0x08008588       0x6c build/stm32f7xx_hal_dma.o
 .text.DMA_CheckFifoParam
                0x080085f4       0xf8 build/stm32f7xx_hal_dma.o
 .text.HAL_PWR_EnableBkUpAccess
                0x080086ec       0x20 build/stm32f7xx_hal_pwr.o
                0x080086ec                HAL_PWR_EnableBkUpAccess
 .text.HAL_PWREx_EnableOverDrive
                0x0800870c       0xa0 build/stm32f7xx_hal_pwr_ex.o
                0x0800870c                HAL_PWREx_EnableOverDrive
 .text.__NVIC_SetPriorityGrouping
                0x080087ac       0x48 build/stm32f7xx_hal_cortex.o
 .text.__NVIC_GetPriorityGrouping
                0x080087f4       0x1c build/stm32f7xx_hal_cortex.o
 .text.__NVIC_EnableIRQ
                0x08008810       0x3c build/stm32f7xx_hal_cortex.o
 .text.__NVIC_SetPriority
                0x0800884c       0x54 build/stm32f7xx_hal_cortex.o
 .text.NVIC_EncodePriority
                0x080088a0       0x66 build/stm32f7xx_hal_cortex.o
 .text.HAL_NVIC_SetPriorityGrouping
                0x08008906       0x16 build/stm32f7xx_hal_cortex.o
                0x08008906                HAL_NVIC_SetPriorityGrouping
 .text.HAL_NVIC_SetPriority
                0x0800891c       0x38 build/stm32f7xx_hal_cortex.o
                0x0800891c                HAL_NVIC_SetPriority
 .text.HAL_NVIC_EnableIRQ
                0x08008954       0x1c build/stm32f7xx_hal_cortex.o
                0x08008954                HAL_NVIC_EnableIRQ
 .text.HAL_Init
                0x08008970       0x1a build/stm32f7xx_hal.o
                0x08008970                HAL_Init
 *fill*         0x0800898a        0x2 
 .text.HAL_IncTick
                0x0800898c       0x28 build/stm32f7xx_hal.o
                0x0800898c                HAL_IncTick
 .text.HAL_GetTick
                0x080089b4       0x18 build/stm32f7xx_hal.o
                0x080089b4                HAL_GetTick
 .text.HAL_Delay
                0x080089cc       0x48 build/stm32f7xx_hal.o
                0x080089cc                HAL_Delay
 .text.HAL_I2C_Init
                0x08008a14      0x120 build/stm32f7xx_hal_i2c.o
                0x08008a14                HAL_I2C_Init
 .text.HAL_I2CEx_ConfigAnalogFilter
                0x08008b34       0x96 build/stm32f7xx_hal_i2c_ex.o
                0x08008b34                HAL_I2CEx_ConfigAnalogFilter
 .text.HAL_I2CEx_ConfigDigitalFilter
                0x08008bca       0x98 build/stm32f7xx_hal_i2c_ex.o
                0x08008bca                HAL_I2CEx_ConfigDigitalFilter
 *fill*         0x08008c62        0x2 
 .text.HAL_CRC_Init
                0x08008c64       0xc8 build/stm32f7xx_hal_crc.o
                0x08008c64                HAL_CRC_Init
 .text.HAL_CRCEx_Polynomial_Set
                0x08008d2c      0x10c build/stm32f7xx_hal_crc_ex.o
                0x08008d2c                HAL_CRCEx_Polynomial_Set
 .text.FMC_SDRAM_Init
                0x08008e38       0xb8 build/stm32f7xx_ll_fmc.o
                0x08008e38                FMC_SDRAM_Init
 .text.FMC_SDRAM_Timing_Init
                0x08008ef0       0xd4 build/stm32f7xx_ll_fmc.o
                0x08008ef0                FMC_SDRAM_Timing_Init
 .text.FMC_SDRAM_SendCommand
                0x08008fc4       0x48 build/stm32f7xx_ll_fmc.o
                0x08008fc4                FMC_SDRAM_SendCommand
 .text.FMC_SDRAM_ProgramRefreshRate
                0x0800900c       0x30 build/stm32f7xx_ll_fmc.o
                0x0800900c                FMC_SDRAM_ProgramRefreshRate
 .text.HAL_SDRAM_Init
                0x0800903c       0x68 build/stm32f7xx_hal_sdram.o
                0x0800903c                HAL_SDRAM_Init
 .text.HAL_SDRAM_SendCommand
                0x080090a4       0x6a build/stm32f7xx_hal_sdram.o
                0x080090a4                HAL_SDRAM_SendCommand
 .text.HAL_SDRAM_ProgramRefreshRate
                0x0800910e       0x50 build/stm32f7xx_hal_sdram.o
                0x0800910e                HAL_SDRAM_ProgramRefreshRate
 *fill*         0x0800915e        0x2 
 .text.HAL_LTDC_Init
                0x08009160      0x1a0 build/stm32f7xx_hal_ltdc.o
                0x08009160                HAL_LTDC_Init
 .text.HAL_LTDC_IRQHandler
                0x08009300      0x148 build/stm32f7xx_hal_ltdc.o
                0x08009300                HAL_LTDC_IRQHandler
 .text.HAL_LTDC_ErrorCallback
                0x08009448       0x14 build/stm32f7xx_hal_ltdc.o
                0x08009448                HAL_LTDC_ErrorCallback
 .text.HAL_LTDC_LineEventCallback
                0x0800945c       0x14 build/stm32f7xx_hal_ltdc.o
                0x0800945c                HAL_LTDC_LineEventCallback
 .text.HAL_LTDC_ReloadEventCallback
                0x08009470       0x14 build/stm32f7xx_hal_ltdc.o
                0x08009470                HAL_LTDC_ReloadEventCallback
 .text.HAL_LTDC_ConfigLayer
                0x08009484       0x7c build/stm32f7xx_hal_ltdc.o
                0x08009484                HAL_LTDC_ConfigLayer
 .text.HAL_LTDC_SetAddress
                0x08009500       0x6c build/stm32f7xx_hal_ltdc.o
                0x08009500                HAL_LTDC_SetAddress
 .text.LTDC_SetConfig
                0x0800956c      0x334 build/stm32f7xx_hal_ltdc.o
 .text.HAL_QSPI_Init
                0x080098a0       0xf8 build/stm32f7xx_hal_qspi.o
                0x080098a0                HAL_QSPI_Init
 .text.HAL_QSPI_SetTimeout
                0x08009998       0x1c build/stm32f7xx_hal_qspi.o
                0x08009998                HAL_QSPI_SetTimeout
 .text.QSPI_WaitFlagStateUntilTimeout
                0x080099b4       0x6e build/stm32f7xx_hal_qspi.o
 *fill*         0x08009a22        0x2 
 .text.SDMMC_Init
                0x08009a24       0x58 build/stm32f7xx_ll_sdmmc.o
                0x08009a24                SDMMC_Init
 .text.SDMMC_ReadFIFO
                0x08009a7c       0x1a build/stm32f7xx_ll_sdmmc.o
                0x08009a7c                SDMMC_ReadFIFO
 .text.SDMMC_WriteFIFO
                0x08009a96       0x22 build/stm32f7xx_ll_sdmmc.o
                0x08009a96                SDMMC_WriteFIFO
 .text.SDMMC_PowerState_ON
                0x08009ab8       0x1c build/stm32f7xx_ll_sdmmc.o
                0x08009ab8                SDMMC_PowerState_ON
 .text.SDMMC_GetPowerState
                0x08009ad4       0x1c build/stm32f7xx_ll_sdmmc.o
                0x08009ad4                SDMMC_GetPowerState
 .text.SDMMC_SendCommand
                0x08009af0       0x54 build/stm32f7xx_ll_sdmmc.o
                0x08009af0                SDMMC_SendCommand
 .text.SDMMC_GetCommandResponse
                0x08009b44       0x1a build/stm32f7xx_ll_sdmmc.o
                0x08009b44                SDMMC_GetCommandResponse
 .text.SDMMC_GetResponse
                0x08009b5e       0x26 build/stm32f7xx_ll_sdmmc.o
                0x08009b5e                SDMMC_GetResponse
 .text.SDMMC_ConfigData
                0x08009b84       0x58 build/stm32f7xx_ll_sdmmc.o
                0x08009b84                SDMMC_ConfigData
 .text.SDMMC_CmdBlockLength
                0x08009bdc       0x44 build/stm32f7xx_ll_sdmmc.o
                0x08009bdc                SDMMC_CmdBlockLength
 .text.SDMMC_CmdReadSingleBlock
                0x08009c20       0x44 build/stm32f7xx_ll_sdmmc.o
                0x08009c20                SDMMC_CmdReadSingleBlock
 .text.SDMMC_CmdReadMultiBlock
                0x08009c64       0x44 build/stm32f7xx_ll_sdmmc.o
                0x08009c64                SDMMC_CmdReadMultiBlock
 .text.SDMMC_CmdWriteSingleBlock
                0x08009ca8       0x44 build/stm32f7xx_ll_sdmmc.o
                0x08009ca8                SDMMC_CmdWriteSingleBlock
 .text.SDMMC_CmdWriteMultiBlock
                0x08009cec       0x44 build/stm32f7xx_ll_sdmmc.o
                0x08009cec                SDMMC_CmdWriteMultiBlock
 .text.SDMMC_CmdStopTransfer
                0x08009d30       0x44 build/stm32f7xx_ll_sdmmc.o
                0x08009d30                SDMMC_CmdStopTransfer
 .text.SDMMC_CmdSelDesel
                0x08009d74       0x46 build/stm32f7xx_ll_sdmmc.o
                0x08009d74                SDMMC_CmdSelDesel
 .text.SDMMC_CmdGoIdleState
                0x08009dba       0x3c build/stm32f7xx_ll_sdmmc.o
                0x08009dba                SDMMC_CmdGoIdleState
 .text.SDMMC_CmdOperCond
                0x08009df6       0x3e build/stm32f7xx_ll_sdmmc.o
                0x08009df6                SDMMC_CmdOperCond
 .text.SDMMC_CmdAppCommand
                0x08009e34       0x44 build/stm32f7xx_ll_sdmmc.o
                0x08009e34                SDMMC_CmdAppCommand
 .text.SDMMC_CmdAppOperCommand
                0x08009e78       0x48 build/stm32f7xx_ll_sdmmc.o
                0x08009e78                SDMMC_CmdAppOperCommand
 .text.SDMMC_CmdBusWidth
                0x08009ec0       0x44 build/stm32f7xx_ll_sdmmc.o
                0x08009ec0                SDMMC_CmdBusWidth
 .text.SDMMC_CmdSendSCR
                0x08009f04       0x42 build/stm32f7xx_ll_sdmmc.o
                0x08009f04                SDMMC_CmdSendSCR
 .text.SDMMC_CmdSendCID
                0x08009f46       0x3c build/stm32f7xx_ll_sdmmc.o
                0x08009f46                SDMMC_CmdSendCID
 .text.SDMMC_CmdSendCSD
                0x08009f82       0x3e build/stm32f7xx_ll_sdmmc.o
                0x08009f82                SDMMC_CmdSendCSD
 .text.SDMMC_CmdSetRelAdd
                0x08009fc0       0x42 build/stm32f7xx_ll_sdmmc.o
                0x08009fc0                SDMMC_CmdSetRelAdd
 .text.SDMMC_CmdSendStatus
                0x0800a002       0x4a build/stm32f7xx_ll_sdmmc.o
                0x0800a002                SDMMC_CmdSendStatus
 .text.SDMMC_GetCmdResp1
                0x0800a04c      0x1dc build/stm32f7xx_ll_sdmmc.o
                0x0800a04c                SDMMC_GetCmdResp1
 .text.SDMMC_GetCmdResp2
                0x0800a228       0x90 build/stm32f7xx_ll_sdmmc.o
                0x0800a228                SDMMC_GetCmdResp2
 .text.SDMMC_GetCmdResp3
                0x0800a2b8       0x7c build/stm32f7xx_ll_sdmmc.o
                0x0800a2b8                SDMMC_GetCmdResp3
 .text.SDMMC_GetCmdResp6
                0x0800a334       0xec build/stm32f7xx_ll_sdmmc.o
                0x0800a334                SDMMC_GetCmdResp6
 .text.SDMMC_GetCmdResp7
                0x0800a420       0x9c build/stm32f7xx_ll_sdmmc.o
                0x0800a420                SDMMC_GetCmdResp7
 .text.SDMMC_GetCmdError
                0x0800a4bc       0x58 build/stm32f7xx_ll_sdmmc.o
 .text.HAL_SD_Init
                0x0800a514       0x60 build/stm32f7xx_hal_sd.o
                0x0800a514                HAL_SD_Init
 .text.HAL_SD_InitCard
                0x0800a574      0x110 build/stm32f7xx_hal_sd.o
                0x0800a574                HAL_SD_InitCard
 .text.HAL_SD_ReadBlocks_DMA
                0x0800a684      0x1c4 build/stm32f7xx_hal_sd.o
                0x0800a684                HAL_SD_ReadBlocks_DMA
 .text.HAL_SD_WriteBlocks_DMA
                0x0800a848      0x1cc build/stm32f7xx_hal_sd.o
                0x0800a848                HAL_SD_WriteBlocks_DMA
 .text.HAL_SD_IRQHandler
                0x0800aa14      0x2ec build/stm32f7xx_hal_sd.o
                0x0800aa14                HAL_SD_IRQHandler
 .text.HAL_SD_ErrorCallback
                0x0800ad00       0x14 build/stm32f7xx_hal_sd.o
                0x0800ad00                HAL_SD_ErrorCallback
 .text.HAL_SD_GetCardCSD
                0x0800ad14      0x348 build/stm32f7xx_hal_sd.o
                0x0800ad14                HAL_SD_GetCardCSD
 .text.HAL_SD_GetCardInfo
                0x0800b05c       0x58 build/stm32f7xx_hal_sd.o
                0x0800b05c                HAL_SD_GetCardInfo
 .text.HAL_SD_ConfigWideBusOperation
                0x0800b0b4      0x134 build/stm32f7xx_hal_sd.o
                0x0800b0b4                HAL_SD_ConfigWideBusOperation
 .text.HAL_SD_GetCardState
                0x0800b1e8       0x40 build/stm32f7xx_hal_sd.o
                0x0800b1e8                HAL_SD_GetCardState
 .text.SD_DMATransmitCplt
                0x0800b228       0x2a build/stm32f7xx_hal_sd.o
 .text.SD_DMAReceiveCplt
                0x0800b252       0x70 build/stm32f7xx_hal_sd.o
 *fill*         0x0800b2c2        0x2 
 .text.SD_DMAError
                0x0800b2c4       0xa4 build/stm32f7xx_hal_sd.o
 .text.SD_DMATxAbort
                0x0800b368       0x6e build/stm32f7xx_hal_sd.o
 .text.SD_DMARxAbort
                0x0800b3d6       0x6e build/stm32f7xx_hal_sd.o
 .text.SD_InitCard
                0x0800b444      0x19c build/stm32f7xx_hal_sd.o
 .text.SD_PowerON
                0x0800b5e0      0x11c build/stm32f7xx_hal_sd.o
 .text.SD_SendStatus
                0x0800b6fc       0x50 build/stm32f7xx_hal_sd.o
 .text.SD_WideBus_Enable
                0x0800b74c       0x96 build/stm32f7xx_hal_sd.o
 .text.SD_WideBus_Disable
                0x0800b7e2       0x96 build/stm32f7xx_hal_sd.o
 .text.SD_FindSCR
                0x0800b878      0x1a6 build/stm32f7xx_hal_sd.o
 .text.SD_Read_IT
                0x0800ba1e       0xa2 build/stm32f7xx_hal_sd.o
 .text.SD_Write_IT
                0x0800bac0       0xaa build/stm32f7xx_hal_sd.o
 .text.HAL_SPI_Init
                0x0800bb6a      0x156 build/stm32f7xx_hal_spi.o
                0x0800bb6a                HAL_SPI_Init
 .text.HAL_TIM_Base_Init
                0x0800bcc0       0xae build/stm32f7xx_hal_tim.o
                0x0800bcc0                HAL_TIM_Base_Init
 .text.HAL_TIM_Base_MspInit
                0x0800bd6e       0x14 build/stm32f7xx_hal_tim.o
                0x0800bd6e                HAL_TIM_Base_MspInit
 *fill*         0x0800bd82        0x2 
 .text.HAL_TIM_Base_Start_IT
                0x0800bd84       0xf0 build/stm32f7xx_hal_tim.o
                0x0800bd84                HAL_TIM_Base_Start_IT
 .text.HAL_TIM_IRQHandler
                0x0800be74      0x23e build/stm32f7xx_hal_tim.o
                0x0800be74                HAL_TIM_IRQHandler
 .text.HAL_TIM_OC_DelayElapsedCallback
                0x0800c0b2       0x14 build/stm32f7xx_hal_tim.o
                0x0800c0b2                HAL_TIM_OC_DelayElapsedCallback
 .text.HAL_TIM_IC_CaptureCallback
                0x0800c0c6       0x14 build/stm32f7xx_hal_tim.o
                0x0800c0c6                HAL_TIM_IC_CaptureCallback
 .text.HAL_TIM_PWM_PulseFinishedCallback
                0x0800c0da       0x14 build/stm32f7xx_hal_tim.o
                0x0800c0da                HAL_TIM_PWM_PulseFinishedCallback
 .text.HAL_TIM_TriggerCallback
                0x0800c0ee       0x14 build/stm32f7xx_hal_tim.o
                0x0800c0ee                HAL_TIM_TriggerCallback
 *fill*         0x0800c102        0x2 
 .text.TIM_Base_SetConfig
                0x0800c104      0x140 build/stm32f7xx_hal_tim.o
                0x0800c104                TIM_Base_SetConfig
 .text.HAL_TIMEx_CommutCallback
                0x0800c244       0x14 build/stm32f7xx_hal_tim_ex.o
                0x0800c244                HAL_TIMEx_CommutCallback
 .text.HAL_TIMEx_BreakCallback
                0x0800c258       0x14 build/stm32f7xx_hal_tim_ex.o
                0x0800c258                HAL_TIMEx_BreakCallback
 .text.HAL_TIMEx_Break2Callback
                0x0800c26c       0x14 build/stm32f7xx_hal_tim_ex.o
                0x0800c26c                HAL_TIMEx_Break2Callback
 .text.HAL_UART_Init
                0x0800c280       0x9c build/stm32f7xx_hal_uart.o
                0x0800c280                HAL_UART_Init
 .text.UART_SetConfig
                0x0800c31c      0x4c8 build/stm32f7xx_hal_uart.o
                0x0800c31c                UART_SetConfig
 .text.UART_AdvFeatureConfig
                0x0800c7e4      0x144 build/stm32f7xx_hal_uart.o
                0x0800c7e4                UART_AdvFeatureConfig
 .text.UART_CheckIdleState
                0x0800c928       0x6e build/stm32f7xx_hal_uart.o
                0x0800c928                UART_CheckIdleState
 .text.UART_WaitOnFlagUntilTimeout
                0x0800c996      0x18c build/stm32f7xx_hal_uart.o
                0x0800c996                UART_WaitOnFlagUntilTimeout
 *fill*         0x0800cb22        0x2 
 .text.SystemInit
                0x0800cb24       0x24 build/system_stm32f7xx.o
                0x0800cb24                SystemInit
 .text.disk_status
                0x0800cb48       0x34 build/diskio.o
                0x0800cb48                disk_status
 .text.disk_initialize
                0x0800cb7c       0x4c build/diskio.o
                0x0800cb7c                disk_initialize
 .text.disk_read
                0x0800cbc8       0x40 build/diskio.o
                0x0800cbc8                disk_read
 .text.disk_write
                0x0800cc08       0x40 build/diskio.o
                0x0800cc08                disk_write
 .text.disk_ioctl
                0x0800cc48       0x3c build/diskio.o
                0x0800cc48                disk_ioctl
 .text.ld_word  0x0800cc84       0x30 build/ff.o
 .text.ld_dword
                0x0800ccb4       0x46 build/ff.o
 .text.ld_qword
                0x0800ccfa      0x1b6 build/ff.o
 .text.st_word  0x0800ceb0       0x36 build/ff.o
 .text.st_dword
                0x0800cee6       0x58 build/ff.o
 .text.st_qword
                0x0800cf3e      0x110 build/ff.o
 .text.mem_cpy  0x0800d04e       0x42 build/ff.o
 .text.mem_set  0x0800d090       0x36 build/ff.o
 .text.mem_cmp  0x0800d0c6       0x4e build/ff.o
 .text.chk_chr  0x0800d114       0x36 build/ff.o
 .text.lock_fs  0x0800d14a       0x2c build/ff.o
 .text.unlock_fs
                0x0800d176       0x36 build/ff.o
 .text.chk_lock
                0x0800d1ac       0xb8 build/ff.o
 .text.enq_lock
                0x0800d264       0x44 build/ff.o
 .text.inc_lock
                0x0800d2a8      0x11c build/ff.o
 .text.dec_lock
                0x0800d3c4       0x78 build/ff.o
 .text.clear_lock
                0x0800d43c       0x48 build/ff.o
 .text.sync_window
                0x0800d484       0x88 build/ff.o
 .text.move_window
                0x0800d50c       0x5a build/ff.o
 *fill*         0x0800d566        0x2 
 .text.sync_fs  0x0800d568       0xdc build/ff.o
 .text.clust2sect
                0x0800d644       0x3e build/ff.o
 *fill*         0x0800d682        0x2 
 .text.get_fat  0x0800d684      0x234 build/ff.o
 .text.put_fat  0x0800d8b8      0x1e0 build/ff.o
 .text.find_bitmap
                0x0800da98       0xf8 build/ff.o
 .text.change_bitmap
                0x0800db90       0xd4 build/ff.o
 .text.fill_first_frag
                0x0800dc64       0x5e build/ff.o
 .text.fill_last_frag
                0x0800dcc2       0x62 build/ff.o
 .text.remove_chain
                0x0800dd24      0x168 build/ff.o
 .text.create_chain
                0x0800de8c      0x202 build/ff.o
 .text.clmt_clust
                0x0800e08e       0x88 build/ff.o
 .text.dir_sdi  0x0800e116      0x10c build/ff.o
 .text.dir_next
                0x0800e222      0x1aa build/ff.o
 .text.dir_alloc
                0x0800e3cc       0xb8 build/ff.o
 .text.ld_clust
                0x0800e484       0x3e build/ff.o
 .text.st_clust
                0x0800e4c2       0x40 build/ff.o
 *fill*         0x0800e502        0x2 
 .text.cmp_lfn  0x0800e504       0xe0 build/ff.o
 .text.pick_lfn
                0x0800e5e4       0xc8 build/ff.o
 .text.put_lfn  0x0800e6ac       0xd0 build/ff.o
 .text.gen_numname
                0x0800e77c      0x11c build/ff.o
 .text.sum_sfn  0x0800e898       0x42 build/ff.o
 .text.xdir_sum
                0x0800e8da       0x66 build/ff.o
 .text.xname_sum
                0x0800e940       0x68 build/ff.o
 .text.load_xdir
                0x0800e9a8      0x17c build/ff.o
 .text.load_obj_dir
                0x0800eb24       0x6c build/ff.o
 .text.store_xdir
                0x0800eb90       0xb6 build/ff.o
 .text.create_xdir
                0x0800ec46       0xce build/ff.o
 .text.dir_read
                0x0800ed14      0x18e build/ff.o
 .text.dir_find
                0x0800eea2      0x252 build/ff.o
 .text.dir_register
                0x0800f0f4      0x34c build/ff.o
 .text.create_name
                0x0800f440      0x370 build/ff.o
 .text.follow_path
                0x0800f7b0      0x152 build/ff.o
 .text.get_ldnumber
                0x0800f902       0x88 build/ff.o
 *fill*         0x0800f98a        0x2 
 .text.check_fs
                0x0800f98c       0xc8 build/ff.o
 .text.find_volume
                0x0800fa54      0x6b4 build/ff.o
 .text.validate
                0x08010108       0x8e build/ff.o
 *fill*         0x08010196        0x2 
 .text.f_mount  0x08010198       0xc8 build/ff.o
                0x08010198                f_mount
 .text.f_open   0x08010260      0x816 build/ff.o
                0x08010260                f_open
 .text.f_write  0x08010a76      0x3c6 build/ff.o
                0x08010a76                f_write
 .text.f_sync   0x08010e3c      0x36c build/ff.o
                0x08010e3c                f_sync
 .text.f_close  0x080111a8       0x5e build/ff.o
                0x080111a8                f_close
 *fill*         0x08011206        0x2 
 .text.FATFS_LinkDriverEx
                0x08011208       0x98 build/ff_gen_drv.o
                0x08011208                FATFS_LinkDriverEx
 .text.FATFS_LinkDriver
                0x080112a0       0x1e build/ff_gen_drv.o
                0x080112a0                FATFS_LinkDriver
 .text.ff_cre_syncobj
                0x080112be       0x40 build/syscall.o
                0x080112be                ff_cre_syncobj
 .text.ff_del_syncobj
                0x080112fe       0x18 build/syscall.o
                0x080112fe                ff_del_syncobj
 .text.ff_req_grant
                0x08011316       0x2a build/syscall.o
                0x08011316                ff_req_grant
 .text.ff_rel_grant
                0x08011340       0x16 build/syscall.o
                0x08011340                ff_rel_grant
 *fill*         0x08011356        0x2 
 .text.ff_convert
                0x08011358       0x78 build/ccsbcs.o
                0x08011358                ff_convert
 .text.ff_wtoupper
                0x080113d0      0x114 build/ccsbcs.o
                0x080113d0                ff_wtoupper
 .text.vListInitialise
                0x080114e4       0x40 build/list.o
                0x080114e4                vListInitialise
 .text.vListInitialiseItem
                0x08011524       0x1a build/list.o
                0x08011524                vListInitialiseItem
 .text.vListInsertEnd
                0x0801153e       0x48 build/list.o
                0x0801153e                vListInsertEnd
 .text.vListInsert
                0x08011586       0x72 build/list.o
                0x08011586                vListInsert
 .text.uxListRemove
                0x080115f8       0x54 build/list.o
                0x080115f8                uxListRemove
 .text.xQueueGenericReset
                0x0801164c       0xd4 build/queue.o
                0x0801164c                xQueueGenericReset
 .text.xQueueGenericCreateStatic
                0x08011720      0x104 build/queue.o
                0x08011720                xQueueGenericCreateStatic
 .text.xQueueGenericCreate
                0x08011824       0x84 build/queue.o
                0x08011824                xQueueGenericCreate
 .text.prvInitialiseNewQueue
                0x080118a8       0x3e build/queue.o
 .text.xQueueCreateCountingSemaphoreStatic
                0x080118e6       0x76 build/queue.o
                0x080118e6                xQueueCreateCountingSemaphoreStatic
 .text.xQueueCreateCountingSemaphore
                0x0801195c       0x6e build/queue.o
                0x0801195c                xQueueCreateCountingSemaphore
 *fill*         0x080119ca        0x2 
 .text.xQueueGenericSend
                0x080119cc      0x20c build/queue.o
                0x080119cc                xQueueGenericSend
 .text.xQueueGenericSendFromISR
                0x08011bd8      0x140 build/queue.o
                0x08011bd8                xQueueGenericSendFromISR
 .text.xQueueGiveFromISR
                0x08011d18      0x12a build/queue.o
                0x08011d18                xQueueGiveFromISR
 *fill*         0x08011e42        0x2 
 .text.xQueueReceive
                0x08011e44      0x1cc build/queue.o
                0x08011e44                xQueueReceive
 .text.xQueueSemaphoreTake
                0x08012010      0x228 build/queue.o
                0x08012010                xQueueSemaphoreTake
 .text.xQueueReceiveFromISR
                0x08012238      0x10c build/queue.o
                0x08012238                xQueueReceiveFromISR
 .text.vQueueDelete
                0x08012344       0x4a build/queue.o
                0x08012344                vQueueDelete
 .text.prvGetDisinheritPriorityAfterTimeout
                0x0801238e       0x30 build/queue.o
 .text.prvCopyDataToQueue
                0x080123be       0xd4 build/queue.o
 .text.prvCopyDataFromQueue
                0x08012492       0x4c build/queue.o
 .text.prvUnlockQueue
                0x080124de       0xa4 build/queue.o
 .text.prvIsQueueEmpty
                0x08012582       0x2c build/queue.o
 .text.prvIsQueueFull
                0x080125ae       0x30 build/queue.o
 *fill*         0x080125de        0x2 
 .text.vQueueUnregisterQueue
                0x080125e0       0x54 build/queue.o
                0x080125e0                vQueueUnregisterQueue
 .text.xTaskCreateStatic
                0x08012634       0xca build/tasks.o
                0x08012634                xTaskCreateStatic
 .text.xTaskCreate
                0x080126fe       0x8c build/tasks.o
                0x080126fe                xTaskCreate
 .text.prvInitialiseNewTask
                0x0801278a      0x1a8 build/tasks.o
 *fill*         0x08012932        0x2 
 .text.prvAddNewTaskToReadyList
                0x08012934       0xd4 build/tasks.o
 .text.vTaskDelay
                0x08012a08       0x6c build/tasks.o
                0x08012a08                vTaskDelay
 .text.vTaskStartScheduler
                0x08012a74       0xdc build/tasks.o
                0x08012a74                vTaskStartScheduler
 .text.vTaskSuspendAll
                0x08012b50       0x1c build/tasks.o
                0x08012b50                vTaskSuspendAll
 .text.xTaskResumeAll
                0x08012b6c      0x13c build/tasks.o
                0x08012b6c                xTaskResumeAll
 .text.xTaskGetTickCount
                0x08012ca8       0x20 build/tasks.o
                0x08012ca8                xTaskGetTickCount
 .text.xTaskGetTickCountFromISR
                0x08012cc8       0x24 build/tasks.o
                0x08012cc8                xTaskGetTickCountFromISR
 .text.xTaskIncrementTick
                0x08012cec      0x174 build/tasks.o
                0x08012cec                xTaskIncrementTick
 .text.vTaskSwitchContext
                0x08012e60      0x114 build/tasks.o
                0x08012e60                vTaskSwitchContext
 .text.vTaskPlaceOnEventList
                0x08012f74       0x4c build/tasks.o
                0x08012f74                vTaskPlaceOnEventList
 .text.xTaskRemoveFromEventList
                0x08012fc0       0xc8 build/tasks.o
                0x08012fc0                xTaskRemoveFromEventList
 .text.vTaskInternalSetTimeOutState
                0x08013088       0x2c build/tasks.o
                0x08013088                vTaskInternalSetTimeOutState
 .text.xTaskCheckForTimeOut
                0x080130b4       0xcc build/tasks.o
                0x080130b4                xTaskCheckForTimeOut
 .text.vTaskMissedYield
                0x08013180       0x18 build/tasks.o
                0x08013180                vTaskMissedYield
 .text.prvIdleTask
                0x08013198       0x34 build/tasks.o
 .text.prvInitialiseTaskLists
                0x080131cc       0x80 build/tasks.o
 .text.prvCheckTasksWaitingTermination
                0x0801324c       0x5c build/tasks.o
 .text.prvDeleteTCB
                0x080132a8       0x6c build/tasks.o
 .text.prvResetNextTaskUnblockTime
                0x08013314       0x40 build/tasks.o
 .text.xTaskGetSchedulerState
                0x08013354       0x3c build/tasks.o
                0x08013354                xTaskGetSchedulerState
 .text.xTaskPriorityInherit
                0x08013390      0x100 build/tasks.o
                0x08013390                xTaskPriorityInherit
 .text.xTaskPriorityDisinherit
                0x08013490      0x114 build/tasks.o
                0x08013490                xTaskPriorityDisinherit
 .text.vTaskPriorityDisinheritAfterTimeout
                0x080135a4      0x13c build/tasks.o
                0x080135a4                vTaskPriorityDisinheritAfterTimeout
 .text.pvTaskIncrementMutexHeldCount
                0x080136e0       0x28 build/tasks.o
                0x080136e0                pvTaskIncrementMutexHeldCount
 .text.prvAddCurrentTaskToDelayedList
                0x08013708       0xcc build/tasks.o
 .text.makeFreeRtosPriority
                0x080137d4       0x30 build/cmsis_os.o
 .text.inHandlerMode
                0x08013804       0x24 build/cmsis_os.o
 .text.osKernelStart
                0x08013828        0xe build/cmsis_os.o
                0x08013828                osKernelStart
 .text.osKernelRunning
                0x08013836       0x18 build/cmsis_os.o
                0x08013836                osKernelRunning
 .text.osKernelSysTick
                0x0801384e       0x20 build/cmsis_os.o
                0x0801384e                osKernelSysTick
 .text.osThreadCreate
                0x0801386e       0x98 build/cmsis_os.o
                0x0801386e                osThreadCreate
 *fill*         0x08013906        0x2 
 .text.osDelay  0x08013908       0x34 build/cmsis_os.o
                0x08013908                osDelay
 .text.osSemaphoreCreate
                0x0801393c       0x7e build/cmsis_os.o
                0x0801393c                osSemaphoreCreate
 *fill*         0x080139ba        0x2 
 .text.osSemaphoreWait
                0x080139bc       0xa8 build/cmsis_os.o
                0x080139bc                osSemaphoreWait
 .text.osSemaphoreRelease
                0x08013a64       0x6c build/cmsis_os.o
                0x08013a64                osSemaphoreRelease
 .text.osSemaphoreDelete
                0x08013ad0       0x26 build/cmsis_os.o
                0x08013ad0                osSemaphoreDelete
 .text.osMessageCreate
                0x08013af6       0x50 build/cmsis_os.o
                0x08013af6                osMessageCreate
 *fill*         0x08013b46        0x2 
 .text.osMessagePut
                0x08013b48       0x8c build/cmsis_os.o
                0x08013b48                osMessagePut
 .text.osMessageGet
                0x08013bd4       0xf4 build/cmsis_os.o
                0x08013bd4                osMessageGet
 .text.pvPortMalloc
                0x08013cc8      0x1a0 build/heap_4.o
                0x08013cc8                pvPortMalloc
 .text.vPortFree
                0x08013e68       0xbc build/heap_4.o
                0x08013e68                vPortFree
 .text.prvHeapInit
                0x08013f24       0xc4 build/heap_4.o
 .text.prvInsertBlockIntoFreeList
                0x08013fe8       0xb4 build/heap_4.o
 .text.pxPortInitialiseStack
                0x0801409c       0x68 build/port.o
                0x0801409c                pxPortInitialiseStack
 .text.prvTaskExitError
                0x08014104       0x60 build/port.o
 *fill*         0x08014164        0xc 
 .text.SVC_Handler
                0x08014170       0x28 build/port.o
                0x08014170                SVC_Handler
 .text.prvPortStartFirstTask
                0x08014198       0x28 build/port.o
 .text.xPortStartScheduler
                0x080141c0       0xfc build/port.o
                0x080141c0                xPortStartScheduler
 .text.vPortEnterCritical
                0x080142bc       0x68 build/port.o
                0x080142bc                vPortEnterCritical
 .text.vPortExitCritical
                0x08014324       0x58 build/port.o
                0x08014324                vPortExitCritical
 *fill*         0x0801437c        0x4 
 .text.PendSV_Handler
                0x08014380       0x68 build/port.o
                0x08014380                PendSV_Handler
 .text.SysTick_Handler
                0x080143e8       0x48 build/port.o
                0x080143e8                SysTick_Handler
 .text.vPortSetupTimerInterrupt
                0x08014430       0x48 build/port.o
                0x08014430                vPortSetupTimerInterrupt
 .text.vPortEnableVFP
                0x08014478       0x14 build/port.o
 .text.vPortValidateInterruptPriority
                0x0801448c       0x88 build/port.o
                0x0801448c                vPortValidateInterruptPriority
 .text.USBD_Init
                0x08014514       0x60 build/usbd_core.o
                0x08014514                USBD_Init
 .text.USBD_RegisterClass
                0x08014574       0x6c build/usbd_core.o
                0x08014574                USBD_RegisterClass
 .text.USBD_Start
                0x080145e0       0x18 build/usbd_core.o
                0x080145e0                USBD_Start
 .text.USBD_RunTestMode
                0x080145f8       0x16 build/usbd_core.o
                0x080145f8                USBD_RunTestMode
 .text.USBD_SetClassConfig
                0x0801460e       0x38 build/usbd_core.o
                0x0801460e                USBD_SetClassConfig
 .text.USBD_ClrClassConfig
                0x08014646       0x34 build/usbd_core.o
                0x08014646                USBD_ClrClassConfig
 .text.USBD_LL_SetupStage
                0x0801467a       0xaa build/usbd_core.o
                0x0801467a                USBD_LL_SetupStage
 .text.USBD_LL_DataOutStage
                0x08014724      0x166 build/usbd_core.o
                0x08014724                USBD_LL_DataOutStage
 .text.USBD_LL_DataInStage
                0x0801488a      0x164 build/usbd_core.o
                0x0801488a                USBD_LL_DataInStage
 .text.USBD_LL_Reset
                0x080149ee       0xa4 build/usbd_core.o
                0x080149ee                USBD_LL_Reset
 .text.USBD_LL_SetSpeed
                0x08014a92       0x20 build/usbd_core.o
                0x08014a92                USBD_LL_SetSpeed
 .text.USBD_LL_Suspend
                0x08014ab2       0x2c build/usbd_core.o
                0x08014ab2                USBD_LL_Suspend
 .text.USBD_LL_Resume
                0x08014ade       0x30 build/usbd_core.o
                0x08014ade                USBD_LL_Resume
 .text.USBD_LL_SOF
                0x08014b0e       0x40 build/usbd_core.o
                0x08014b0e                USBD_LL_SOF
 .text.USBD_LL_IsoINIncomplete
                0x08014b4e       0x64 build/usbd_core.o
                0x08014b4e                USBD_LL_IsoINIncomplete
 .text.USBD_LL_IsoOUTIncomplete
                0x08014bb2       0x64 build/usbd_core.o
                0x08014bb2                USBD_LL_IsoOUTIncomplete
 .text.USBD_LL_DevConnected
                0x08014c16       0x16 build/usbd_core.o
                0x08014c16                USBD_LL_DevConnected
 .text.USBD_LL_DevDisconnected
                0x08014c2c       0x46 build/usbd_core.o
                0x08014c2c                USBD_LL_DevDisconnected
 .text.USBD_CoreFindIF
                0x08014c72       0x1a build/usbd_core.o
                0x08014c72                USBD_CoreFindIF
 .text.USBD_CoreFindEP
                0x08014c8c       0x1a build/usbd_core.o
                0x08014c8c                USBD_CoreFindEP
 .text.USBD_GetEpDesc
                0x08014ca6       0x74 build/usbd_core.o
                0x08014ca6                USBD_GetEpDesc
 .text.USBD_GetNextDesc
                0x08014d1a       0x3a build/usbd_core.o
                0x08014d1a                USBD_GetNextDesc
 .text.SWAPBYTE
                0x08014d54       0x3c build/usbd_ctlreq.o
 .text.USBD_StdDevReq
                0x08014d90       0xe4 build/usbd_ctlreq.o
                0x08014d90                USBD_StdDevReq
 .text.USBD_StdItfReq
                0x08014e74       0xd8 build/usbd_ctlreq.o
                0x08014e74                USBD_StdItfReq
 .text.USBD_StdEPReq
                0x08014f4c      0x33a build/usbd_ctlreq.o
                0x08014f4c                USBD_StdEPReq
 *fill*         0x08015286        0x2 
 .text.USBD_GetDescriptor
                0x08015288      0x328 build/usbd_ctlreq.o
 .text.USBD_SetAddress
                0x080155b0       0x88 build/usbd_ctlreq.o
 .text.USBD_SetConfig
                0x08015638      0x154 build/usbd_ctlreq.o
 .text.USBD_GetConfig
                0x0801578c       0x6c build/usbd_ctlreq.o
 .text.USBD_GetStatus
                0x080157f8       0x68 build/usbd_ctlreq.o
 .text.USBD_SetFeature
                0x08015860       0x52 build/usbd_ctlreq.o
 .text.USBD_ClrFeature
                0x080158b2       0x44 build/usbd_ctlreq.o
 .text.USBD_ParseSetupRequest
                0x080158f6       0x74 build/usbd_ctlreq.o
                0x080158f6                USBD_ParseSetupRequest
 .text.USBD_CtlError
                0x0801596a       0x22 build/usbd_ctlreq.o
                0x0801596a                USBD_CtlError
 .text.USBD_GetString
                0x0801598c       0x8c build/usbd_ctlreq.o
                0x0801598c                USBD_GetString
 .text.USBD_GetLen
                0x08015a18       0x34 build/usbd_ctlreq.o
 .text.USBD_CtlSendData
                0x08015a4c       0x36 build/usbd_ioreq.o
                0x08015a4c                USBD_CtlSendData
 .text.USBD_CtlContinueSendData
                0x08015a82       0x22 build/usbd_ioreq.o
                0x08015a82                USBD_CtlContinueSendData
 .text.USBD_CtlContinueRx
                0x08015aa4       0x22 build/usbd_ioreq.o
                0x08015aa4                USBD_CtlContinueRx
 .text.USBD_CtlSendStatus
                0x08015ac6       0x26 build/usbd_ioreq.o
                0x08015ac6                USBD_CtlSendStatus
 .text.USBD_CtlReceiveStatus
                0x08015aec       0x26 build/usbd_ioreq.o
                0x08015aec                USBD_CtlReceiveStatus
 *fill*         0x08015b12        0x2 
 .text.USBD_MSC_Init
                0x08015b14      0x120 build/usbd_msc.o
                0x08015b14                USBD_MSC_Init
 .text.USBD_MSC_DeInit
                0x08015c34       0xb0 build/usbd_msc.o
                0x08015c34                USBD_MSC_DeInit
 .text.USBD_MSC_Setup
                0x08015ce4      0x1f8 build/usbd_msc.o
                0x08015ce4                USBD_MSC_Setup
 .text.USBD_MSC_DataIn
                0x08015edc       0x20 build/usbd_msc.o
                0x08015edc                USBD_MSC_DataIn
 .text.USBD_MSC_DataOut
                0x08015efc       0x20 build/usbd_msc.o
                0x08015efc                USBD_MSC_DataOut
 .text.USBD_MSC_GetHSCfgDesc
                0x08015f1c       0x58 build/usbd_msc.o
                0x08015f1c                USBD_MSC_GetHSCfgDesc
 .text.USBD_MSC_GetFSCfgDesc
                0x08015f74       0x58 build/usbd_msc.o
                0x08015f74                USBD_MSC_GetFSCfgDesc
 .text.USBD_MSC_GetOtherSpeedCfgDesc
                0x08015fcc       0x58 build/usbd_msc.o
                0x08015fcc                USBD_MSC_GetOtherSpeedCfgDesc
 .text.USBD_MSC_GetDeviceQualifierDescriptor
                0x08016024       0x20 build/usbd_msc.o
                0x08016024                USBD_MSC_GetDeviceQualifierDescriptor
 .text.USBD_MSC_RegisterStorage
                0x08016044       0x34 build/usbd_msc.o
                0x08016044                USBD_MSC_RegisterStorage
 .text.MSC_BOT_Init
                0x08016078       0x94 build/usbd_msc_bot.o
                0x08016078                MSC_BOT_Init
 .text.MSC_BOT_Reset
                0x0801610c       0x68 build/usbd_msc_bot.o
                0x0801610c                MSC_BOT_Reset
 .text.MSC_BOT_DeInit
                0x08016174       0x30 build/usbd_msc_bot.o
                0x08016174                MSC_BOT_DeInit
 .text.MSC_BOT_DataIn
                0x080161a4       0x74 build/usbd_msc_bot.o
                0x080161a4                MSC_BOT_DataIn
 .text.MSC_BOT_DataOut
                0x08016218       0x68 build/usbd_msc_bot.o
                0x08016218                MSC_BOT_DataOut
 .text.MSC_BOT_CBW_Decode
                0x08016280      0x128 build/usbd_msc_bot.o
 .text.MSC_BOT_SendData
                0x080163a8       0x6c build/usbd_msc_bot.o
 .text.MSC_BOT_SendCSW
                0x08016414       0x74 build/usbd_msc_bot.o
                0x08016414                MSC_BOT_SendCSW
 .text.MSC_BOT_Abort
                0x08016488       0x84 build/usbd_msc_bot.o
 .text.MSC_BOT_CplClrFeature
                0x0801650c       0x74 build/usbd_msc_bot.o
                0x0801650c                MSC_BOT_CplClrFeature
 .text.SCSI_ProcessCmd
                0x08016580      0x304 build/usbd_msc_scsi.o
                0x08016580                SCSI_ProcessCmd
 .text.SCSI_TestUnitReady
                0x08016884       0xb2 build/usbd_msc_scsi.o
 *fill*         0x08016936        0x2 
 .text.SCSI_Inquiry
                0x08016938       0xfc build/usbd_msc_scsi.o
 .text.SCSI_ReadCapacity10
                0x08016a34       0xfc build/usbd_msc_scsi.o
 .text.SCSI_ReadCapacity16
                0x08016b30      0x166 build/usbd_msc_scsi.o
 .text.SCSI_ReadFormatCapacity
                0x08016c96       0xf6 build/usbd_msc_scsi.o
 .text.SCSI_ModeSense6
                0x08016d8c       0x60 build/usbd_msc_scsi.o
 .text.SCSI_ModeSense10
                0x08016dec       0x60 build/usbd_msc_scsi.o
 .text.SCSI_RequestSense
                0x08016e4c      0x106 build/usbd_msc_scsi.o
 .text.SCSI_SenseCode
                0x08016f52       0x96 build/usbd_msc_scsi.o
                0x08016f52                SCSI_SenseCode
 .text.SCSI_StartStopUnit
                0x08016fe8       0xaa build/usbd_msc_scsi.o
 .text.SCSI_AllowPreventRemovable
                0x08017092       0x5a build/usbd_msc_scsi.o
 .text.SCSI_Read10
                0x080170ec      0x154 build/usbd_msc_scsi.o
 .text.SCSI_Read12
                0x08017240      0x168 build/usbd_msc_scsi.o
 .text.SCSI_Write10
                0x080173a8      0x1ac build/usbd_msc_scsi.o
 .text.SCSI_Write12
                0x08017554      0x1cc build/usbd_msc_scsi.o
 .text.SCSI_Verify10
                0x08017720       0x7a build/usbd_msc_scsi.o
 .text.SCSI_CheckAddressRange
                0x0801779a       0x58 build/usbd_msc_scsi.o
 *fill*         0x080177f2        0x2 
 .text.SCSI_ProcessRead
                0x080177f4      0x10c build/usbd_msc_scsi.o
 .text.SCSI_ProcessWrite
                0x08017900      0x12c build/usbd_msc_scsi.o
 .text.SCSI_UpdateBotData
                0x08017a2c       0x52 build/usbd_msc_scsi.o
 *fill*         0x08017a7e        0x2 
 .text.HAL_DMA2D_Init
                0x08017a80       0x94 build/stm32f7xx_hal_dma2d.o
                0x08017a80                HAL_DMA2D_Init
 .text.HAL_DMA2D_Start
                0x08017b14       0x56 build/stm32f7xx_hal_dma2d.o
                0x08017b14                HAL_DMA2D_Start
 .text.HAL_DMA2D_PollForTransfer
                0x08017b6a      0x1d2 build/stm32f7xx_hal_dma2d.o
                0x08017b6a                HAL_DMA2D_PollForTransfer
 .text.HAL_DMA2D_IRQHandler
                0x08017d3c      0x1f8 build/stm32f7xx_hal_dma2d.o
                0x08017d3c                HAL_DMA2D_IRQHandler
 .text.HAL_DMA2D_LineEventCallback
                0x08017f34       0x14 build/stm32f7xx_hal_dma2d.o
                0x08017f34                HAL_DMA2D_LineEventCallback
 .text.HAL_DMA2D_CLUTLoadingCpltCallback
                0x08017f48       0x14 build/stm32f7xx_hal_dma2d.o
                0x08017f48                HAL_DMA2D_CLUTLoadingCpltCallback
 .text.HAL_DMA2D_ConfigLayer
                0x08017f5c      0x124 build/stm32f7xx_hal_dma2d.o
                0x08017f5c                HAL_DMA2D_ConfigLayer
 .text.DMA2D_SetConfig
                0x08018080      0x138 build/stm32f7xx_hal_dma2d.o
 .text.Reset_Handler
                0x080181b8       0x50 build/startup_stm32f746xx.o
                0x080181b8                Reset_Handler
 .text.Default_Handler
                0x08018208        0x2 build/startup_stm32f746xx.o
                0x08018208                RTC_Alarm_IRQHandler
                0x08018208                EXTI2_IRQHandler
                0x08018208                TIM8_CC_IRQHandler
                0x08018208                UART8_IRQHandler
                0x08018208                SPI4_IRQHandler
                0x08018208                TIM1_CC_IRQHandler
                0x08018208                DMA2_Stream5_IRQHandler
                0x08018208                DMA1_Stream5_IRQHandler
                0x08018208                PVD_IRQHandler
                0x08018208                TAMP_STAMP_IRQHandler
                0x08018208                CAN2_RX1_IRQHandler
                0x08018208                EXTI3_IRQHandler
                0x08018208                TIM8_TRG_COM_TIM14_IRQHandler
                0x08018208                TIM1_UP_TIM10_IRQHandler
                0x08018208                TIM8_UP_TIM13_IRQHandler
                0x08018208                I2C3_ER_IRQHandler
                0x08018208                EXTI0_IRQHandler
                0x08018208                I2C2_EV_IRQHandler
                0x08018208                DMA1_Stream2_IRQHandler
                0x08018208                CAN1_RX0_IRQHandler
                0x08018208                FPU_IRQHandler
                0x08018208                OTG_HS_WKUP_IRQHandler
                0x08018208                LTDC_ER_IRQHandler
                0x08018208                CAN2_SCE_IRQHandler
                0x08018208                DMA2_Stream2_IRQHandler
                0x08018208                SPI1_IRQHandler
                0x08018208                TIM1_BRK_TIM9_IRQHandler
                0x08018208                DCMI_IRQHandler
                0x08018208                CAN2_RX0_IRQHandler
                0x08018208                SAI2_IRQHandler
                0x08018208                USART6_IRQHandler
                0x08018208                USART3_IRQHandler
                0x08018208                CAN1_RX1_IRQHandler
                0x08018208                UART5_IRQHandler
                0x08018208                TIM4_IRQHandler
                0x08018208                QUADSPI_IRQHandler
                0x08018208                I2C1_EV_IRQHandler
                0x08018208                DMA1_Stream6_IRQHandler
                0x08018208                DMA1_Stream1_IRQHandler
                0x08018208                UART4_IRQHandler
                0x08018208                TIM3_IRQHandler
                0x08018208                RCC_IRQHandler
                0x08018208                TIM8_BRK_TIM12_IRQHandler
                0x08018208                Default_Handler
                0x08018208                CEC_IRQHandler
                0x08018208                EXTI15_10_IRQHandler
                0x08018208                ADC_IRQHandler
                0x08018208                DMA1_Stream7_IRQHandler
                0x08018208                SPI5_IRQHandler
                0x08018208                TIM7_IRQHandler
                0x08018208                CAN2_TX_IRQHandler
                0x08018208                TIM5_IRQHandler
                0x08018208                DMA2_Stream7_IRQHandler
                0x08018208                I2C3_EV_IRQHandler
                0x08018208                EXTI9_5_IRQHandler
                0x08018208                RTC_WKUP_IRQHandler
                0x08018208                ETH_WKUP_IRQHandler
                0x08018208                SPDIF_RX_IRQHandler
                0x08018208                SPI2_IRQHandler
                0x08018208                OTG_HS_EP1_IN_IRQHandler
                0x08018208                DMA1_Stream0_IRQHandler
                0x08018208                CAN1_TX_IRQHandler
                0x08018208                EXTI4_IRQHandler
                0x08018208                RNG_IRQHandler
                0x08018208                ETH_IRQHandler
                0x08018208                OTG_HS_EP1_OUT_IRQHandler
                0x08018208                WWDG_IRQHandler
                0x08018208                SPI6_IRQHandler
                0x08018208                I2C4_EV_IRQHandler
                0x08018208                TIM2_IRQHandler
                0x08018208                OTG_FS_WKUP_IRQHandler
                0x08018208                TIM1_TRG_COM_TIM11_IRQHandler
                0x08018208                EXTI1_IRQHandler
                0x08018208                UART7_IRQHandler
                0x08018208                USART2_IRQHandler
                0x08018208                I2C2_ER_IRQHandler
                0x08018208                DMA2_Stream1_IRQHandler
                0x08018208                CAN1_SCE_IRQHandler
                0x08018208                FLASH_IRQHandler
                0x08018208                DMA2_Stream4_IRQHandler
                0x08018208                USART1_IRQHandler
                0x08018208                OTG_FS_IRQHandler
                0x08018208                SPI3_IRQHandler
                0x08018208                DMA1_Stream4_IRQHandler
                0x08018208                I2C1_ER_IRQHandler
                0x08018208                FMC_IRQHandler
                0x08018208                LPTIM1_IRQHandler
                0x08018208                I2C4_ER_IRQHandler
                0x08018208                SAI1_IRQHandler
                0x08018208                DMA1_Stream3_IRQHandler
 *fill*         0x0801820a        0x2 
 .text.__libc_init_array
                0x0801820c       0x48 d:/3.tools/arm_gcc_toolchain/bin/../lib/gcc/arm-none-eabi/10.3.1/../../../../arm-none-eabi/lib/thumb/v7e-m+fp/hard\libc_nano.a(lib_a-init.o)
                0x0801820c                __libc_init_array
 .text.malloc   0x08018254       0x10 d:/3.tools/arm_gcc_toolchain/bin/../lib/gcc/arm-none-eabi/10.3.1/../../../../arm-none-eabi/lib/thumb/v7e-m+fp/hard\libc_nano.a(lib_a-malloc.o)
                0x08018254                malloc
 .text.free     0x08018264       0x10 d:/3.tools/arm_gcc_toolchain/bin/../lib/gcc/arm-none-eabi/10.3.1/../../../../arm-none-eabi/lib/thumb/v7e-m+fp/hard\libc_nano.a(lib_a-malloc.o)
                0x08018264                free
 .text.memcpy   0x08018274       0x1c d:/3.tools/arm_gcc_toolchain/bin/../lib/gcc/arm-none-eabi/10.3.1/../../../../arm-none-eabi/lib/thumb/v7e-m+fp/hard\libc_nano.a(lib_a-memcpy-stub.o)
                0x08018274                memcpy
 .text.memset   0x08018290       0x10 d:/3.tools/arm_gcc_toolchain/bin/../lib/gcc/arm-none-eabi/10.3.1/../../../../arm-none-eabi/lib/thumb/v7e-m+fp/hard\libc_nano.a(lib_a-memset.o)
                0x08018290                memset
 .text._free_r  0x080182a0       0x98 d:/3.tools/arm_gcc_toolchain/bin/../lib/gcc/arm-none-eabi/10.3.1/../../../../arm-none-eabi/lib/thumb/v7e-m+fp/hard\libc_nano.a(lib_a-nano-freer.o)
                0x080182a0                _free_r
 .text.sbrk_aligned
                0x08018338       0x40 d:/3.tools/arm_gcc_toolchain/bin/../lib/gcc/arm-none-eabi/10.3.1/../../../../arm-none-eabi/lib/thumb/v7e-m+fp/hard\libc_nano.a(lib_a-nano-mallocr.o)
 .text._malloc_r
                0x08018378       0xe8 d:/3.tools/arm_gcc_toolchain/bin/../lib/gcc/arm-none-eabi/10.3.1/../../../../arm-none-eabi/lib/thumb/v7e-m+fp/hard\libc_nano.a(lib_a-nano-mallocr.o)
                0x08018378                _malloc_r
 .text.cleanup_glue
                0x08018460       0x1a d:/3.tools/arm_gcc_toolchain/bin/../lib/gcc/arm-none-eabi/10.3.1/../../../../arm-none-eabi/lib/thumb/v7e-m+fp/hard\libc_nano.a(lib_a-reent.o)
                0x08018460                cleanup_glue
 *fill*         0x0801847a        0x2 
 .text._reclaim_reent
                0x0801847c       0xb8 d:/3.tools/arm_gcc_toolchain/bin/../lib/gcc/arm-none-eabi/10.3.1/../../../../arm-none-eabi/lib/thumb/v7e-m+fp/hard\libc_nano.a(lib_a-reent.o)
                0x0801847c                _reclaim_reent
 .text._sbrk_r  0x08018534       0x20 d:/3.tools/arm_gcc_toolchain/bin/../lib/gcc/arm-none-eabi/10.3.1/../../../../arm-none-eabi/lib/thumb/v7e-m+fp/hard\libc_nano.a(lib_a-sbrkr.o)
                0x08018534                _sbrk_r
 .text.__malloc_lock
                0x08018554        0xc d:/3.tools/arm_gcc_toolchain/bin/../lib/gcc/arm-none-eabi/10.3.1/../../../../arm-none-eabi/lib/thumb/v7e-m+fp/hard\libc_nano.a(lib_a-mlock.o)
                0x08018554                __malloc_lock
 .text.__malloc_unlock
                0x08018560        0xc d:/3.tools/arm_gcc_toolchain/bin/../lib/gcc/arm-none-eabi/10.3.1/../../../../arm-none-eabi/lib/thumb/v7e-m+fp/hard\libc_nano.a(lib_a-mlock.o)
                0x08018560                __malloc_unlock
 .text.__retarget_lock_acquire_recursive
                0x0801856c        0x2 d:/3.tools/arm_gcc_toolchain/bin/../lib/gcc/arm-none-eabi/10.3.1/../../../../arm-none-eabi/lib/thumb/v7e-m+fp/hard\libc_nano.a(lib_a-lock.o)
                0x0801856c                __retarget_lock_acquire_recursive
 .text.__retarget_lock_release_recursive
                0x0801856e        0x2 d:/3.tools/arm_gcc_toolchain/bin/../lib/gcc/arm-none-eabi/10.3.1/../../../../arm-none-eabi/lib/thumb/v7e-m+fp/hard\libc_nano.a(lib_a-lock.o)
                0x0801856e                __retarget_lock_release_recursive
 .text._sbrk    0x08018570       0x1c d:/3.tools/arm_gcc_toolchain/bin/../lib/gcc/arm-none-eabi/10.3.1/../../../../arm-none-eabi/lib/thumb/v7e-m+fp/hard\libnosys.a(sbrk.o)
                0x08018570                _sbrk
 *(.glue_7)
 .glue_7        0x0801858c        0x0 linker stubs
 *(.glue_7t)
 .glue_7t       0x0801858c        0x0 linker stubs
 *(.eh_frame)
 .eh_frame      0x0801858c        0x0 d:/3.tools/arm_gcc_toolchain/bin/../lib/gcc/arm-none-eabi/10.3.1/thumb/v7e-m+fp/hard/crtbegin.o
 *(.init)
 .init          0x0801858c        0x4 d:/3.tools/arm_gcc_toolchain/bin/../lib/gcc/arm-none-eabi/10.3.1/thumb/v7e-m+fp/hard/crti.o
                0x0801858c                _init
 .init          0x08018590        0x8 d:/3.tools/arm_gcc_toolchain/bin/../lib/gcc/arm-none-eabi/10.3.1/thumb/v7e-m+fp/hard/crtn.o
 *(.fini)
 .fini          0x08018598        0x4 d:/3.tools/arm_gcc_toolchain/bin/../lib/gcc/arm-none-eabi/10.3.1/thumb/v7e-m+fp/hard/crti.o
                0x08018598                _fini
 .fini          0x0801859c        0x8 d:/3.tools/arm_gcc_toolchain/bin/../lib/gcc/arm-none-eabi/10.3.1/thumb/v7e-m+fp/hard/crtn.o
                0x080185a4                . = ALIGN (0x4)
                0x080185a4                _etext = .

.vfp11_veneer   0x080185a4        0x0
 .vfp11_veneer  0x080185a4        0x0 linker stubs

.v4_bx          0x080185a4        0x0
 .v4_bx         0x080185a4        0x0 linker stubs

.iplt           0x080185a4        0x0
 .iplt          0x080185a4        0x0 d:/3.tools/arm_gcc_toolchain/bin/../lib/gcc/arm-none-eabi/10.3.1/thumb/v7e-m+fp/hard/crtbegin.o

.rodata         0x080185a4     0x209c
                0x080185a4                . = ALIGN (0x4)
 *(.rodata)
 .rodata        0x080185a4       0x5b build/main.o
 *fill*         0x080185ff        0x1 
 .rodata        0x08018600       0x3d build/lcd.o
 *fill*         0x0801863d        0x3 
 .rodata        0x08018640       0x10 build/sd_diskio.o
 .rodata        0x08018650       0x42 build/usbd_desc.o
 *fill*         0x08018692        0x2 
 .rodata        0x08018694       0x54 build/ff.o
 .rodata        0x080186e8        0x5 build/tasks.o
 *(.rodata*)
 *fill*         0x080186ed        0x3 
 .rodata.Font24_Table
                0x080186f0     0x1ab8 build/lcd.o
                0x080186f0                Font24_Table
 .rodata.SD_Driver
                0x0801a1a8       0x14 build/sd_diskio.o
                0x0801a1a8                SD_Driver
 .rodata.STORAGE_Inquirydata_HS
                0x0801a1bc       0x24 build/usbd_storage_if.o
                0x0801a1bc                STORAGE_Inquirydata_HS
 .rodata.flagBitshiftOffset.0
                0x0801a1e0        0x8 build/stm32f7xx_hal_dma.o
 .rodata.AHBPrescTable
                0x0801a1e8       0x10 build/system_stm32f7xx.o
                0x0801a1e8                AHBPrescTable
 .rodata.APBPrescTable
                0x0801a1f8        0x8 build/system_stm32f7xx.o
                0x0801a1f8                APBPrescTable
 .rodata.ExCvt  0x0801a200       0x80 build/ff.o
 .rodata.LfnOfs
                0x0801a280        0xd build/ff.o
 *fill*         0x0801a28d        0x3 
 .rodata.Tbl    0x0801a290      0x100 build/ccsbcs.o
 .rodata.cvt1.1
                0x0801a390      0x1f2 build/ccsbcs.o
 *fill*         0x0801a582        0x2 
 .rodata.cvt2.0
                0x0801a584       0xbc build/ccsbcs.o
                0x0801a640                . = ALIGN (0x4)

.ARM.extab      0x0801a640        0x0
                0x0801a640                . = ALIGN (0x4)
 *(.ARM.extab* .gnu.linkonce.armextab.*)
                0x0801a640                . = ALIGN (0x4)

.ARM            0x0801a640        0x8
                0x0801a640                . = ALIGN (0x4)
                0x0801a640                __exidx_start = .
 *(.ARM.exidx*)
 .ARM.exidx     0x0801a640        0x8 d:/3.tools/arm_gcc_toolchain/bin/../lib/gcc/arm-none-eabi/10.3.1/thumb/v7e-m+fp/hard\libgcc.a(_udivmoddi4.o)
                0x0801a648                __exidx_end = .
                0x0801a648                . = ALIGN (0x4)

.rel.dyn        0x0801a648        0x0
 .rel.iplt      0x0801a648        0x0 d:/3.tools/arm_gcc_toolchain/bin/../lib/gcc/arm-none-eabi/10.3.1/thumb/v7e-m+fp/hard/crtbegin.o

.preinit_array  0x0801a648        0x0
                0x0801a648                . = ALIGN (0x4)
                0x0801a648                PROVIDE (__preinit_array_start = .)
 *(.preinit_array*)
                0x0801a648                PROVIDE (__preinit_array_end = .)
                0x0801a648                . = ALIGN (0x4)

.init_array     0x0801a648        0x4
                0x0801a648                . = ALIGN (0x4)
                0x0801a648                PROVIDE (__init_array_start = .)
 *(SORT_BY_NAME(.init_array.*))
 *(.init_array*)
 .init_array    0x0801a648        0x4 d:/3.tools/arm_gcc_toolchain/bin/../lib/gcc/arm-none-eabi/10.3.1/thumb/v7e-m+fp/hard/crtbegin.o
                0x0801a64c                PROVIDE (__init_array_end = .)
                0x0801a64c                . = ALIGN (0x4)

.fini_array     0x0801a64c        0x4
                0x0801a64c                . = ALIGN (0x4)
                [!provide]                PROVIDE (__fini_array_start = .)
 *(SORT_BY_NAME(.fini_array.*))
 *(.fini_array*)
 .fini_array    0x0801a64c        0x4 d:/3.tools/arm_gcc_toolchain/bin/../lib/gcc/arm-none-eabi/10.3.1/thumb/v7e-m+fp/hard/crtbegin.o
                [!provide]                PROVIDE (__fini_array_end = .)
                0x0801a650                . = ALIGN (0x4)
                0x0801a650                _sidata = LOADADDR (.data)

.data           0x20000000      0x1a8 load address 0x0801a650
                0x20000000                . = ALIGN (0x4)
                0x20000000                _sdata = .
 *(.data)
 *(.data*)
 .data.Font24   0x20000000        0x8 build/lcd.o
                0x20000000                Font24
 .data.Stat     0x20000008        0x1 build/sd_diskio.o
 *fill*         0x20000009        0x3 
 .data.HS_Desc  0x2000000c       0x20 build/usbd_desc.o
                0x2000000c                HS_Desc
 .data.USBD_HS_DeviceDesc
                0x2000002c       0x12 build/usbd_desc.o
                0x2000002c                USBD_HS_DeviceDesc
 *fill*         0x2000003e        0x2 
 .data.USBD_HS_BOSDesc
                0x20000040        0xc build/usbd_desc.o
                0x20000040                USBD_HS_BOSDesc
 .data.USBD_LangIDDesc
                0x2000004c        0x4 build/usbd_desc.o
                0x2000004c                USBD_LangIDDesc
 .data.USBD_StringSerial
                0x20000050       0x1a build/usbd_desc.o
                0x20000050                USBD_StringSerial
 *fill*         0x2000006a        0x2 
 .data.USBD_Storage_Interface_fops_HS
                0x2000006c       0x20 build/usbd_storage_if.o
                0x2000006c                USBD_Storage_Interface_fops_HS
 .data.uwTickPrio
                0x2000008c        0x4 build/stm32f7xx_hal.o
                0x2000008c                uwTickPrio
 .data.uwTickFreq
                0x20000090        0x1 build/stm32f7xx_hal.o
                0x20000090                uwTickFreq
 *fill*         0x20000091        0x3 
 .data.SystemCoreClock
                0x20000094        0x4 build/system_stm32f7xx.o
                0x20000094                SystemCoreClock
 .data.uxCriticalNesting
                0x20000098        0x4 build/port.o
 .data.USBD_MSC
                0x2000009c       0x38 build/usbd_msc.o
                0x2000009c                USBD_MSC
 .data.USBD_MSC_CfgDesc
                0x200000d4       0x20 build/usbd_msc.o
 .data.USBD_MSC_DeviceQualifierDesc
                0x200000f4        0xa build/usbd_msc.o
 .data.MSCInEpAdd
                0x200000fe        0x1 build/usbd_msc.o
                0x200000fe                MSCInEpAdd
 .data.MSCOutEpAdd
                0x200000ff        0x1 build/usbd_msc.o
                0x200000ff                MSCOutEpAdd
 .data.MSC_Page00_Inquiry_Data
                0x20000100        0x6 build/usbd_msc_data.o